ST7565R.c:11:6:glcd_command	16	static
ST7565R.c:17:6:glcd_data	16	static
ST7565R.c:23:6:glcd_set_contrast	16	static
ST7565R.c:38:6:glcd_power_down	8	static
ST7565R.c:49:6:glcd_power_up	8	static
ST7565R.c:59:6:glcd_set_y_address	16	static
ST7565R.c:64:6:glcd_set_x_address	16	static
ST7565R.c:70:6:glcd_all_on	8	static
ST7565R.c:75:6:glcd_normal	8	static
ST7565R.c:80:6:glcd_set_column_upper	16	static
ST7565R.c:85:6:glcd_set_column_lower	16	static
ST7565R.c:90:6:glcd_set_start_line	16	static
ST7565R.c:96:6:glcd_clear_now	16	static
ST7565R.c:109:6:glcd_pattern	16	static
ST7565R.c:122:6:glcd_write	16	static
ST7565R.c:152:6:glcd_ST7565R_init	8	static
