main.c:107:5:main	8	static
main.c:188:6:SystemClock_Config	88	static
main.c:234:13:MX_SPI3_Init	8	static
main.c:272:13:MX_TIM7_Init	16	static
main.c:310:13:MX_USART2_UART_Init	8	static
main.c:343:13:MX_GPIO_Init	48	static
main.c:394:9:correct_Y	16	static
main.c:400:6:drawP1	64	static
main.c:440:6:updateP1	72	static
main.c:495:6:drawP2	56	static
main.c:522:6:updateP2	56	static
main.c:562:6:startDefaultTask	88	static
main.c:638:6:HAL_TIM_PeriodElapsedCallback	16	static
main.c:655:6:Error_Handler	4	static,ignoring_inline_asm
