stm32l4xx_hal_rcc.c:265:19:HAL_RCC_DeInit	16	static
stm32l4xx_hal_rcc.c:403:19:HAL_RCC_OscConfig	40	static
stm32l4xx_hal_rcc.c:1110:19:HAL_RCC_ClockConfig	24	static
stm32l4xx_hal_rcc.c:1346:6:HAL_RCC_MCOConfig	48	static
stm32l4xx_hal_rcc.c:1405:10:HAL_RCC_GetSysClockFreq	40	static
stm32l4xx_hal_rcc.c:1493:10:HAL_RCC_GetHCLKFreq	4	static
stm32l4xx_hal_rcc.c:1504:10:HAL_RCC_GetPCLK1Freq	8	static
stm32l4xx_hal_rcc.c:1516:10:HAL_RCC_GetPCLK2Freq	8	static
stm32l4xx_hal_rcc.c:1529:6:HAL_RCC_GetOscConfig	16	static
stm32l4xx_hal_rcc.c:1688:6:HAL_RCC_GetClockConfig	16	static
stm32l4xx_hal_rcc.c:1723:6:HAL_RCC_EnableCSS	4	static
stm32l4xx_hal_rcc.c:1733:6:HAL_RCC_NMI_IRQHandler	8	static
stm32l4xx_hal_rcc.c:1750:13:HAL_RCC_CSSCallback	4	static
stm32l4xx_hal_rcc.c:1764:10:HAL_RCC_GetResetSource	16	static
stm32l4xx_hal_rcc.c:1794:26:RCC_SetFlashLatencyFromMSIRange	32	static
