lv_cont.h:121:20:lv_cont_set_fit2	24	static
lv_page.h:188:20:lv_page_set_scrl_fit2	16	static
lv_page.h:229:20:lv_page_set_scrl_layout	16	static
lv_btn.h:151:20:lv_btn_set_layout	16	static
lv_btn.h:177:20:lv_btn_set_fit2	16	static
lv_list.h:151:20:lv_list_set_sb_mode	16	static
lv_list.h:300:24:lv_list_get_anim_time	16	static
lv_list.c:66:12:lv_list_create	48	static
lv_list.c:154:6:lv_list_clean	24	static
lv_list.c:173:12:lv_list_add_btn	48	static
lv_list.c:238:6:lv_list_remove	32	static
lv_list.c:265:6:lv_list_set_single_mode	24	static
lv_list.c:280:6:lv_list_set_btn_selected	32	static
lv_list.c:319:6:lv_list_set_style	40	static
lv_list.c:374:6:lv_list_get_single_mode	24	static
lv_list.c:386:14:lv_list_get_btn_text	24	static
lv_list.c:398:12:lv_list_get_btn_label	24	static
lv_list.c:416:12:lv_list_get_btn_img	24	static
lv_list.c:439:12:lv_list_get_prev_btn	24	static
lv_list.c:464:12:lv_list_get_next_btn	24	static
lv_list.c:489:9:lv_list_get_btn_index	24	static
lv_list.c:512:10:lv_list_get_size	24	static
lv_list.c:524:12:lv_list_get_btn_selected	24	static
lv_list.c:538:20:lv_list_get_style	24	static
lv_list.c:566:6:lv_list_up	80	static
lv_list.c:611:6:lv_list_down	64	static
lv_list.c:652:6:lv_list_focus	24	static
lv_list.c:675:17:lv_list_signal	104	static
lv_list.c:829:17:lv_list_btn_signal	64	static
lv_list.c:888:13:lv_list_btn_single_select	24	static
lv_list.c:907:13:lv_list_is_list_btn	56	static
lv_list.c:924:13:lv_list_is_list_label	56	static
lv_list.c:941:13:lv_list_is_list_img	56	static
