main.c:140:5:main	16	static
main.c:245:6:SystemClock_Config	120	static
main.c:308:6:PeriphCommonClock_Config	200	static
main.c:338:13:MX_ADC1_Init	48	static
main.c:403:13:MX_ADC2_Init	40	static
main.c:460:13:MX_ADC3_Init	40	static
main.c:517:13:MX_CRC_Init	8	static
main.c:548:13:MX_HRTIM_Init	144	static
main.c:649:13:MX_LPTIM1_Init	8	static
main.c:685:13:MX_QUADSPI_Init	8	static
main.c:720:13:MX_RTC_Init	8	static
main.c:755:13:MX_SDMMC1_SD_Init	8	static
main.c:786:13:MX_SPI2_Init	8	static
main.c:834:13:MX_TIM1_Init	40	static
main.c:881:13:MX_TIM2_Init	48	static
main.c:930:13:MX_TIM3_Init	56	static
main.c:979:13:MX_TIM5_Init	56	static
main.c:1028:13:MX_TIM8_Init	56	static
main.c:1079:13:MX_TIM12_Init	56	static
main.c:1135:13:MX_UART4_Init	8	static
main.c:1183:13:MX_USART2_UART_Init	8	static
main.c:1231:13:MX_USB_OTG_HS_USB_Init	4	static
main.c:1252:13:MX_WWDG1_Init	8	static
main.c:1280:13:MX_DMA_Init	16	static
main.c:1309:13:MX_FMC_Init	40	static
main.c:1367:13:MX_GPIO_Init	72	static
main.c:1615:13:highPowerTask	24	static
main.c:1639:6:serialParse	16	static
main.c:1664:6:setADCChannel	48	static
main.c:1679:13:adcTask	112	static
main.c:1817:6:StartDefaultTask	16	static
main.c:1836:6:HAL_TIM_PeriodElapsedCallback	16	static
main.c:1853:6:Error_Handler	4	static
