stm32h7xx_hal_msp.c:79:6:HAL_MspInit	16	static
stm32h7xx_hal_msp.c:104:6:HAL_ADC_MspInit	64	static
stm32h7xx_hal_msp.c:227:6:HAL_ADC_MspDeInit	16	static
stm32h7xx_hal_msp.c:317:6:HAL_CRC_MspInit	24	static
stm32h7xx_hal_msp.c:339:6:HAL_CRC_MspDeInit	16	static
stm32h7xx_hal_msp.c:361:6:HAL_HRTIM_MspInit	208	static
stm32h7xx_hal_msp.c:387:6:HAL_HRTIM_MspPostInit	48	static
stm32h7xx_hal_msp.c:428:6:HAL_HRTIM_MspDeInit	16	static
stm32h7xx_hal_msp.c:450:6:HAL_LPTIM_MspInit	240	static
stm32h7xx_hal_msp.c:504:6:HAL_LPTIM_MspDeInit	16	static
stm32h7xx_hal_msp.c:535:6:HAL_QSPI_MspInit	56	static
stm32h7xx_hal_msp.c:598:6:HAL_QSPI_MspDeInit	16	static
stm32h7xx_hal_msp.c:635:6:HAL_RTC_MspInit	208	static
stm32h7xx_hal_msp.c:667:6:HAL_RTC_MspDeInit	16	static
stm32h7xx_hal_msp.c:689:6:HAL_SD_MspInit	56	static
stm32h7xx_hal_msp.c:757:6:HAL_SD_MspDeInit	16	static
stm32h7xx_hal_msp.c:799:6:HAL_SPI_MspInit	232	static
stm32h7xx_hal_msp.c:849:6:HAL_SPI_MspDeInit	16	static
stm32h7xx_hal_msp.c:881:6:HAL_TIM_Base_MspInit	24	static
stm32h7xx_hal_msp.c:914:6:HAL_TIM_PWM_MspInit	24	static
stm32h7xx_hal_msp.c:936:6:HAL_TIM_Encoder_MspInit	64	static
stm32h7xx_hal_msp.c:1014:6:HAL_TIM_MspPostInit	48	static
stm32h7xx_hal_msp.c:1067:6:HAL_TIM_Base_MspDeInit	16	static
stm32h7xx_hal_msp.c:1100:6:HAL_TIM_PWM_MspDeInit	16	static
stm32h7xx_hal_msp.c:1122:6:HAL_TIM_Encoder_MspDeInit	16	static
stm32h7xx_hal_msp.c:1187:6:HAL_UART_MspInit	240	static
stm32h7xx_hal_msp.c:1347:6:HAL_UART_MspDeInit	16	static
stm32h7xx_hal_msp.c:1406:6:HAL_WWDG_MspInit	24	static
stm32h7xx_hal_msp.c:1425:13:HAL_FMC_MspInit	224	static
stm32h7xx_hal_msp.c:1496:6:HAL_SRAM_MspInit	16	static
stm32h7xx_hal_msp.c:1508:13:HAL_FMC_MspDeInit	8	static
stm32h7xx_hal_msp.c:1547:6:HAL_SRAM_MspDeInit	16	static
