stm32h7xx_it.c:82:6:NMI_Handler	4	static
stm32h7xx_it.c:95:6:HardFault_Handler	4	static
stm32h7xx_it.c:110:6:MemManage_Handler	4	static
stm32h7xx_it.c:125:6:BusFault_Handler	4	static
stm32h7xx_it.c:140:6:UsageFault_Handler	4	static
stm32h7xx_it.c:155:6:DebugMon_Handler	4	static
stm32h7xx_it.c:175:6:EXTI0_IRQHandler	8	static
stm32h7xx_it.c:189:6:DMA1_Stream0_IRQHandler	8	static
stm32h7xx_it.c:203:6:DMA1_Stream1_IRQHandler	8	static
stm32h7xx_it.c:217:6:DMA1_Stream2_IRQHandler	8	static
stm32h7xx_it.c:231:6:DMA1_Stream3_IRQHandler	8	static
stm32h7xx_it.c:245:6:DMA1_Stream4_IRQHandler	8	static
stm32h7xx_it.c:259:6:DMA1_Stream5_IRQHandler	8	static
stm32h7xx_it.c:273:6:ADC_IRQHandler	8	static
stm32h7xx_it.c:288:6:SPI2_IRQHandler	8	static
stm32h7xx_it.c:302:6:USART2_IRQHandler	8	static
stm32h7xx_it.c:316:6:EXTI15_10_IRQHandler	8	static
stm32h7xx_it.c:335:6:UART4_IRQHandler	8	static
stm32h7xx_it.c:349:6:TIM6_DAC_IRQHandler	8	static
