main.c:176:9:getRandomValue	24	static
main.c:182:6:insertRandomValue	32	static
main.c:190:6:Bus_Metrics_Generator	24	static
main.c:205:6:MC2_State_Generator	24	static
main.c:215:6:Cell_Metrics_Generator	24	static
main.c:222:6:PPT_Metrics_Generator	32	static
main.c:243:6:Speed_Pulse_Reading_Generator	24	static
main.c:249:6:BBox_Startup_Generator	24	static
main.c:256:6:BSD_Generator	24	static
main.c:260:6:Motor_Temperature_Generator	24	static
main.c:266:6:PPTBox_Startup_Generator	24	static
main.c:273:6:BMS_MCU_Status_Generator	24	static
main.c:277:6:Light_State_Generator	24	static
main.c:282:6:Horn_State_Generator	24	static
main.c:289:6:LP_Bus_Metrics_Generator	24	static
main.c:305:6:Core_Temp_Generator	24	static
main.c:310:6:Heartbeat_Generator	16	static
main.c:317:6:dummySend	328	static
main.c:393:6:BBMB	16	static
main.c:447:6:PPTMB	16	static
main.c:487:6:MCMB	16	static
main.c:533:6:DCMB	16	static
main.c:596:5:main	8	static
main.c:645:6:SystemClock_Config	96	static
main.c:693:13:MX_CRC_Init	8	static
main.c:724:13:MX_USART2_UART_Init	8	static
main.c:759:13:MX_GPIO_Init	48	static
main.c:795:6:Error_Handler	4	static,ignoring_inline_asm
