main.c:177:9:getRandomValue	24	static
main.c:183:6:insertRandomValue	32	static
main.c:191:6:Bus_Metrics_Generator	24	static
main.c:206:6:MC2_State_Generator	24	static
main.c:217:6:Cell_Metrics_Generator	24	static
main.c:224:6:PPT_Metrics_Generator	32	static
main.c:245:6:Speed_Pulse_Reading_Generator	24	static
main.c:251:6:BBox_Startup_Generator	24	static
main.c:258:6:BSD_Generator	24	static
main.c:262:6:Motor_Temperature_Generator	24	static
main.c:268:6:PPTBox_Startup_Generator	24	static
main.c:275:6:BMS_MCU_Status_Generator	24	static
main.c:279:6:PSM_Data_Generator	16	static
main.c:285:6:Light_State_Generator	24	static
main.c:290:6:Horn_State_Generator	24	static
main.c:297:6:LP_Bus_Metrics_Generator	24	static
main.c:313:6:Core_Temp_Generator	24	static
main.c:318:6:Heartbeat_Generator	16	static
main.c:325:6:dummySend	328	static
main.c:394:6:BBMB	16	static
main.c:448:6:PPTMB	16	static
main.c:488:6:MCMB	16	static
main.c:540:6:DCMB	16	static
main.c:603:5:main	8	static
main.c:652:6:SystemClock_Config	96	static
main.c:700:13:MX_CRC_Init	8	static
main.c:731:13:MX_USART2_UART_Init	8	static
main.c:766:13:MX_GPIO_Init	48	static
main.c:802:6:Error_Handler	4	static,ignoring_inline_asm
