Archive member included to satisfy reference by file (symbol)

c:/st/stm32cubeide_1.8.0/stm32cubeide/plugins/com.st.stm32cube.ide.mcu.externaltools.gnu-tools-for-stm32.9-2020-q2-update.win32_2.0.0.202105311346/tools/bin/../lib/gcc/arm-none-eabi/9.3.1/../../../../arm-none-eabi/lib/thumb/v7e-m+fp/hard\libc_nano.a(lib_a-errno.o)
                              ./Core/Src/syscalls.o (__errno)
c:/st/stm32cubeide_1.8.0/stm32cubeide/plugins/com.st.stm32cube.ide.mcu.externaltools.gnu-tools-for-stm32.9-2020-q2-update.win32_2.0.0.202105311346/tools/bin/../lib/gcc/arm-none-eabi/9.3.1/../../../../arm-none-eabi/lib/thumb/v7e-m+fp/hard\libc_nano.a(lib_a-exit.o)
                              c:/st/stm32cubeide_1.8.0/stm32cubeide/plugins/com.st.stm32cube.ide.mcu.externaltools.gnu-tools-for-stm32.9-2020-q2-update.win32_2.0.0.202105311346/tools/bin/../lib/gcc/arm-none-eabi/9.3.1/../../../../arm-none-eabi/lib/thumb/v7e-m+fp/hard/crt0.o (exit)
c:/st/stm32cubeide_1.8.0/stm32cubeide/plugins/com.st.stm32cube.ide.mcu.externaltools.gnu-tools-for-stm32.9-2020-q2-update.win32_2.0.0.202105311346/tools/bin/../lib/gcc/arm-none-eabi/9.3.1/../../../../arm-none-eabi/lib/thumb/v7e-m+fp/hard\libc_nano.a(lib_a-findfp.o)
                              ./Middlewares/Third_Party/FreeRTOS/Source/tasks.o (__sf_fake_stderr)
c:/st/stm32cubeide_1.8.0/stm32cubeide/plugins/com.st.stm32cube.ide.mcu.externaltools.gnu-tools-for-stm32.9-2020-q2-update.win32_2.0.0.202105311346/tools/bin/../lib/gcc/arm-none-eabi/9.3.1/../../../../arm-none-eabi/lib/thumb/v7e-m+fp/hard\libc_nano.a(lib_a-fwalk.o)
                              c:/st/stm32cubeide_1.8.0/stm32cubeide/plugins/com.st.stm32cube.ide.mcu.externaltools.gnu-tools-for-stm32.9-2020-q2-update.win32_2.0.0.202105311346/tools/bin/../lib/gcc/arm-none-eabi/9.3.1/../../../../arm-none-eabi/lib/thumb/v7e-m+fp/hard\libc_nano.a(lib_a-findfp.o) (_fwalk)
c:/st/stm32cubeide_1.8.0/stm32cubeide/plugins/com.st.stm32cube.ide.mcu.externaltools.gnu-tools-for-stm32.9-2020-q2-update.win32_2.0.0.202105311346/tools/bin/../lib/gcc/arm-none-eabi/9.3.1/../../../../arm-none-eabi/lib/thumb/v7e-m+fp/hard\libc_nano.a(lib_a-impure.o)
                              c:/st/stm32cubeide_1.8.0/stm32cubeide/plugins/com.st.stm32cube.ide.mcu.externaltools.gnu-tools-for-stm32.9-2020-q2-update.win32_2.0.0.202105311346/tools/bin/../lib/gcc/arm-none-eabi/9.3.1/../../../../arm-none-eabi/lib/thumb/v7e-m+fp/hard\libc_nano.a(lib_a-exit.o) (_global_impure_ptr)
c:/st/stm32cubeide_1.8.0/stm32cubeide/plugins/com.st.stm32cube.ide.mcu.externaltools.gnu-tools-for-stm32.9-2020-q2-update.win32_2.0.0.202105311346/tools/bin/../lib/gcc/arm-none-eabi/9.3.1/../../../../arm-none-eabi/lib/thumb/v7e-m+fp/hard\libc_nano.a(lib_a-init.o)
                              c:/st/stm32cubeide_1.8.0/stm32cubeide/plugins/com.st.stm32cube.ide.mcu.externaltools.gnu-tools-for-stm32.9-2020-q2-update.win32_2.0.0.202105311346/tools/bin/../lib/gcc/arm-none-eabi/9.3.1/../../../../arm-none-eabi/lib/thumb/v7e-m+fp/hard/crt0.o (__libc_init_array)
c:/st/stm32cubeide_1.8.0/stm32cubeide/plugins/com.st.stm32cube.ide.mcu.externaltools.gnu-tools-for-stm32.9-2020-q2-update.win32_2.0.0.202105311346/tools/bin/../lib/gcc/arm-none-eabi/9.3.1/../../../../arm-none-eabi/lib/thumb/v7e-m+fp/hard\libc_nano.a(lib_a-lock.o)
                              c:/st/stm32cubeide_1.8.0/stm32cubeide/plugins/com.st.stm32cube.ide.mcu.externaltools.gnu-tools-for-stm32.9-2020-q2-update.win32_2.0.0.202105311346/tools/bin/../lib/gcc/arm-none-eabi/9.3.1/../../../../arm-none-eabi/lib/thumb/v7e-m+fp/hard\libc_nano.a(lib_a-findfp.o) (__retarget_lock_init_recursive)
c:/st/stm32cubeide_1.8.0/stm32cubeide/plugins/com.st.stm32cube.ide.mcu.externaltools.gnu-tools-for-stm32.9-2020-q2-update.win32_2.0.0.202105311346/tools/bin/../lib/gcc/arm-none-eabi/9.3.1/../../../../arm-none-eabi/lib/thumb/v7e-m+fp/hard\libc_nano.a(lib_a-memcpy-stub.o)
                              ./Core/Src/glcd.o (memcpy)
c:/st/stm32cubeide_1.8.0/stm32cubeide/plugins/com.st.stm32cube.ide.mcu.externaltools.gnu-tools-for-stm32.9-2020-q2-update.win32_2.0.0.202105311346/tools/bin/../lib/gcc/arm-none-eabi/9.3.1/../../../../arm-none-eabi/lib/thumb/v7e-m+fp/hard\libc_nano.a(lib_a-memset.o)
                              c:/st/stm32cubeide_1.8.0/stm32cubeide/plugins/com.st.stm32cube.ide.mcu.externaltools.gnu-tools-for-stm32.9-2020-q2-update.win32_2.0.0.202105311346/tools/bin/../lib/gcc/arm-none-eabi/9.3.1/../../../../arm-none-eabi/lib/thumb/v7e-m+fp/hard/crt0.o (memset)
c:/st/stm32cubeide_1.8.0/stm32cubeide/plugins/com.st.stm32cube.ide.mcu.externaltools.gnu-tools-for-stm32.9-2020-q2-update.win32_2.0.0.202105311346/tools/bin/../lib/gcc/arm-none-eabi/9.3.1/../../../../arm-none-eabi/lib/thumb/v7e-m+fp/hard\libc_nano.a(lib_a-nano-mallocr.o)
[...]
Memory Configuration

Name             Origin             Length             Attributes
RAM              0x0000000020000000 0x0000000000020000 xrw
FLASH            0x0000000008000000 0x0000000000080000 xr
*default*        0x0000000000000000 0xffffffffffffffff

Linker script and memory map

LOAD c:/st/stm32cubeide_1.8.0/stm32cubeide/plugins/com.st.stm32cube.ide.mcu.externaltools.gnu-tools-for-stm32.9-2020-q2-update.win32_2.0.0.202105311346/tools/bin/../lib/gcc/arm-none-eabi/9.3.1/thumb/v7e-m+fp/hard/crti.o
LOAD c:/st/stm32cubeide_1.8.0/stm32cubeide/plugins/com.st.stm32cube.ide.mcu.externaltools.gnu-tools-for-stm32.9-2020-q2-update.win32_2.0.0.202105311346/tools/bin/../lib/gcc/arm-none-eabi/9.3.1/thumb/v7e-m+fp/hard/crtbegin.o
LOAD c:/st/stm32cubeide_1.8.0/stm32cubeide/plugins/com.st.stm32cube.ide.mcu.externaltools.gnu-tools-for-stm32.9-2020-q2-update.win32_2.0.0.202105311346/tools/bin/../lib/gcc/arm-none-eabi/9.3.1/../../../../arm-none-eabi/lib/thumb/v7e-m+fp/hard/crt0.o
LOAD ./Core/Inc/controllers/NT75451.o
LOAD ./Core/Inc/controllers/PCD8544.o
LOAD ./Core/Inc/controllers/ST7565R.o
LOAD ./Core/Inc/devices/AVR8.o
LOAD ./Core/Inc/devices/LPC111x.o
LOAD ./Core/Inc/devices/LPC11Uxx.o
LOAD ./Core/Inc/devices/PIC24H.o
LOAD ./Core/Inc/devices/PIC32.o
LOAD ./Core/Inc/devices/STM32F0xx.o
LOAD ./Core/Inc/devices/STM32F10x.o
LOAD ./Core/Inc/devices/STM32F4.o
LOAD ./Core/Src/freertos.o
LOAD ./Core/Src/glcd.o
LOAD ./Core/Src/graphics.o
LOAD ./Core/Src/graphs.o
LOAD ./Core/Src/main.o
LOAD ./Core/Src/stm32f4xx_hal_msp.o
LOAD ./Core/Src/stm32f4xx_hal_timebase_tim.o
LOAD ./Core/Src/stm32f4xx_it.o
LOAD ./Core/Src/syscalls.o
LOAD ./Core/Src/sysmem.o
LOAD ./Core/Src/system_stm32f4xx.o
LOAD ./Core/Src/text.o
LOAD ./Core/Src/text_tiny.o
LOAD ./Core/Src/unit_tests.o
LOAD ./Core/Startup/startup_stm32f446retx.o
LOAD ./Drivers/STM32F4xx_HAL_Driver/Src/stm32f4xx_hal.o
LOAD ./Drivers/STM32F4xx_HAL_Driver/Src/stm32f4xx_hal_cortex.o
LOAD ./Drivers/STM32F4xx_HAL_Driver/Src/stm32f4xx_hal_dma.o
LOAD ./Drivers/STM32F4xx_HAL_Driver/Src/stm32f4xx_hal_dma_ex.o
LOAD ./Drivers/STM32F4xx_HAL_Driver/Src/stm32f4xx_hal_exti.o
LOAD ./Drivers/STM32F4xx_HAL_Driver/Src/stm32f4xx_hal_flash.o
LOAD ./Drivers/STM32F4xx_HAL_Driver/Src/stm32f4xx_hal_flash_ex.o
LOAD ./Drivers/STM32F4xx_HAL_Driver/Src/stm32f4xx_hal_flash_ramfunc.o
LOAD ./Drivers/STM32F4xx_HAL_Driver/Src/stm32f4xx_hal_gpio.o
LOAD ./Drivers/STM32F4xx_HAL_Driver/Src/stm32f4xx_hal_pwr.o
LOAD ./Drivers/STM32F4xx_HAL_Driver/Src/stm32f4xx_hal_pwr_ex.o
LOAD ./Drivers/STM32F4xx_HAL_Driver/Src/stm32f4xx_hal_rcc.o
LOAD ./Drivers/STM32F4xx_HAL_Driver/Src/stm32f4xx_hal_rcc_ex.o
LOAD ./Drivers/STM32F4xx_HAL_Driver/Src/stm32f4xx_hal_spi.o
LOAD ./Drivers/STM32F4xx_HAL_Driver/Src/stm32f4xx_hal_tim.o
LOAD ./Drivers/STM32F4xx_HAL_Driver/Src/stm32f4xx_hal_tim_ex.o
LOAD ./Drivers/STM32F4xx_HAL_Driver/Src/stm32f4xx_hal_uart.o
LOAD ./Middlewares/Third_Party/FreeRTOS/Source/CMSIS_RTOS_V2/cmsis_os2.o
LOAD ./Middlewares/Third_Party/FreeRTOS/Source/croutine.o
LOAD ./Middlewares/Third_Party/FreeRTOS/Source/event_groups.o
LOAD ./Middlewares/Third_Party/FreeRTOS/Source/list.o
LOAD ./Middlewares/Third_Party/FreeRTOS/Source/queue.o
LOAD ./Middlewares/Third_Party/FreeRTOS/Source/stream_buffer.o
LOAD ./Middlewares/Third_Party/FreeRTOS/Source/tasks.o
LOAD ./Middlewares/Third_Party/FreeRTOS/Source/timers.o
LOAD ./Middlewares/Third_Party/FreeRTOS/Source/portable/GCC/ARM_CM4F/port.o
LOAD ./Middlewares/Third_Party/FreeRTOS/Source/portable/MemMang/heap_4.o
START GROUP
LOAD c:/st/stm32cubeide_1.8.0/stm32cubeide/plugins/com.st.stm32cube.ide.mcu.externaltools.gnu-tools-for-stm32.9-2020-q2-update.win32_2.0.0.202105311346/tools/bin/../lib/gcc/arm-none-eabi/9.3.1/../../../../arm-none-eabi/lib/thumb/v7e-m+fp/hard\libc_nano.a
LOAD c:/st/stm32cubeide_1.8.0/stm32cubeide/plugins/com.st.stm32cube.ide.mcu.externaltools.gnu-tools-for-stm32.9-2020-q2-update.win32_2.0.0.202105311346/tools/bin/../lib/gcc/arm-none-eabi/9.3.1/../../../../arm-none-eabi/lib/thumb/v7e-m+fp/hard\libm.a
END GROUP
START GROUP
LOAD c:/st/stm32cubeide_1.8.0/stm32cubeide/plugins/com.st.stm32cube.ide.mcu.externaltools.gnu-tools-for-stm32.9-2020-q2-update.win32_2.0.0.202105311346/tools/bin/../lib/gcc/arm-none-eabi/9.3.1/thumb/v7e-m+fp/hard\libgcc.a
LOAD c:/st/stm32cubeide_1.8.0/stm32cubeide/plugins/com.st.stm32cube.ide.mcu.externaltools.gnu-tools-for-stm32.9-2020-q2-update.win32_2.0.0.202105311346/tools/bin/../lib/gcc/arm-none-eabi/9.3.1/../../../../arm-none-eabi/lib/thumb/v7e-m+fp/hard\libc_nano.a
END GROUP
START GROUP
LOAD c:/st/stm32cubeide_1.8.0/stm32cubeide/plugins/com.st.stm32cube.ide.mcu.externaltools.gnu-tools-for-stm32.9-2020-q2-update.win32_2.0.0.202105311346/tools/bin/../lib/gcc/arm-none-eabi/9.3.1/thumb/v7e-m+fp/hard\libgcc.a
LOAD c:/st/stm32cubeide_1.8.0/stm32cubeide/plugins/com.st.stm32cube.ide.mcu.externaltools.gnu-tools-for-stm32.9-2020-q2-update.win32_2.0.0.202105311346/tools/bin/../lib/gcc/arm-none-eabi/9.3.1/../../../../arm-none-eabi/lib/thumb/v7e-m+fp/hard\libc_nano.a
LOAD c:/st/stm32cubeide_1.8.0/stm32cubeide/plugins/com.st.stm32cube.ide.mcu.externaltools.gnu-tools-for-stm32.9-2020-q2-update.win32_2.0.0.202105311346/tools/bin/../lib/gcc/arm-none-eabi/9.3.1/../../../../arm-none-eabi/lib/thumb/v7e-m+fp/hard\libnosys.a
END GROUP
START GROUP
LOAD c:/st/stm32cubeide_1.8.0/stm32cubeide/plugins/com.st.stm32cube.ide.mcu.externaltools.gnu-tools-for-stm32.9-2020-q2-update.win32_2.0.0.202105311346/tools/bin/../lib/gcc/arm-none-eabi/9.3.1/thumb/v7e-m+fp/hard\libgcc.a
LOAD c:/st/stm32cubeide_1.8.0/stm32cubeide/plugins/com.st.stm32cube.ide.mcu.externaltools.gnu-tools-for-stm32.9-2020-q2-update.win32_2.0.0.202105311346/tools/bin/../lib/gcc/arm-none-eabi/9.3.1/../../../../arm-none-eabi/lib/thumb/v7e-m+fp/hard\libc_nano.a
LOAD c:/st/stm32cubeide_1.8.0/stm32cubeide/plugins/com.st.stm32cube.ide.mcu.externaltools.gnu-tools-for-stm32.9-2020-q2-update.win32_2.0.0.202105311346/tools/bin/../lib/gcc/arm-none-eabi/9.3.1/../../../../arm-none-eabi/lib/thumb/v7e-m+fp/hard\libnosys.a
END GROUP
LOAD c:/st/stm32cubeide_1.8.0/stm32cubeide/plugins/com.st.stm32cube.ide.mcu.externaltools.gnu-tools-for-stm32.9-2020-q2-update.win32_2.0.0.202105311346/tools/bin/../lib/gcc/arm-none-eabi/9.3.1/thumb/v7e-m+fp/hard/crtend.o
LOAD c:/st/stm32cubeide_1.8.0/stm32cubeide/plugins/com.st.stm32cube.ide.mcu.externaltools.gnu-tools-for-stm32.9-2020-q2-update.win32_2.0.0.202105311346/tools/bin/../lib/gcc/arm-none-eabi/9.3.1/thumb/v7e-m+fp/hard/crtn.o
                0x0000000020020000                _estack = (ORIGIN (RAM) + LENGTH (RAM))
                0x0000000000000200                _Min_Heap_Size = 0x200
                0x0000000000000400                _Min_Stack_Size = 0x400

.isr_vector     0x0000000008000000      0x1c4
                0x0000000008000000                . = ALIGN (0x4)
 *(.isr_vector)
 .isr_vector    0x0000000008000000      0x1c4 ./Core/Startup/startup_stm32f446retx.o
                0x0000000008000000                g_pfnVectors
                0x00000000080001c4                . = ALIGN (0x4)

.text           0x00000000080001d0     0x5df8
                0x00000000080001d0                . = ALIGN (0x4)
 *(.text)
 .text          0x00000000080001d0       0x40 c:/st/stm32cubeide_1.8.0/stm32cubeide/plugins/com.st.stm32cube.ide.mcu.externaltools.gnu-tools-for-stm32.9-2020-q2-update.win32_2.0.0.202105311346/tools/bin/../lib/gcc/arm-none-eabi/9.3.1/thumb/v7e-m+fp/hard/crtbegin.o
 .text          0x0000000008000210       0x30 c:/st/stm32cubeide_1.8.0/stm32cubeide/plugins/com.st.stm32cube.ide.mcu.externaltools.gnu-tools-for-stm32.9-2020-q2-update.win32_2.0.0.202105311346/tools/bin/../lib/gcc/arm-none-eabi/9.3.1/thumb/v7e-m+fp/hard\libgcc.a(_aeabi_uldivmod.o)
                0x0000000008000210                __aeabi_uldivmod
 .text          0x0000000008000240      0x2c4 c:/st/stm32cubeide_1.8.0/stm32cubeide/plugins/com.st.stm32cube.ide.mcu.externaltools.gnu-tools-for-stm32.9-2020-q2-update.win32_2.0.0.202105311346/tools/bin/../lib/gcc/arm-none-eabi/9.3.1/thumb/v7e-m+fp/hard\libgcc.a(_udivmoddi4.o)
                0x0000000008000240                __udivmoddi4
 .text          0x0000000008000504        0x4 c:/st/stm32cubeide_1.8.0/stm32cubeide/plugins/com.st.stm32cube.ide.mcu.externaltools.gnu-tools-for-stm32.9-2020-q2-update.win32_2.0.0.202105311346/tools/bin/../lib/gcc/arm-none-eabi/9.3.1/thumb/v7e-m+fp/hard\libgcc.a(_dvmd_tls.o)
                0x0000000008000504                __aeabi_idiv0
                0x0000000008000504                __aeabi_ldiv0
 *(.text*)
 .text.glcd_command
                0x0000000008000508       0x2c ./Core/Inc/controllers/ST7565R.o
                0x0000000008000508                glcd_command
 .text.glcd_data
                0x0000000008000534       0x2c ./Core/Inc/controllers/ST7565R.o
                0x0000000008000534                glcd_data
 .text.glcd_set_contrast
                0x0000000008000560       0x2e ./Core/Inc/controllers/ST7565R.o
                0x0000000008000560                glcd_set_contrast
 .text.glcd_set_y_address
                0x000000000800058e       0x26 ./Core/Inc/controllers/ST7565R.o
                0x000000000800058e                glcd_set_y_address
 .text.glcd_set_x_address
                0x00000000080005b4       0x22 ./Core/Inc/controllers/ST7565R.o
                0x00000000080005b4                glcd_set_x_address
 .text.glcd_set_column_upper
                0x00000000080005d6       0x24 ./Core/Inc/controllers/ST7565R.o
                0x00000000080005d6                glcd_set_column_upper
 .text.glcd_set_column_lower
                0x00000000080005fa       0x20 ./Core/Inc/controllers/ST7565R.o
                0x00000000080005fa                glcd_set_column_lower
 *fill*         0x000000000800061a        0x2 
 .text.glcd_write
                0x000000000800061c       0x9c ./Core/Inc/controllers/ST7565R.o
                0x000000000800061c                glcd_write
 .text.glcd_ST7565R_init
                0x00000000080006b8       0x38 ./Core/Inc/controllers/ST7565R.o
                0x00000000080006b8                glcd_ST7565R_init
 .text.glcd_init
                0x00000000080006f0       0x34 ./Core/Inc/devices/STM32F4.o
                0x00000000080006f0                glcd_init
 .text.glcd_enable_backlight
                0x0000000008000724       0x16 ./Core/Inc/devices/STM32F4.o
                0x0000000008000724                glcd_enable_backlight
 *fill*         0x000000000800073a        0x2 
 .text.glcd_spi_write
                0x000000000800073c       0x3c ./Core/Inc/devices/STM32F4.o
                0x000000000800073c                glcd_spi_write
 .text.glcd_reset
                0x0000000008000778       0x44 ./Core/Inc/devices/STM32F4.o
                0x0000000008000778                glcd_reset
 .text.delay_ms
                0x00000000080007bc       0x16 ./Core/Inc/devices/STM32F4.o
                0x00000000080007bc                delay_ms
 *fill*         0x00000000080007d2        0x2 
 .text.glcd_update_bbox
                0x00000000080007d4       0xa8 ./Core/Src/glcd.o
                0x00000000080007d4                glcd_update_bbox
 .text.glcd_reset_bbox
                0x000000000800087c       0x34 ./Core/Src/glcd.o
                0x000000000800087c                glcd_reset_bbox
 .text.glcd_clear
                0x00000000080008b0       0x2c ./Core/Src/glcd.o
                0x00000000080008b0                glcd_clear
 .text.glcd_select_screen
                0x00000000080008dc       0x2c ./Core/Src/glcd.o
                0x00000000080008dc                glcd_select_screen
 .text.glcd_set_pixel
                0x0000000008000908       0xb0 ./Core/Src/graphics.o
                0x0000000008000908                glcd_set_pixel
 .text.main     0x00000000080009b8       0x44 ./Core/Src/main.o
                0x00000000080009b8                main
 .text.SystemClock_Config
                0x00000000080009fc       0xdc ./Core/Src/main.o
                0x00000000080009fc                SystemClock_Config
 .text.MX_SPI3_Init
                0x0000000008000ad8       0x6c ./Core/Src/main.o
 .text.MX_TIM7_Init
                0x0000000008000b44       0x6c ./Core/Src/main.o
 .text.MX_USART2_UART_Init
                0x0000000008000bb0       0x54 ./Core/Src/main.o
 .text.MX_GPIO_Init
                0x0000000008000c04      0x134 ./Core/Src/main.o
 .text.startDefaultTask
                0x0000000008000d38       0xf2 ./Core/Src/main.o
                0x0000000008000d38                startDefaultTask
 *fill*         0x0000000008000e2a        0x2 
 .text.HAL_TIM_PeriodElapsedCallback
                0x0000000008000e2c       0x24 ./Core/Src/main.o
                0x0000000008000e2c                HAL_TIM_PeriodElapsedCallback
 .text.Error_Handler
                0x0000000008000e50        0xa ./Core/Src/main.o
                0x0000000008000e50                Error_Handler
 *fill*         0x0000000008000e5a        0x2 
 .text.HAL_MspInit
                0x0000000008000e5c       0x58 ./Core/Src/stm32f4xx_hal_msp.o
                0x0000000008000e5c                HAL_MspInit
 .text.HAL_SPI_MspInit
                0x0000000008000eb4       0xd0 ./Core/Src/stm32f4xx_hal_msp.o
                0x0000000008000eb4                HAL_SPI_MspInit
 .text.HAL_TIM_Base_MspInit
                0x0000000008000f84       0x44 ./Core/Src/stm32f4xx_hal_msp.o
                0x0000000008000f84                HAL_TIM_Base_MspInit
 .text.HAL_UART_MspInit
                0x0000000008000fc8       0x90 ./Core/Src/stm32f4xx_hal_msp.o
                0x0000000008000fc8                HAL_UART_MspInit
 .text.HAL_InitTick
                0x0000000008001058       0xb4 ./Core/Src/stm32f4xx_hal_timebase_tim.o
                0x0000000008001058                HAL_InitTick
 .text.NMI_Handler
                0x000000000800110c        0x6 ./Core/Src/stm32f4xx_it.o
                0x000000000800110c                NMI_Handler
 .text.HardFault_Handler
                0x0000000008001112        0x6 ./Core/Src/stm32f4xx_it.o
                0x0000000008001112                HardFault_Handler
 .text.MemManage_Handler
                0x0000000008001118        0x6 ./Core/Src/stm32f4xx_it.o
                0x0000000008001118                MemManage_Handler
 .text.BusFault_Handler
                0x000000000800111e        0x6 ./Core/Src/stm32f4xx_it.o
                0x000000000800111e                BusFault_Handler
 .text.UsageFault_Handler
                0x0000000008001124        0x6 ./Core/Src/stm32f4xx_it.o
                0x0000000008001124                UsageFault_Handler
 .text.DebugMon_Handler
                0x000000000800112a        0xe ./Core/Src/stm32f4xx_it.o
                0x000000000800112a                DebugMon_Handler
 .text.TIM6_DAC_IRQHandler
                0x0000000008001138       0x14 ./Core/Src/stm32f4xx_it.o
                0x0000000008001138                TIM6_DAC_IRQHandler
 .text.SystemInit
                0x000000000800114c       0x24 ./Core/Src/system_stm32f4xx.o
                0x000000000800114c                SystemInit
 .text.Reset_Handler
                0x0000000008001170       0x50 ./Core/Startup/startup_stm32f446retx.o
                0x0000000008001170                Reset_Handler
 .text.Default_Handler
                0x00000000080011c0        0x2 ./Core/Startup/startup_stm32f446retx.o
                0x00000000080011c0                RTC_Alarm_IRQHandler
                0x00000000080011c0                EXTI2_IRQHandler
                0x00000000080011c0                TIM8_CC_IRQHandler
                0x00000000080011c0                FMPI2C1_EV_IRQHandler
                0x00000000080011c0                SPI4_IRQHandler
                0x00000000080011c0                TIM1_CC_IRQHandler
                0x00000000080011c0                DMA2_Stream5_IRQHandler
                0x00000000080011c0                DMA1_Stream5_IRQHandler
                0x00000000080011c0                PVD_IRQHandler
                0x00000000080011c0                SDIO_IRQHandler
                0x00000000080011c0                TAMP_STAMP_IRQHandler
                0x00000000080011c0                CAN2_RX1_IRQHandler
                0x00000000080011c0                EXTI3_IRQHandler
                0x00000000080011c0                TIM8_TRG_COM_TIM14_IRQHandler
                0x00000000080011c0                TIM1_UP_TIM10_IRQHandler
                0x00000000080011c0                TIM8_UP_TIM13_IRQHandler
                0x00000000080011c0                I2C3_ER_IRQHandler
                0x00000000080011c0                EXTI0_IRQHandler
                0x00000000080011c0                I2C2_EV_IRQHandler
                0x00000000080011c0                DMA1_Stream2_IRQHandler
                0x00000000080011c0                CAN1_RX0_IRQHandler
                0x00000000080011c0                FPU_IRQHandler
                0x00000000080011c0                OTG_HS_WKUP_IRQHandler
                0x00000000080011c0                CAN2_SCE_IRQHandler
                0x00000000080011c0                DMA2_Stream2_IRQHandler
                0x00000000080011c0                SPI1_IRQHandler
                0x00000000080011c0                TIM1_BRK_TIM9_IRQHandler
                0x00000000080011c0                DCMI_IRQHandler
                0x00000000080011c0                CAN2_RX0_IRQHandler
                0x00000000080011c0                DMA2_Stream3_IRQHandler
                0x00000000080011c0                SAI2_IRQHandler
                0x00000000080011c0                USART6_IRQHandler
                0x00000000080011c0                USART3_IRQHandler
                0x00000000080011c0                CAN1_RX1_IRQHandler
                0x00000000080011c0                UART5_IRQHandler
                0x00000000080011c0                DMA2_Stream0_IRQHandler
                0x00000000080011c0                TIM4_IRQHandler
                0x00000000080011c0                QUADSPI_IRQHandler
                0x00000000080011c0                I2C1_EV_IRQHandler
                0x00000000080011c0                DMA1_Stream6_IRQHandler
                0x00000000080011c0                DMA1_Stream1_IRQHandler
                0x00000000080011c0                UART4_IRQHandler
                0x00000000080011c0                TIM3_IRQHandler
                0x00000000080011c0                RCC_IRQHandler
                0x00000000080011c0                TIM8_BRK_TIM12_IRQHandler
                0x00000000080011c0                Default_Handler
                0x00000000080011c0                CEC_IRQHandler
                0x00000000080011c0                EXTI15_10_IRQHandler
                0x00000000080011c0                ADC_IRQHandler
                0x00000000080011c0                DMA1_Stream7_IRQHandler
                0x00000000080011c0                TIM7_IRQHandler
                0x00000000080011c0                CAN2_TX_IRQHandler
                0x00000000080011c0                TIM5_IRQHandler
                0x00000000080011c0                DMA2_Stream7_IRQHandler
                0x00000000080011c0                I2C3_EV_IRQHandler
                0x00000000080011c0                EXTI9_5_IRQHandler
                0x00000000080011c0                RTC_WKUP_IRQHandler
                0x00000000080011c0                SPDIF_RX_IRQHandler
                0x00000000080011c0                SPI2_IRQHandler
                0x00000000080011c0                OTG_HS_EP1_IN_IRQHandler
                0x00000000080011c0                DMA1_Stream0_IRQHandler
                0x00000000080011c0                CAN1_TX_IRQHandler
                0x00000000080011c0                FMPI2C1_ER_IRQHandler
                0x00000000080011c0                EXTI4_IRQHandler
                0x00000000080011c0                OTG_HS_EP1_OUT_IRQHandler
                0x00000000080011c0                WWDG_IRQHandler
                0x00000000080011c0                TIM2_IRQHandler
                0x00000000080011c0                OTG_FS_WKUP_IRQHandler
                0x00000000080011c0                TIM1_TRG_COM_TIM11_IRQHandler
                0x00000000080011c0                OTG_HS_IRQHandler
                0x00000000080011c0                EXTI1_IRQHandler
                0x00000000080011c0                USART2_IRQHandler
                0x00000000080011c0                I2C2_ER_IRQHandler
                0x00000000080011c0                DMA2_Stream1_IRQHandler
                0x00000000080011c0                CAN1_SCE_IRQHandler
                0x00000000080011c0                FLASH_IRQHandler
                0x00000000080011c0                DMA2_Stream4_IRQHandler
                0x00000000080011c0                USART1_IRQHandler
                0x00000000080011c0                OTG_FS_IRQHandler
                0x00000000080011c0                SPI3_IRQHandler
                0x00000000080011c0                DMA1_Stream4_IRQHandler
                0x00000000080011c0                I2C1_ER_IRQHandler
                0x00000000080011c0                FMC_IRQHandler
                0x00000000080011c0                DMA2_Stream6_IRQHandler
                0x00000000080011c0                SAI1_IRQHandler
                0x00000000080011c0                DMA1_Stream3_IRQHandler
 *fill*         0x00000000080011c2        0x2 
 .text.HAL_Init
                0x00000000080011c4       0x44 ./Drivers/STM32F4xx_HAL_Driver/Src/stm32f4xx_hal.o
                0x00000000080011c4                HAL_Init
 .text.HAL_IncTick
                0x0000000008001208       0x28 ./Drivers/STM32F4xx_HAL_Driver/Src/stm32f4xx_hal.o
                0x0000000008001208                HAL_IncTick
 .text.HAL_GetTick
                0x0000000008001230       0x18 ./Drivers/STM32F4xx_HAL_Driver/Src/stm32f4xx_hal.o
                0x0000000008001230                HAL_GetTick
 .text.__NVIC_SetPriorityGrouping
                0x0000000008001248       0x48 ./Drivers/STM32F4xx_HAL_Driver/Src/stm32f4xx_hal_cortex.o
 .text.__NVIC_GetPriorityGrouping
                0x0000000008001290       0x1c ./Drivers/STM32F4xx_HAL_Driver/Src/stm32f4xx_hal_cortex.o
 .text.__NVIC_EnableIRQ
                0x00000000080012ac       0x3c ./Drivers/STM32F4xx_HAL_Driver/Src/stm32f4xx_hal_cortex.o
 .text.__NVIC_SetPriority
                0x00000000080012e8       0x54 ./Drivers/STM32F4xx_HAL_Driver/Src/stm32f4xx_hal_cortex.o
 .text.NVIC_EncodePriority
                0x000000000800133c       0x66 ./Drivers/STM32F4xx_HAL_Driver/Src/stm32f4xx_hal_cortex.o
 .text.HAL_NVIC_SetPriorityGrouping
                0x00000000080013a2       0x16 ./Drivers/STM32F4xx_HAL_Driver/Src/stm32f4xx_hal_cortex.o
                0x00000000080013a2                HAL_NVIC_SetPriorityGrouping
 .text.HAL_NVIC_SetPriority
                0x00000000080013b8       0x38 ./Drivers/STM32F4xx_HAL_Driver/Src/stm32f4xx_hal_cortex.o
                0x00000000080013b8                HAL_NVIC_SetPriority
 .text.HAL_NVIC_EnableIRQ
                0x00000000080013f0       0x1c ./Drivers/STM32F4xx_HAL_Driver/Src/stm32f4xx_hal_cortex.o
                0x00000000080013f0                HAL_NVIC_EnableIRQ
 .text.HAL_GPIO_Init
                0x000000000800140c      0x328 ./Drivers/STM32F4xx_HAL_Driver/Src/stm32f4xx_hal_gpio.o
                0x000000000800140c                HAL_GPIO_Init
 .text.HAL_GPIO_WritePin
                0x0000000008001734       0x32 ./Drivers/STM32F4xx_HAL_Driver/Src/stm32f4xx_hal_gpio.o
                0x0000000008001734                HAL_GPIO_WritePin
 *fill*         0x0000000008001766        0x2 
 .text.HAL_RCC_ClockConfig
                0x0000000008001768      0x1cc ./Drivers/STM32F4xx_HAL_Driver/Src/stm32f4xx_hal_rcc.o
                0x0000000008001768                HAL_RCC_ClockConfig
 .text.HAL_RCC_GetHCLKFreq
                0x0000000008001934       0x18 ./Drivers/STM32F4xx_HAL_Driver/Src/stm32f4xx_hal_rcc.o
                0x0000000008001934                HAL_RCC_GetHCLKFreq
 .text.HAL_RCC_GetPCLK1Freq
                0x000000000800194c       0x28 ./Drivers/STM32F4xx_HAL_Driver/Src/stm32f4xx_hal_rcc.o
                0x000000000800194c                HAL_RCC_GetPCLK1Freq
 .text.HAL_RCC_GetPCLK2Freq
                0x0000000008001974       0x28 ./Drivers/STM32F4xx_HAL_Driver/Src/stm32f4xx_hal_rcc.o
                0x0000000008001974                HAL_RCC_GetPCLK2Freq
 .text.HAL_RCC_GetClockConfig
                0x000000000800199c       0x64 ./Drivers/STM32F4xx_HAL_Driver/Src/stm32f4xx_hal_rcc.o
                0x000000000800199c                HAL_RCC_GetClockConfig
 .text.HAL_RCC_GetSysClockFreq
                0x0000000008001a00      0x364 ./Drivers/STM32F4xx_HAL_Driver/Src/stm32f4xx_hal_rcc_ex.o
                0x0000000008001a00                HAL_RCC_GetSysClockFreq
 .text.HAL_RCC_OscConfig
                0x0000000008001d64      0x53c ./Drivers/STM32F4xx_HAL_Driver/Src/stm32f4xx_hal_rcc_ex.o
                0x0000000008001d64                HAL_RCC_OscConfig
 .text.HAL_SPI_Init
                0x00000000080022a0      0x112 ./Drivers/STM32F4xx_HAL_Driver/Src/stm32f4xx_hal_spi.o
                0x00000000080022a0                HAL_SPI_Init
 .text.HAL_SPI_Transmit
                0x00000000080023b2      0x278 ./Drivers/STM32F4xx_HAL_Driver/Src/stm32f4xx_hal_spi.o
                0x00000000080023b2                HAL_SPI_Transmit
 *fill*         0x000000000800262a        0x2 
 .text.SPI_WaitFlagStateUntilTimeout
                0x000000000800262c      0x110 ./Drivers/STM32F4xx_HAL_Driver/Src/stm32f4xx_hal_spi.o
 .text.SPI_EndRxTxTransaction
                0x000000000800273c       0x84 ./Drivers/STM32F4xx_HAL_Driver/Src/stm32f4xx_hal_spi.o
 .text.HAL_TIM_Base_Init
                0x00000000080027c0       0x9e ./Drivers/STM32F4xx_HAL_Driver/Src/stm32f4xx_hal_tim.o
                0x00000000080027c0                HAL_TIM_Base_Init
 *fill*         0x000000000800285e        0x2 
 .text.HAL_TIM_Base_Start_IT
                0x0000000008002860       0xe0 ./Drivers/STM32F4xx_HAL_Driver/Src/stm32f4xx_hal_tim.o
                0x0000000008002860                HAL_TIM_Base_Start_IT
 .text.HAL_TIM_IRQHandler
                0x0000000008002940      0x210 ./Drivers/STM32F4xx_HAL_Driver/Src/stm32f4xx_hal_tim.o
                0x0000000008002940                HAL_TIM_IRQHandler
 .text.HAL_TIM_OC_DelayElapsedCallback
                0x0000000008002b50       0x14 ./Drivers/STM32F4xx_HAL_Driver/Src/stm32f4xx_hal_tim.o
                0x0000000008002b50                HAL_TIM_OC_DelayElapsedCallback
 .text.HAL_TIM_IC_CaptureCallback
                0x0000000008002b64       0x14 ./Drivers/STM32F4xx_HAL_Driver/Src/stm32f4xx_hal_tim.o
                0x0000000008002b64                HAL_TIM_IC_CaptureCallback
 .text.HAL_TIM_PWM_PulseFinishedCallback
                0x0000000008002b78       0x14 ./Drivers/STM32F4xx_HAL_Driver/Src/stm32f4xx_hal_tim.o
                0x0000000008002b78                HAL_TIM_PWM_PulseFinishedCallback
 .text.HAL_TIM_TriggerCallback
                0x0000000008002b8c       0x14 ./Drivers/STM32F4xx_HAL_Driver/Src/stm32f4xx_hal_tim.o
                0x0000000008002b8c                HAL_TIM_TriggerCallback
 .text.TIM_Base_SetConfig
                0x0000000008002ba0      0x140 ./Drivers/STM32F4xx_HAL_Driver/Src/stm32f4xx_hal_tim.o
                0x0000000008002ba0                TIM_Base_SetConfig
 .text.HAL_TIMEx_MasterConfigSynchronization
                0x0000000008002ce0       0xf8 ./Drivers/STM32F4xx_HAL_Driver/Src/stm32f4xx_hal_tim_ex.o
                0x0000000008002ce0                HAL_TIMEx_MasterConfigSynchronization
 .text.HAL_TIMEx_CommutCallback
                0x0000000008002dd8       0x14 ./Drivers/STM32F4xx_HAL_Driver/Src/stm32f4xx_hal_tim_ex.o
                0x0000000008002dd8                HAL_TIMEx_CommutCallback
 .text.HAL_TIMEx_BreakCallback
                0x0000000008002dec       0x14 ./Drivers/STM32F4xx_HAL_Driver/Src/stm32f4xx_hal_tim_ex.o
                0x0000000008002dec                HAL_TIMEx_BreakCallback
 .text.HAL_UART_Init
                0x0000000008002e00       0x9a ./Drivers/STM32F4xx_HAL_Driver/Src/stm32f4xx_hal_uart.o
                0x0000000008002e00                HAL_UART_Init
 *fill*         0x0000000008002e9a        0x2 
 .text.UART_SetConfig
                0x0000000008002e9c      0x390 ./Drivers/STM32F4xx_HAL_Driver/Src/stm32f4xx_hal_uart.o
 .text.__NVIC_SetPriority
                0x000000000800322c       0x54 ./Middlewares/Third_Party/FreeRTOS/Source/CMSIS_RTOS_V2/cmsis_os2.o
 .text.SysTick_Handler
                0x0000000008003280       0x20 ./Middlewares/Third_Party/FreeRTOS/Source/CMSIS_RTOS_V2/cmsis_os2.o
                0x0000000008003280                SysTick_Handler
 .text.SVC_Setup
                0x00000000080032a0       0x12 ./Middlewares/Third_Party/FreeRTOS/Source/CMSIS_RTOS_V2/cmsis_os2.o
 *fill*         0x00000000080032b2        0x2 
 .text.osKernelInitialize
                0x00000000080032b4       0x48 ./Middlewares/Third_Party/FreeRTOS/Source/CMSIS_RTOS_V2/cmsis_os2.o
                0x00000000080032b4                osKernelInitialize
 .text.osKernelStart
                0x00000000080032fc       0x4c ./Middlewares/Third_Party/FreeRTOS/Source/CMSIS_RTOS_V2/cmsis_os2.o
                0x00000000080032fc                osKernelStart
 .text.osThreadNew
                0x0000000008003348      0x124 ./Middlewares/Third_Party/FreeRTOS/Source/CMSIS_RTOS_V2/cmsis_os2.o
                0x0000000008003348                osThreadNew
 .text.osDelay  0x000000000800346c       0x36 ./Middlewares/Third_Party/FreeRTOS/Source/CMSIS_RTOS_V2/cmsis_os2.o
                0x000000000800346c                osDelay
 *fill*         0x00000000080034a2        0x2 
 .text.vApplicationGetIdleTaskMemory
                0x00000000080034a4       0x34 ./Middlewares/Third_Party/FreeRTOS/Source/CMSIS_RTOS_V2/cmsis_os2.o
                0x00000000080034a4                vApplicationGetIdleTaskMemory
 .text.vApplicationGetTimerTaskMemory
                0x00000000080034d8       0x34 ./Middlewares/Third_Party/FreeRTOS/Source/CMSIS_RTOS_V2/cmsis_os2.o
                0x00000000080034d8                vApplicationGetTimerTaskMemory
 .text.vListInitialise
                0x000000000800350c       0x40 ./Middlewares/Third_Party/FreeRTOS/Source/list.o
                0x000000000800350c                vListInitialise
 .text.vListInitialiseItem
                0x000000000800354c       0x1a ./Middlewares/Third_Party/FreeRTOS/Source/list.o
                0x000000000800354c                vListInitialiseItem
 .text.vListInsertEnd
                0x0000000008003566       0x48 ./Middlewares/Third_Party/FreeRTOS/Source/list.o
                0x0000000008003566                vListInsertEnd
 .text.vListInsert
                0x00000000080035ae       0x72 ./Middlewares/Third_Party/FreeRTOS/Source/list.o
                0x00000000080035ae                vListInsert
 .text.uxListRemove
                0x0000000008003620       0x54 ./Middlewares/Third_Party/FreeRTOS/Source/list.o
                0x0000000008003620                uxListRemove
 .text.xQueueGenericReset
                0x0000000008003674       0xd0 ./Middlewares/Third_Party/FreeRTOS/Source/queue.o
                0x0000000008003674                xQueueGenericReset
 .text.xQueueGenericCreateStatic
                0x0000000008003744       0xf0 ./Middlewares/Third_Party/FreeRTOS/Source/queue.o
                0x0000000008003744                xQueueGenericCreateStatic
 .text.prvInitialiseNewQueue
                0x0000000008003834       0x46 ./Middlewares/Third_Party/FreeRTOS/Source/queue.o
 *fill*         0x000000000800387a        0x2 
 .text.xQueueGenericSend
                0x000000000800387c      0x1fc ./Middlewares/Third_Party/FreeRTOS/Source/queue.o
                0x000000000800387c                xQueueGenericSend
 .text.xQueueGenericSendFromISR
                0x0000000008003a78      0x136 ./Middlewares/Third_Party/FreeRTOS/Source/queue.o
                0x0000000008003a78                xQueueGenericSendFromISR
 *fill*         0x0000000008003bae        0x2 
 .text.xQueueReceive
                0x0000000008003bb0      0x1c0 ./Middlewares/Third_Party/FreeRTOS/Source/queue.o
                0x0000000008003bb0                xQueueReceive
 .text.prvCopyDataToQueue
                0x0000000008003d70       0xd4 ./Middlewares/Third_Party/FreeRTOS/Source/queue.o
 .text.prvCopyDataFromQueue
                0x0000000008003e44       0x4c ./Middlewares/Third_Party/FreeRTOS/Source/queue.o
 .text.prvUnlockQueue
                0x0000000008003e90       0xa4 ./Middlewares/Third_Party/FreeRTOS/Source/queue.o
 .text.prvIsQueueEmpty
                0x0000000008003f34       0x2c ./Middlewares/Third_Party/FreeRTOS/Source/queue.o
 .text.prvIsQueueFull
                0x0000000008003f60       0x30 ./Middlewares/Third_Party/FreeRTOS/Source/queue.o
 .text.vQueueAddToRegistry
                0x0000000008003f90       0x54 ./Middlewares/Third_Party/FreeRTOS/Source/queue.o
                0x0000000008003f90                vQueueAddToRegistry
 .text.vQueueWaitForMessageRestricted
                0x0000000008003fe4       0x68 ./Middlewares/Third_Party/FreeRTOS/Source/queue.o
                0x0000000008003fe4                vQueueWaitForMessageRestricted
 .text.xTaskCreateStatic
                0x000000000800404c       0xba ./Middlewares/Third_Party/FreeRTOS/Source/tasks.o
                0x000000000800404c                xTaskCreateStatic
 .text.xTaskCreate
                0x0000000008004106       0x8a ./Middlewares/Third_Party/FreeRTOS/Source/tasks.o
                0x0000000008004106                xTaskCreate
 .text.prvInitialiseNewTask
                0x0000000008004190      0x14c ./Middlewares/Third_Party/FreeRTOS/Source/tasks.o
 .text.prvAddNewTaskToReadyList
                0x00000000080042dc       0xe0 ./Middlewares/Third_Party/FreeRTOS/Source/tasks.o
 .text.vTaskDelay
                0x00000000080043bc       0x68 ./Middlewares/Third_Party/FreeRTOS/Source/tasks.o
                0x00000000080043bc                vTaskDelay
 .text.vTaskStartScheduler
                0x0000000008004424       0xe0 ./Middlewares/Third_Party/FreeRTOS/Source/tasks.o
                0x0000000008004424                vTaskStartScheduler
 .text.vTaskSuspendAll
                0x0000000008004504       0x1c ./Middlewares/Third_Party/FreeRTOS/Source/tasks.o
                0x0000000008004504                vTaskSuspendAll
 .text.xTaskResumeAll
                0x0000000008004520      0x13c ./Middlewares/Third_Party/FreeRTOS/Source/tasks.o
                0x0000000008004520                xTaskResumeAll
 .text.xTaskGetTickCount
                0x000000000800465c       0x20 ./Middlewares/Third_Party/FreeRTOS/Source/tasks.o
                0x000000000800465c                xTaskGetTickCount
 .text.xTaskIncrementTick
                0x000000000800467c      0x174 ./Middlewares/Third_Party/FreeRTOS/Source/tasks.o
                0x000000000800467c                xTaskIncrementTick
 .text.vTaskSwitchContext
                0x00000000080047f0       0xc8 ./Middlewares/Third_Party/FreeRTOS/Source/tasks.o
                0x00000000080047f0                vTaskSwitchContext
 .text.vTaskPlaceOnEventList
                0x00000000080048b8       0x48 ./Middlewares/Third_Party/FreeRTOS/Source/tasks.o
                0x00000000080048b8                vTaskPlaceOnEventList
 .text.vTaskPlaceOnEventListRestricted
                0x0000000008004900       0x58 ./Middlewares/Third_Party/FreeRTOS/Source/tasks.o
                0x0000000008004900                vTaskPlaceOnEventListRestricted
 .text.xTaskRemoveFromEventList
                0x0000000008004958       0xc8 ./Middlewares/Third_Party/FreeRTOS/Source/tasks.o
                0x0000000008004958                xTaskRemoveFromEventList
 .text.vTaskInternalSetTimeOutState
                0x0000000008004a20       0x2c ./Middlewares/Third_Party/FreeRTOS/Source/tasks.o
                0x0000000008004a20                vTaskInternalSetTimeOutState
 .text.xTaskCheckForTimeOut
                0x0000000008004a4c       0xc4 ./Middlewares/Third_Party/FreeRTOS/Source/tasks.o
                0x0000000008004a4c                xTaskCheckForTimeOut
 .text.vTaskMissedYield
                0x0000000008004b10       0x18 ./Middlewares/Third_Party/FreeRTOS/Source/tasks.o
                0x0000000008004b10                vTaskMissedYield
 .text.prvIdleTask
                0x0000000008004b28       0x30 ./Middlewares/Third_Party/FreeRTOS/Source/tasks.o
 .text.prvInitialiseTaskLists
                0x0000000008004b58       0x80 ./Middlewares/Third_Party/FreeRTOS/Source/tasks.o
 .text.prvCheckTasksWaitingTermination
                0x0000000008004bd8       0x5c ./Middlewares/Third_Party/FreeRTOS/Source/tasks.o
 .text.prvDeleteTCB
                0x0000000008004c34       0x68 ./Middlewares/Third_Party/FreeRTOS/Source/tasks.o
 .text.prvResetNextTaskUnblockTime
                0x0000000008004c9c       0x40 ./Middlewares/Third_Party/FreeRTOS/Source/tasks.o
 .text.xTaskGetSchedulerState
                0x0000000008004cdc       0x3c ./Middlewares/Third_Party/FreeRTOS/Source/tasks.o
                0x0000000008004cdc                xTaskGetSchedulerState
 .text.xTaskPriorityDisinherit
                0x0000000008004d18       0xdc ./Middlewares/Third_Party/FreeRTOS/Source/tasks.o
                0x0000000008004d18                xTaskPriorityDisinherit
 .text.prvAddCurrentTaskToDelayedList
                0x0000000008004df4       0xa8 ./Middlewares/Third_Party/FreeRTOS/Source/tasks.o
 .text.xTimerCreateTimerTask
                0x0000000008004e9c       0x90 ./Middlewares/Third_Party/FreeRTOS/Source/timers.o
                0x0000000008004e9c                xTimerCreateTimerTask
 .text.xTimerGenericCommand
                0x0000000008004f2c       0x9c ./Middlewares/Third_Party/FreeRTOS/Source/timers.o
                0x0000000008004f2c                xTimerGenericCommand
 .text.prvProcessExpiredTimer
                0x0000000008004fc8       0x98 ./Middlewares/Third_Party/FreeRTOS/Source/timers.o
 .text.prvTimerTask
                0x0000000008005060       0x24 ./Middlewares/Third_Party/FreeRTOS/Source/timers.o
 .text.prvProcessTimerOrBlockTask
                0x0000000008005084       0x9c ./Middlewares/Third_Party/FreeRTOS/Source/timers.o
 .text.prvGetNextExpireTime
                0x0000000008005120       0x48 ./Middlewares/Third_Party/FreeRTOS/Source/timers.o
 .text.prvSampleTimeNow
                0x0000000008005168       0x40 ./Middlewares/Third_Party/FreeRTOS/Source/timers.o
 .text.prvInsertTimerInActiveList
                0x00000000080051a8       0x84 ./Middlewares/Third_Party/FreeRTOS/Source/timers.o
 .text.prvProcessReceivedCommands
                0x000000000800522c      0x1c4 ./Middlewares/Third_Party/FreeRTOS/Source/timers.o
 .text.prvSwitchTimerLists
                0x00000000080053f0       0xc8 ./Middlewares/Third_Party/FreeRTOS/Source/timers.o
 .text.prvCheckForValidListAndQueue
                0x00000000080054b8       0x80 ./Middlewares/Third_Party/FreeRTOS/Source/timers.o
 .text.pxPortInitialiseStack
                0x0000000008005538       0x68 ./Middlewares/Third_Party/FreeRTOS/Source/portable/GCC/ARM_CM4F/port.o
                0x0000000008005538                pxPortInitialiseStack
 .text.prvTaskExitError
                0x00000000080055a0       0x58 ./Middlewares/Third_Party/FreeRTOS/Source/portable/GCC/ARM_CM4F/port.o
 *fill*         0x00000000080055f8        0x8 
 .text.SVC_Handler
                0x0000000008005600       0x28 ./Middlewares/Third_Party/FreeRTOS/Source/portable/GCC/ARM_CM4F/port.o
                0x0000000008005600                SVC_Handler
 .text.prvPortStartFirstTask
                0x0000000008005628       0x28 ./Middlewares/Third_Party/FreeRTOS/Source/portable/GCC/ARM_CM4F/port.o
 .text.xPortStartScheduler
                0x0000000008005650      0x144 ./Middlewares/Third_Party/FreeRTOS/Source/portable/GCC/ARM_CM4F/port.o
                0x0000000008005650                xPortStartScheduler
 .text.vPortEnterCritical
                0x0000000008005794       0x60 ./Middlewares/Third_Party/FreeRTOS/Source/portable/GCC/ARM_CM4F/port.o
                0x0000000008005794                vPortEnterCritical
 .text.vPortExitCritical
                0x00000000080057f4       0x54 ./Middlewares/Third_Party/FreeRTOS/Source/portable/GCC/ARM_CM4F/port.o
                0x00000000080057f4                vPortExitCritical
 *fill*         0x0000000008005848        0x8 
 .text.PendSV_Handler
                0x0000000008005850       0x68 ./Middlewares/Third_Party/FreeRTOS/Source/portable/GCC/ARM_CM4F/port.o
                0x0000000008005850                PendSV_Handler
 .text.xPortSysTickHandler
                0x00000000080058b8       0x44 ./Middlewares/Third_Party/FreeRTOS/Source/portable/GCC/ARM_CM4F/port.o
                0x00000000080058b8                xPortSysTickHandler
 .text.vPortSetupTimerInterrupt
                0x00000000080058fc       0x48 ./Middlewares/Third_Party/FreeRTOS/Source/portable/GCC/ARM_CM4F/port.o
                0x00000000080058fc                vPortSetupTimerInterrupt
 .text.vPortEnableVFP
                0x0000000008005944       0x14 ./Middlewares/Third_Party/FreeRTOS/Source/portable/GCC/ARM_CM4F/port.o
 .text.vPortValidateInterruptPriority
                0x0000000008005958       0x80 ./Middlewares/Third_Party/FreeRTOS/Source/portable/GCC/ARM_CM4F/port.o
                0x0000000008005958                vPortValidateInterruptPriority
 .text.pvPortMalloc
                0x00000000080059d8      0x198 ./Middlewares/Third_Party/FreeRTOS/Source/portable/MemMang/heap_4.o
                0x00000000080059d8                pvPortMalloc
 .text.vPortFree
                0x0000000008005b70       0xc4 ./Middlewares/Third_Party/FreeRTOS/Source/portable/MemMang/heap_4.o
                0x0000000008005b70                vPortFree
 .text.prvHeapInit
                0x0000000008005c34       0xc4 ./Middlewares/Third_Party/FreeRTOS/Source/portable/MemMang/heap_4.o
 .text.prvInsertBlockIntoFreeList
                0x0000000008005cf8       0xb4 ./Middlewares/Third_Party/FreeRTOS/Source/portable/MemMang/heap_4.o
 .text.__libc_init_array
                0x0000000008005dac       0x48 c:/st/stm32cubeide_1.8.0/stm32cubeide/plugins/com.st.stm32cube.ide.mcu.externaltools.gnu-tools-for-stm32.9-2020-q2-update.win32_2.0.0.202105311346/tools/bin/../lib/gcc/arm-none-eabi/9.3.1/../../../../arm-none-eabi/lib/thumb/v7e-m+fp/hard\libc_nano.a(lib_a-init.o)
                0x0000000008005dac                __libc_init_array
 .text.__retarget_lock_acquire_recursive
                0x0000000008005df4        0x2 c:/st/stm32cubeide_1.8.0/stm32cubeide/plugins/com.st.stm32cube.ide.mcu.externaltools.gnu-tools-for-stm32.9-2020-q2-update.win32_2.0.0.202105311346/tools/bin/../lib/gcc/arm-none-eabi/9.3.1/../../../../arm-none-eabi/lib/thumb/v7e-m+fp/hard\libc_nano.a(lib_a-lock.o)
                0x0000000008005df4                __retarget_lock_acquire_recursive
 .text.__retarget_lock_release_recursive
                0x0000000008005df6        0x2 c:/st/stm32cubeide_1.8.0/stm32cubeide/plugins/com.st.stm32cube.ide.mcu.externaltools.gnu-tools-for-stm32.9-2020-q2-update.win32_2.0.0.202105311346/tools/bin/../lib/gcc/arm-none-eabi/9.3.1/../../../../arm-none-eabi/lib/thumb/v7e-m+fp/hard\libc_nano.a(lib_a-lock.o)
                0x0000000008005df6                __retarget_lock_release_recursive
 .text.memcpy   0x0000000008005df8       0x1c c:/st/stm32cubeide_1.8.0/stm32cubeide/plugins/com.st.stm32cube.ide.mcu.externaltools.gnu-tools-for-stm32.9-2020-q2-update.win32_2.0.0.202105311346/tools/bin/../lib/gcc/arm-none-eabi/9.3.1/../../../../arm-none-eabi/lib/thumb/v7e-m+fp/hard\libc_nano.a(lib_a-memcpy-stub.o)
                0x0000000008005df8                memcpy
 .text.memset   0x0000000008005e14       0x10 c:/st/stm32cubeide_1.8.0/stm32cubeide/plugins/com.st.stm32cube.ide.mcu.externaltools.gnu-tools-for-stm32.9-2020-q2-update.win32_2.0.0.202105311346/tools/bin/../lib/gcc/arm-none-eabi/9.3.1/../../../../arm-none-eabi/lib/thumb/v7e-m+fp/hard\libc_nano.a(lib_a-memset.o)
                0x0000000008005e14                memset
 .text.cleanup_glue
                0x0000000008005e24       0x1a c:/st/stm32cubeide_1.8.0/stm32cubeide/plugins/com.st.stm32cube.ide.mcu.externaltools.gnu-tools-for-stm32.9-2020-q2-update.win32_2.0.0.202105311346/tools/bin/../lib/gcc/arm-none-eabi/9.3.1/../../../../arm-none-eabi/lib/thumb/v7e-m+fp/hard\libc_nano.a(lib_a-reent.o)
                0x0000000008005e24                cleanup_glue
 *fill*         0x0000000008005e3e        0x2 
 .text._reclaim_reent
                0x0000000008005e40       0xb8 c:/st/stm32cubeide_1.8.0/stm32cubeide/plugins/com.st.stm32cube.ide.mcu.externaltools.gnu-tools-for-stm32.9-2020-q2-update.win32_2.0.0.202105311346/tools/bin/../lib/gcc/arm-none-eabi/9.3.1/../../../../arm-none-eabi/lib/thumb/v7e-m+fp/hard\libc_nano.a(lib_a-reent.o)
                0x0000000008005e40                _reclaim_reent
 .text.__malloc_lock
                0x0000000008005ef8        0xc c:/st/stm32cubeide_1.8.0/stm32cubeide/plugins/com.st.stm32cube.ide.mcu.externaltools.gnu-tools-for-stm32.9-2020-q2-update.win32_2.0.0.202105311346/tools/bin/../lib/gcc/arm-none-eabi/9.3.1/../../../../arm-none-eabi/lib/thumb/v7e-m+fp/hard\libc_nano.a(lib_a-mlock.o)
                0x0000000008005ef8                __malloc_lock
 .text.__malloc_unlock
                0x0000000008005f04        0xc c:/st/stm32cubeide_1.8.0/stm32cubeide/plugins/com.st.stm32cube.ide.mcu.externaltools.gnu-tools-for-stm32.9-2020-q2-update.win32_2.0.0.202105311346/tools/bin/../lib/gcc/arm-none-eabi/9.3.1/../../../../arm-none-eabi/lib/thumb/v7e-m+fp/hard\libc_nano.a(lib_a-mlock.o)
                0x0000000008005f04                __malloc_unlock
 .text._free_r  0x0000000008005f10       0xa0 c:/st/stm32cubeide_1.8.0/stm32cubeide/plugins/com.st.stm32cube.ide.mcu.externaltools.gnu-tools-for-stm32.9-2020-q2-update.win32_2.0.0.202105311346/tools/bin/../lib/gcc/arm-none-eabi/9.3.1/../../../../arm-none-eabi/lib/thumb/v7e-m+fp/hard\libc_nano.a(lib_a-nano-freer.o)
                0x0000000008005f10                _free_r
 *(.glue_7)
 .glue_7        0x0000000008005fb0        0x0 linker stubs
 *(.glue_7t)
 .glue_7t       0x0000000008005fb0        0x0 linker stubs
 *(.eh_frame)
 .eh_frame      0x0000000008005fb0        0x0 c:/st/stm32cubeide_1.8.0/stm32cubeide/plugins/com.st.stm32cube.ide.mcu.externaltools.gnu-tools-for-stm32.9-2020-q2-update.win32_2.0.0.202105311346/tools/bin/../lib/gcc/arm-none-eabi/9.3.1/thumb/v7e-m+fp/hard/crtbegin.o
 *(.init)
 .init          0x0000000008005fb0        0x4 c:/st/stm32cubeide_1.8.0/stm32cubeide/plugins/com.st.stm32cube.ide.mcu.externaltools.gnu-tools-for-stm32.9-2020-q2-update.win32_2.0.0.202105311346/tools/bin/../lib/gcc/arm-none-eabi/9.3.1/thumb/v7e-m+fp/hard/crti.o
                0x0000000008005fb0                _init
 .init          0x0000000008005fb4        0x8 c:/st/stm32cubeide_1.8.0/stm32cubeide/plugins/com.st.stm32cube.ide.mcu.externaltools.gnu-tools-for-stm32.9-2020-q2-update.win32_2.0.0.202105311346/tools/bin/../lib/gcc/arm-none-eabi/9.3.1/thumb/v7e-m+fp/hard/crtn.o
 *(.fini)
 .fini          0x0000000008005fbc        0x4 c:/st/stm32cubeide_1.8.0/stm32cubeide/plugins/com.st.stm32cube.ide.mcu.externaltools.gnu-tools-for-stm32.9-2020-q2-update.win32_2.0.0.202105311346/tools/bin/../lib/gcc/arm-none-eabi/9.3.1/thumb/v7e-m+fp/hard/crti.o
                0x0000000008005fbc                _fini
 .fini          0x0000000008005fc0        0x8 c:/st/stm32cubeide_1.8.0/stm32cubeide/plugins/com.st.stm32cube.ide.mcu.externaltools.gnu-tools-for-stm32.9-2020-q2-update.win32_2.0.0.202105311346/tools/bin/../lib/gcc/arm-none-eabi/9.3.1/thumb/v7e-m+fp/hard/crtn.o
                0x0000000008005fc8                . = ALIGN (0x4)
                0x0000000008005fc8                _etext = .

.vfp11_veneer   0x0000000008005fc8        0x0
 .vfp11_veneer  0x0000000008005fc8        0x0 linker stubs

.v4_bx          0x0000000008005fc8        0x0
 .v4_bx         0x0000000008005fc8        0x0 linker stubs

.iplt           0x0000000008005fc8        0x0
 .iplt          0x0000000008005fc8        0x0 c:/st/stm32cubeide_1.8.0/stm32cubeide/plugins/com.st.stm32cube.ide.mcu.externaltools.gnu-tools-for-stm32.9-2020-q2-update.win32_2.0.0.202105311346/tools/bin/../lib/gcc/arm-none-eabi/9.3.1/thumb/v7e-m+fp/hard/crtbegin.o

.rodata         0x0000000008005fc8       0xc0
                0x0000000008005fc8                . = ALIGN (0x4)
 *(.rodata)
 .rodata        0x0000000008005fc8        0xc ./Core/Src/main.o
 .rodata        0x0000000008005fd4        0x5 ./Middlewares/Third_Party/FreeRTOS/Source/tasks.o
 *fill*         0x0000000008005fd9        0x3 
 .rodata        0x0000000008005fdc        0xd ./Middlewares/Third_Party/FreeRTOS/Source/timers.o
 *(.rodata*)
 *fill*         0x0000000008005fe9        0x3 
 .rodata.defaultTask_attributes
                0x0000000008005fec       0x24 ./Core/Src/main.o
                0x0000000008005fec                defaultTask_attributes
 .rodata.AHBPrescTable
                0x0000000008006010       0x10 ./Core/Src/system_stm32f4xx.o
                0x0000000008006010                AHBPrescTable
 .rodata.APBPrescTable
                0x0000000008006020        0x8 ./Core/Src/system_stm32f4xx.o
                0x0000000008006020                APBPrescTable
 .rodata.__sf_fake_stderr
                0x0000000008006028       0x20 c:/st/stm32cubeide_1.8.0/stm32cubeide/plugins/com.st.stm32cube.ide.mcu.externaltools.gnu-tools-for-stm32.9-2020-q2-update.win32_2.0.0.202105311346/tools/bin/../lib/gcc/arm-none-eabi/9.3.1/../../../../arm-none-eabi/lib/thumb/v7e-m+fp/hard\libc_nano.a(lib_a-findfp.o)
                0x0000000008006028                __sf_fake_stderr
 .rodata.__sf_fake_stdin
                0x0000000008006048       0x20 c:/st/stm32cubeide_1.8.0/stm32cubeide/plugins/com.st.stm32cube.ide.mcu.externaltools.gnu-tools-for-stm32.9-2020-q2-update.win32_2.0.0.202105311346/tools/bin/../lib/gcc/arm-none-eabi/9.3.1/../../../../arm-none-eabi/lib/thumb/v7e-m+fp/hard\libc_nano.a(lib_a-findfp.o)
                0x0000000008006048                __sf_fake_stdin
 .rodata.__sf_fake_stdout
                0x0000000008006068       0x20 c:/st/stm32cubeide_1.8.0/stm32cubeide/plugins/com.st.stm32cube.ide.mcu.externaltools.gnu-tools-for-stm32.9-2020-q2-update.win32_2.0.0.202105311346/tools/bin/../lib/gcc/arm-none-eabi/9.3.1/../../../../arm-none-eabi/lib/thumb/v7e-m+fp/hard\libc_nano.a(lib_a-findfp.o)
                0x0000000008006068                __sf_fake_stdout
                0x0000000008006088                . = ALIGN (0x4)

.ARM.extab      0x0000000008006088        0x0
                0x0000000008006088                . = ALIGN (0x4)
 *(.ARM.extab* .gnu.linkonce.armextab.*)
                0x0000000008006088                . = ALIGN (0x4)

.ARM            0x0000000008006088        0x8
                0x0000000008006088                . = ALIGN (0x4)
                0x0000000008006088                __exidx_start = .
 *(.ARM.exidx*)
 .ARM.exidx     0x0000000008006088        0x8 c:/st/stm32cubeide_1.8.0/stm32cubeide/plugins/com.st.stm32cube.ide.mcu.externaltools.gnu-tools-for-stm32.9-2020-q2-update.win32_2.0.0.202105311346/tools/bin/../lib/gcc/arm-none-eabi/9.3.1/thumb/v7e-m+fp/hard\libgcc.a(_udivmoddi4.o)
                0x0000000008006090                __exidx_end = .
                0x0000000008006090                . = ALIGN (0x4)

.rel.dyn        0x0000000008006090        0x0
 .rel.iplt      0x0000000008006090        0x0 c:/st/stm32cubeide_1.8.0/stm32cubeide/plugins/com.st.stm32cube.ide.mcu.externaltools.gnu-tools-for-stm32.9-2020-q2-update.win32_2.0.0.202105311346/tools/bin/../lib/gcc/arm-none-eabi/9.3.1/thumb/v7e-m+fp/hard/crtbegin.o

.preinit_array  0x0000000008006090        0x0
                0x0000000008006090                . = ALIGN (0x4)
                0x0000000008006090                PROVIDE (__preinit_array_start = .)
 *(.preinit_array*)
                0x0000000008006090                PROVIDE (__preinit_array_end = .)
                0x0000000008006090                . = ALIGN (0x4)

.init_array     0x0000000008006090        0x4
                0x0000000008006090                . = ALIGN (0x4)
                0x0000000008006090                PROVIDE (__init_array_start = .)
 *(SORT_BY_NAME(.init_array.*))
 *(.init_array*)
 .init_array    0x0000000008006090        0x4 c:/st/stm32cubeide_1.8.0/stm32cubeide/plugins/com.st.stm32cube.ide.mcu.externaltools.gnu-tools-for-stm32.9-2020-q2-update.win32_2.0.0.202105311346/tools/bin/../lib/gcc/arm-none-eabi/9.3.1/thumb/v7e-m+fp/hard/crtbegin.o
                0x0000000008006094                PROVIDE (__init_array_end = .)
                0x0000000008006094                . = ALIGN (0x4)

.fini_array     0x0000000008006094        0x4
                0x0000000008006094                . = ALIGN (0x4)
                [!provide]                        PROVIDE (__fini_array_start = .)
 *(SORT_BY_NAME(.fini_array.*))
 *(.fini_array*)
 .fini_array    0x0000000008006094        0x4 c:/st/stm32cubeide_1.8.0/stm32cubeide/plugins/com.st.stm32cube.ide.mcu.externaltools.gnu-tools-for-stm32.9-2020-q2-update.win32_2.0.0.202105311346/tools/bin/../lib/gcc/arm-none-eabi/9.3.1/thumb/v7e-m+fp/hard/crtbegin.o
                [!provide]                        PROVIDE (__fini_array_end = .)
                0x0000000008006098                . = ALIGN (0x4)
                0x0000000008006098                _sidata = LOADADDR (.data)

.data           0x0000000020000000       0x74 load address 0x0000000008006098
                0x0000000020000000                . = ALIGN (0x4)
                0x0000000020000000                _sdata = .
 *(.data)
 *(.data*)
 .data.SystemCoreClock
                0x0000000020000000        0x4 ./Core/Src/system_stm32f4xx.o
                0x0000000020000000                SystemCoreClock
 .data.uwTickPrio
                0x0000000020000004        0x4 ./Drivers/STM32F4xx_HAL_Driver/Src/stm32f4xx_hal.o
                0x0000000020000004                uwTickPrio
 .data.uwTickFreq
                0x0000000020000008        0x1 ./Drivers/STM32F4xx_HAL_Driver/Src/stm32f4xx_hal.o
                0x0000000020000008                uwTickFreq
 *fill*         0x0000000020000009        0x3 
 .data.uxCriticalNesting
                0x000000002000000c        0x4 ./Middlewares/Third_Party/FreeRTOS/Source/portable/GCC/ARM_CM4F/port.o
 .data._impure_ptr
                0x0000000020000010        0x4 c:/st/stm32cubeide_1.8.0/stm32cubeide/plugins/com.st.stm32cube.ide.mcu.externaltools.gnu-tools-for-stm32.9-2020-q2-update.win32_2.0.0.202105311346/tools/bin/../lib/gcc/arm-none-eabi/9.3.1/../../../../arm-none-eabi/lib/thumb/v7e-m+fp/hard\libc_nano.a(lib_a-impure.o)
                0x0000000020000010                _impure_ptr
 .data.impure_data
                0x0000000020000014       0x60 c:/st/stm32cubeide_1.8.0/stm32cubeide/plugins/com.st.stm32cube.ide.mcu.externaltools.gnu-tools-for-stm32.9-2020-q2-update.win32_2.0.0.202105311346/tools/bin/../lib/gcc/arm-none-eabi/9.3.1/../../../../arm-none-eabi/lib/thumb/v7e-m+fp/hard\libc_nano.a(lib_a-impure.o)
 *(.RamFunc)
 *(.RamFunc*)
                0x0000000020000074                . = ALIGN (0x4)
                0x0000000020000074                _edata = .

.igot.plt       0x0000000020000074        0x0 load address 0x000000000800610c
 .igot.plt      0x0000000020000074        0x0 c:/st/stm32cubeide_1.8.0/stm32cubeide/plugins/com.st.stm32cube.ide.mcu.externaltools.gnu-tools-for-stm32.9-2020-q2-update.win32_2.0.0.202105311346/tools/bin/../lib/gcc/arm-none-eabi/9.3.1/thumb/v7e-m+fp/hard/crtbegin.o
                0x0000000020000074                . = ALIGN (0x4)

.bss            0x0000000020000074     0x4f7c load address 0x000000000800610c
                0x0000000020000074                _sbss = .
                0x0000000020000074                __bss_start__ = _sbss
 *(.bss)
 .bss           0x0000000020000074       0x1c c:/st/stm32cubeide_1.8.0/stm32cubeide/plugins/com.st.stm32cube.ide.mcu.externaltools.gnu-tools-for-stm32.9-2020-q2-update.win32_2.0.0.202105311346/tools/bin/../lib/gcc/arm-none-eabi/9.3.1/thumb/v7e-m+fp/hard/crtbegin.o
 *(.bss*)
 .bss.KernelState
                0x0000000020000090        0x4 ./Middlewares/Third_Party/FreeRTOS/Source/CMSIS_RTOS_V2/cmsis_os2.o
 .bss.Idle_TCB.10372
                0x0000000020000094       0xbc ./Middlewares/Third_Party/FreeRTOS/Source/CMSIS_RTOS_V2/cmsis_os2.o
 .bss.Idle_Stack.10373
                0x0000000020000150      0x200 ./Middlewares/Third_Party/FreeRTOS/Source/CMSIS_RTOS_V2/cmsis_os2.o
 .bss.Timer_TCB.10379
                0x0000000020000350       0xbc ./Middlewares/Third_Party/FreeRTOS/Source/CMSIS_RTOS_V2/cmsis_os2.o
 .bss.Timer_Stack.10380
                0x000000002000040c      0x400 ./Middlewares/Third_Party/FreeRTOS/Source/CMSIS_RTOS_V2/cmsis_os2.o
 .bss.pxCurrentTCB
                0x000000002000080c        0x4 ./Middlewares/Third_Party/FreeRTOS/Source/tasks.o
                0x000000002000080c                pxCurrentTCB
 .bss.pxReadyTasksLists
                0x0000000020000810      0x460 ./Middlewares/Third_Party/FreeRTOS/Source/tasks.o
 .bss.xDelayedTaskList1
                0x0000000020000c70       0x14 ./Middlewares/Third_Party/FreeRTOS/Source/tasks.o
 .bss.xDelayedTaskList2
                0x0000000020000c84       0x14 ./Middlewares/Third_Party/FreeRTOS/Source/tasks.o
 .bss.pxDelayedTaskList
                0x0000000020000c98        0x4 ./Middlewares/Third_Party/FreeRTOS/Source/tasks.o
 .bss.pxOverflowDelayedTaskList
                0x0000000020000c9c        0x4 ./Middlewares/Third_Party/FreeRTOS/Source/tasks.o
 .bss.xPendingReadyList
                0x0000000020000ca0       0x14 ./Middlewares/Third_Party/FreeRTOS/Source/tasks.o
 .bss.xTasksWaitingTermination
                0x0000000020000cb4       0x14 ./Middlewares/Third_Party/FreeRTOS/Source/tasks.o
 .bss.uxDeletedTasksWaitingCleanUp
                0x0000000020000cc8        0x4 ./Middlewares/Third_Party/FreeRTOS/Source/tasks.o
 .bss.xSuspendedTaskList
                0x0000000020000ccc       0x14 ./Middlewares/Third_Party/FreeRTOS/Source/tasks.o
 .bss.uxCurrentNumberOfTasks
                0x0000000020000ce0        0x4 ./Middlewares/Third_Party/FreeRTOS/Source/tasks.o
 .bss.xTickCount
                0x0000000020000ce4        0x4 ./Middlewares/Third_Party/FreeRTOS/Source/tasks.o
 .bss.uxTopReadyPriority
                0x0000000020000ce8        0x4 ./Middlewares/Third_Party/FreeRTOS/Source/tasks.o
 .bss.xSchedulerRunning
                0x0000000020000cec        0x4 ./Middlewares/Third_Party/FreeRTOS/Source/tasks.o
 .bss.xPendedTicks
                0x0000000020000cf0        0x4 ./Middlewares/Third_Party/FreeRTOS/Source/tasks.o
 .bss.xYieldPending
                0x0000000020000cf4        0x4 ./Middlewares/Third_Party/FreeRTOS/Source/tasks.o
 .bss.xNumOfOverflows
                0x0000000020000cf8        0x4 ./Middlewares/Third_Party/FreeRTOS/Source/tasks.o
 .bss.uxTaskNumber
                0x0000000020000cfc        0x4 ./Middlewares/Third_Party/FreeRTOS/Source/tasks.o
 .bss.xNextTaskUnblockTime
                0x0000000020000d00        0x4 ./Middlewares/Third_Party/FreeRTOS/Source/tasks.o
 .bss.xIdleTaskHandle
                0x0000000020000d04        0x4 ./Middlewares/Third_Party/FreeRTOS/Source/tasks.o
 .bss.uxSchedulerSuspended
                0x0000000020000d08        0x4 ./Middlewares/Third_Party/FreeRTOS/Source/tasks.o
 .bss.xActiveTimerList1
                0x0000000020000d0c       0x14 ./Middlewares/Third_Party/FreeRTOS/Source/timers.o
 .bss.xActiveTimerList2
                0x0000000020000d20       0x14 ./Middlewares/Third_Party/FreeRTOS/Source/timers.o
 .bss.pxCurrentTimerList
                0x0000000020000d34        0x4 ./Middlewares/Third_Party/FreeRTOS/Source/timers.o
 .bss.pxOverflowTimerList
                0x0000000020000d38        0x4 ./Middlewares/Third_Party/FreeRTOS/Source/timers.o
 .bss.xTimerQueue
                0x0000000020000d3c        0x4 ./Middlewares/Third_Party/FreeRTOS/Source/timers.o
 .bss.xTimerTaskHandle
                0x0000000020000d40        0x4 ./Middlewares/Third_Party/FreeRTOS/Source/timers.o
 .bss.xLastTime.7010
                0x0000000020000d44        0x4 ./Middlewares/Third_Party/FreeRTOS/Source/timers.o
 .bss.ucStaticTimerQueueStorage.7061
                0x0000000020000d48       0xa0 ./Middlewares/Third_Party/FreeRTOS/Source/timers.o
 .bss.xStaticTimerQueue.7060
                0x0000000020000de8       0x50 ./Middlewares/Third_Party/FreeRTOS/Source/timers.o
 .bss.ucMaxSysCallPriority
                0x0000000020000e38        0x1 ./Middlewares/Third_Party/FreeRTOS/Source/portable/GCC/ARM_CM4F/port.o
 *fill*         0x0000000020000e39        0x3 
 .bss.ulMaxPRIGROUPValue
                0x0000000020000e3c        0x4 ./Middlewares/Third_Party/FreeRTOS/Source/portable/GCC/ARM_CM4F/port.o
 .bss.ucHeap    0x0000000020000e40     0x3c00 ./Middlewares/Third_Party/FreeRTOS/Source/portable/MemMang/heap_4.o
 .bss.xStart    0x0000000020004a40        0x8 ./Middlewares/Third_Party/FreeRTOS/Source/portable/MemMang/heap_4.o
 .bss.pxEnd     0x0000000020004a48        0x4 ./Middlewares/Third_Party/FreeRTOS/Source/portable/MemMang/heap_4.o
 .bss.xFreeBytesRemaining
                0x0000000020004a4c        0x4 ./Middlewares/Third_Party/FreeRTOS/Source/portable/MemMang/heap_4.o
 .bss.xMinimumEverFreeBytesRemaining
                0x0000000020004a50        0x4 ./Middlewares/Third_Party/FreeRTOS/Source/portable/MemMang/heap_4.o
 .bss.xNumberOfSuccessfulAllocations
                0x0000000020004a54        0x4 ./Middlewares/Third_Party/FreeRTOS/Source/portable/MemMang/heap_4.o
 .bss.xNumberOfSuccessfulFrees
                0x0000000020004a58        0x4 ./Middlewares/Third_Party/FreeRTOS/Source/portable/MemMang/heap_4.o
 .bss.xBlockAllocatedBit
                0x0000000020004a5c        0x4 ./Middlewares/Third_Party/FreeRTOS/Source/portable/MemMang/heap_4.o
 .bss.__malloc_free_list
                0x0000000020004a60        0x4 c:/st/stm32cubeide_1.8.0/stm32cubeide/plugins/com.st.stm32cube.ide.mcu.externaltools.gnu-tools-for-stm32.9-2020-q2-update.win32_2.0.0.202105311346/tools/bin/../lib/gcc/arm-none-eabi/9.3.1/../../../../arm-none-eabi/lib/thumb/v7e-m+fp/hard\libc_nano.a(lib_a-nano-mallocr.o)
                0x0000000020004a60                __malloc_free_list
 *(COMMON)
 COMMON         0x0000000020004a64      0x40c ./Core/Src/glcd.o
                0x0000000020004a64                glcd_bbox
                0x0000000020004a68                glcd_buffer
                0x0000000020004e68                glcd_buffer_selected
                0x0000000020004e6c                glcd_bbox_selected
 COMMON         0x0000000020004e70       0xe8 ./Core/Src/main.o
                0x0000000020004e70                defaultTaskHandle
                0x0000000020004e74                hspi3
                0x0000000020004ecc                huart2
                0x0000000020004f10                htim7
 COMMON         0x0000000020004f58       0x48 ./Core/Src/stm32f4xx_hal_timebase_tim.o
                0x0000000020004f58                htim6
 COMMON         0x0000000020004fa0        0x4 ./Drivers/STM32F4xx_HAL_Driver/Src/stm32f4xx_hal.o
                0x0000000020004fa0                uwTick
 COMMON         0x0000000020004fa4       0x40 ./Middlewares/Third_Party/FreeRTOS/Source/queue.o
                0x0000000020004fa4                xQueueRegistry
 COMMON         0x0000000020004fe4        0x9 c:/st/stm32cubeide_1.8.0/stm32cubeide/plugins/com.st.stm32cube.ide.mcu.externaltools.gnu-tools-for-stm32.9-2020-q2-update.win32_2.0.0.202105311346/tools/bin/../lib/gcc/arm-none-eabi/9.3.1/../../../../arm-none-eabi/lib/thumb/v7e-m+fp/hard\libc_nano.a(lib_a-lock.o)
                0x0000000020004fe4                __lock___atexit_recursive_mutex
                0x0000000020004fe5                __lock___arc4random_mutex
                0x0000000020004fe6                __lock___env_recursive_mutex
                0x0000000020004fe7                __lock___sinit_recursive_mutex
                0x0000000020004fe8                __lock___malloc_recursive_mutex
                0x0000000020004fe9                __lock___at_quick_exit_mutex
                0x0000000020004fea                __lock___dd_hash_mutex
                0x0000000020004feb                __lock___tz_mutex
                0x0000000020004fec                __lock___sfp_recursive_mutex
                0x0000000020004ff0                . = ALIGN (0x4)
 *fill*         0x0000000020004fed        0x3 
                0x0000000020004ff0                _ebss = .
                0x0000000020004ff0                __bss_end__ = _ebss

._user_heap_stack
                0x0000000020004ff0      0x600 load address 0x000000000800610c
                0x0000000020004ff0                . = ALIGN (0x8)
                [!provide]                        PROVIDE (end = .)
                0x0000000020004ff0                PROVIDE (_end = .)
                0x00000000200051f0                . = (. + _Min_Heap_Size)
 *fill*         0x0000000020004ff0      0x200 
                0x00000000200055f0                . = (. + _Min_Stack_Size)
 *fill*         0x00000000200051f0      0x400 
                0x00000000200055f0                . = ALIGN (0x8)

/DISCARD/
 libc.a(*)
 libm.a(*)
 libgcc.a(*)

.ARM.attributes
                0x0000000000000000       0x30
 *(.ARM.attributes)
 .ARM.attributes
                0x0000000000000000       0x1e c:/st/stm32cubeide_1.8.0/stm32cubeide/plugins/com.st.stm32cube.ide.mcu.externaltools.gnu-tools-for-stm32.9-2020-q2-update.win32_2.0.0.202105311346/tools/bin/../lib/gcc/arm-none-eabi/9.3.1/thumb/v7e-m+fp/hard/crti.o
 .ARM.attributes
                0x000000000000001e       0x34 c:/st/stm32cubeide_1.8.0/stm32cubeide/plugins/com.st.stm32cube.ide.mcu.externaltools.gnu-tools-for-stm32.9-2020-q2-update.win32_2.0.0.202105311346/tools/bin/../lib/gcc/arm-none-eabi/9.3.1/thumb/v7e-m+fp/hard/crtbegin.o
 .ARM.attributes
                0x0000000000000052       0x34 ./Core/Inc/controllers/ST7565R.o
 .ARM.attributes
                0x0000000000000086       0x34 ./Core/Inc/devices/STM32F4.o
 .ARM.attributes
                0x00000000000000ba       0x34 ./Core/Src/glcd.o
 .ARM.attributes
                0x00000000000000ee       0x34 ./Core/Src/graphics.o
 .ARM.attributes
                0x0000000000000122       0x34 ./Core/Src/main.o
 .ARM.attributes
                0x0000000000000156       0x34 ./Core/Src/stm32f4xx_hal_msp.o
 .ARM.attributes
                0x000000000000018a       0x34 ./Core/Src/stm32f4xx_hal_timebase_tim.o
 .ARM.attributes
                0x00000000000001be       0x34 ./Core/Src/stm32f4xx_it.o
 .ARM.attributes
                0x00000000000001f2       0x34 ./Core/Src/system_stm32f4xx.o
 .ARM.attributes
                0x0000000000000226       0x21 ./Core/Startup/startup_stm32f446retx.o
 .ARM.attributes
                0x0000000000000247       0x34 ./Drivers/STM32F4xx_HAL_Driver/Src/stm32f4xx_hal.o
 .ARM.attributes
                0x000000000000027b       0x34 ./Drivers/STM32F4xx_HAL_Driver/Src/stm32f4xx_hal_cortex.o
 .ARM.attributes
                0x00000000000002af       0x34 ./Drivers/STM32F4xx_HAL_Driver/Src/stm32f4xx_hal_gpio.o
 .ARM.attributes
                0x00000000000002e3       0x34 ./Drivers/STM32F4xx_HAL_Driver/Src/stm32f4xx_hal_rcc.o
 .ARM.attributes
                0x0000000000000317       0x34 ./Drivers/STM32F4xx_HAL_Driver/Src/stm32f4xx_hal_rcc_ex.o
 .ARM.attributes
                0x000000000000034b       0x34 ./Drivers/STM32F4xx_HAL_Driver/Src/stm32f4xx_hal_spi.o
 .ARM.attributes
                0x000000000000037f       0x34 ./Drivers/STM32F4xx_HAL_Driver/Src/stm32f4xx_hal_tim.o
 .ARM.attributes
                0x00000000000003b3       0x34 ./Drivers/STM32F4xx_HAL_Driver/Src/stm32f4xx_hal_tim_ex.o
 .ARM.attributes
                0x00000000000003e7       0x34 ./Drivers/STM32F4xx_HAL_Driver/Src/stm32f4xx_hal_uart.o
 .ARM.attributes
                0x000000000000041b       0x34 ./Middlewares/Third_Party/FreeRTOS/Source/CMSIS_RTOS_V2/cmsis_os2.o
 .ARM.attributes
                0x000000000000044f       0x34 ./Middlewares/Third_Party/FreeRTOS/Source/list.o
 .ARM.attributes
                0x0000000000000483       0x34 ./Middlewares/Third_Party/FreeRTOS/Source/queue.o
 .ARM.attributes
                0x00000000000004b7       0x34 ./Middlewares/Third_Party/FreeRTOS/Source/tasks.o
 .ARM.attributes
                0x00000000000004eb       0x34 ./Middlewares/Third_Party/FreeRTOS/Source/timers.o
 .ARM.attributes
                0x000000000000051f       0x34 ./Middlewares/Third_Party/FreeRTOS/Source/portable/GCC/ARM_CM4F/port.o
 .ARM.attributes
                0x0000000000000553       0x34 ./Middlewares/Third_Party/FreeRTOS/Source/portable/MemMang/heap_4.o
 .ARM.attributes
                0x0000000000000587       0x34 c:/st/stm32cubeide_1.8.0/stm32cubeide/plugins/com.st.stm32cube.ide.mcu.externaltools.gnu-tools-for-stm32.9-2020-q2-update.win32_2.0.0.202105311346/tools/bin/../lib/gcc/arm-none-eabi/9.3.1/../../../../arm-none-eabi/lib/thumb/v7e-m+fp/hard\libc_nano.a(lib_a-findfp.o)
 .ARM.attributes
                0x00000000000005bb       0x32 c:/st/stm32cubeide_1.8.0/stm32cubeide/plugins/com.st.stm32cube.ide.mcu.externaltools.gnu-tools-for-stm32.9-2020-q2-update.win32_2.0.0.202105311346/tools/bin/../lib/gcc/arm-none-eabi/9.3.1/../../../../arm-none-eabi/lib/thumb/v7e-m+fp/hard\libc_nano.a(lib_a-impure.o)
 .ARM.attributes
                0x00000000000005ed       0x34 c:/st/stm32cubeide_1.8.0/stm32cubeide/plugins/com.st.stm32cube.ide.mcu.externaltools.gnu-tools-for-stm32.9-2020-q2-update.win32_2.0.0.202105311346/tools/bin/../lib/gcc/arm-none-eabi/9.3.1/../../../../arm-none-eabi/lib/thumb/v7e-m+fp/hard\libc_nano.a(lib_a-init.o)
 .ARM.attributes
                0x0000000000000621       0x34 c:/st/stm32cubeide_1.8.0/stm32cubeide/plugins/com.st.stm32cube.ide.mcu.externaltools.gnu-tools-for-stm32.9-2020-q2-update.win32_2.0.0.202105311346/tools/bin/../lib/gcc/arm-none-eabi/9.3.1/../../../../arm-none-eabi/lib/thumb/v7e-m+fp/hard\libc_nano.a(lib_a-lock.o)
 .ARM.attributes
                0x0000000000000655       0x34 c:/st/stm32cubeide_1.8.0/stm32cubeide/plugins/com.st.stm32cube.ide.mcu.externaltools.gnu-tools-for-stm32.9-2020-q2-update.win32_2.0.0.202105311346/tools/bin/../lib/gcc/arm-none-eabi/9.3.1/../../../../arm-none-eabi/lib/thumb/v7e-m+fp/hard\libc_nano.a(lib_a-memcpy-stub.o)
 .ARM.attributes
                0x0000000000000689       0x34 c:/st/stm32cubeide_1.8.0/stm32cubeide/plugins/com.st.stm32cube.ide.mcu.externaltools.gnu-tools-for-stm32.9-2020-q2-update.win32_2.0.0.202105311346/tools/bin/../lib/gcc/arm-none-eabi/9.3.1/../../../../arm-none-eabi/lib/thumb/v7e-m+fp/hard\libc_nano.a(lib_a-memset.o)
 .ARM.attributes
                0x00000000000006bd       0x34 c:/st/stm32cubeide_1.8.0/stm32cubeide/plugins/com.st.stm32cube.ide.mcu.externaltools.gnu-tools-for-stm32.9-2020-q2-update.win32_2.0.0.202105311346/tools/bin/../lib/gcc/arm-none-eabi/9.3.1/../../../../arm-none-eabi/lib/thumb/v7e-m+fp/hard\libc_nano.a(lib_a-nano-mallocr.o)
 .ARM.attributes
                0x00000000000006f1       0x34 c:/st/stm32cubeide_1.8.0/stm32cubeide/plugins/com.st.stm32cube.ide.mcu.externaltools.gnu-tools-for-stm32.9-2020-q2-update.win32_2.0.0.202105311346/tools/bin/../lib/gcc/arm-none-eabi/9.3.1/../../../../arm-none-eabi/lib/thumb/v7e-m+fp/hard\libc_nano.a(lib_a-reent.o)
 .ARM.attributes
                0x0000000000000725       0x34 c:/st/stm32cubeide_1.8.0/stm32cubeide/plugins/com.st.stm32cube.ide.mcu.externaltools.gnu-tools-for-stm32.9-2020-q2-update.win32_2.0.0.202105311346/tools/bin/../lib/gcc/arm-none-eabi/9.3.1/../../../../arm-none-eabi/lib/thumb/v7e-m+fp/hard\libc_nano.a(lib_a-mlock.o)
 .ARM.attributes
                0x0000000000000759       0x34 c:/st/stm32cubeide_1.8.0/stm32cubeide/plugins/com.st.stm32cube.ide.mcu.externaltools.gnu-tools-for-stm32.9-2020-q2-update.win32_2.0.0.202105311346/tools/bin/../lib/gcc/arm-none-eabi/9.3.1/../../../../arm-none-eabi/lib/thumb/v7e-m+fp/hard\libc_nano.a(lib_a-nano-freer.o)
 .ARM.attributes
                0x000000000000078d       0x1e c:/st/stm32cubeide_1.8.0/stm32cubeide/plugins/com.st.stm32cube.ide.mcu.externaltools.gnu-tools-for-stm32.9-2020-q2-update.win32_2.0.0.202105311346/tools/bin/../lib/gcc/arm-none-eabi/9.3.1/thumb/v7e-m+fp/hard\libgcc.a(_aeabi_uldivmod.o)
 .ARM.attributes
                0x00000000000007ab       0x34 c:/st/stm32cubeide_1.8.0/stm32cubeide/plugins/com.st.stm32cube.ide.mcu.externaltools.gnu-tools-for-stm32.9-2020-q2-update.win32_2.0.0.202105311346/tools/bin/../lib/gcc/arm-none-eabi/9.3.1/thumb/v7e-m+fp/hard\libgcc.a(_udivmoddi4.o)
 .ARM.attributes
                0x00000000000007df       0x1e c:/st/stm32cubeide_1.8.0/stm32cubeide/plugins/com.st.stm32cube.ide.mcu.externaltools.gnu-tools-for-stm32.9-2020-q2-update.win32_2.0.0.202105311346/tools/bin/../lib/gcc/arm-none-eabi/9.3.1/thumb/v7e-m+fp/hard\libgcc.a(_dvmd_tls.o)
 .ARM.attributes
                0x00000000000007fd       0x1e c:/st/stm32cubeide_1.8.0/stm32cubeide/plugins/com.st.stm32cube.ide.mcu.externaltools.gnu-tools-for-stm32.9-2020-q2-update.win32_2.0.0.202105311346/tools/bin/../lib/gcc/arm-none-eabi/9.3.1/thumb/v7e-m+fp/hard/crtn.o
OUTPUT(nucleo-glcd-driver.elf elf32-littlearm)
LOAD linker stubs
LOAD c:/st/stm32cubeide_1.8.0/stm32cubeide/plugins/com.st.stm32cube.ide.mcu.externaltools.gnu-tools-for-stm32.9-2020-q2-update.win32_2.0.0.202105311346/tools/bin/../lib/gcc/arm-none-eabi/9.3.1/../../../../arm-none-eabi/lib/thumb/v7e-m+fp/hard\libc.a
LOAD c:/st/stm32cubeide_1.8.0/stm32cubeide/plugins/com.st.stm32cube.ide.mcu.externaltools.gnu-tools-for-stm32.9-2020-q2-update.win32_2.0.0.202105311346/tools/bin/../lib/gcc/arm-none-eabi/9.3.1/../../../../arm-none-eabi/lib/thumb/v7e-m+fp/hard\libm.a
LOAD c:/st/stm32cubeide_1.8.0/stm32cubeide/plugins/com.st.stm32cube.ide.mcu.externaltools.gnu-tools-for-stm32.9-2020-q2-update.win32_2.0.0.202105311346/tools/bin/../lib/gcc/arm-none-eabi/9.3.1/thumb/v7e-m+fp/hard\libgcc.a

.debug_info     0x0000000000000000    0x22396
 .debug_info    0x0000000000000000      0xb06 ./Core/Inc/controllers/ST7565R.o
 .debug_info    0x0000000000000b06     0x121c ./Core/Inc/devices/STM32F4.o
 .debug_info    0x0000000000001d22     0x124f ./Core/Src/glcd.o
 .debug_info    0x0000000000002f71     0x1629 ./Core/Src/graphics.o
 .debug_info    0x000000000000459a     0x1fc6 ./Core/Src/main.o
 .debug_info    0x0000000000006560     0x135b ./Core/Src/stm32f4xx_hal_msp.o
 .debug_info    0x00000000000078bb      0xcc2 ./Core/Src/stm32f4xx_hal_timebase_tim.o
 .debug_info    0x000000000000857d      0x7cb ./Core/Src/stm32f4xx_it.o
 .debug_info    0x0000000000008d48      0x5dc ./Core/Src/system_stm32f4xx.o
 .debug_info    0x0000000000009324       0x22 ./Core/Startup/startup_stm32f446retx.o
 .debug_info    0x0000000000009346      0xa08 ./Drivers/STM32F4xx_HAL_Driver/Src/stm32f4xx_hal.o
 .debug_info    0x0000000000009d4e      0xef5 ./Drivers/STM32F4xx_HAL_Driver/Src/stm32f4xx_hal_cortex.o
 .debug_info    0x000000000000ac43      0x892 ./Drivers/STM32F4xx_HAL_Driver/Src/stm32f4xx_hal_gpio.o
 .debug_info    0x000000000000b4d5      0x9db ./Drivers/STM32F4xx_HAL_Driver/Src/stm32f4xx_hal_rcc.o
 .debug_info    0x000000000000beb0      0xa86 ./Drivers/STM32F4xx_HAL_Driver/Src/stm32f4xx_hal_rcc_ex.o
 .debug_info    0x000000000000c936     0x17c0 ./Drivers/STM32F4xx_HAL_Driver/Src/stm32f4xx_hal_spi.o
 .debug_info    0x000000000000e0f6     0x2c22 ./Drivers/STM32F4xx_HAL_Driver/Src/stm32f4xx_hal_tim.o
 .debug_info    0x0000000000010d18     0x15a2 ./Drivers/STM32F4xx_HAL_Driver/Src/stm32f4xx_hal_tim_ex.o
 .debug_info    0x00000000000122ba     0x31de ./Drivers/STM32F4xx_HAL_Driver/Src/stm32f4xx_hal_uart.o
 .debug_info    0x0000000000015498     0x3dd3 ./Middlewares/Third_Party/FreeRTOS/Source/CMSIS_RTOS_V2/cmsis_os2.o
 .debug_info    0x000000000001926b      0xb82 ./Middlewares/Third_Party/FreeRTOS/Source/list.o
 .debug_info    0x0000000000019ded     0x23b0 ./Middlewares/Third_Party/FreeRTOS/Source/queue.o
 .debug_info    0x000000000001c19d     0x2ae2 ./Middlewares/Third_Party/FreeRTOS/Source/tasks.o
 .debug_info    0x000000000001ec7f     0x1c03 ./Middlewares/Third_Party/FreeRTOS/Source/timers.o
 .debug_info    0x0000000000020882      0xd8a ./Middlewares/Third_Party/FreeRTOS/Source/portable/GCC/ARM_CM4F/port.o
 .debug_info    0x000000000002160c      0xd8a ./Middlewares/Third_Party/FreeRTOS/Source/portable/MemMang/heap_4.o

.debug_abbrev   0x0000000000000000     0x3f92
 .debug_abbrev  0x0000000000000000      0x1ed ./Core/Inc/controllers/ST7565R.o
 .debug_abbrev  0x00000000000001ed      0x243 ./Core/Inc/devices/STM32F4.o
 .debug_abbrev  0x0000000000000430      0x297 ./Core/Src/glcd.o
 .debug_abbrev  0x00000000000006c7      0x2b0 ./Core/Src/graphics.o
 .debug_abbrev  0x0000000000000977      0x330 ./Core/Src/main.o
 .debug_abbrev  0x0000000000000ca7      0x1e4 ./Core/Src/stm32f4xx_hal_msp.o
 .debug_abbrev  0x0000000000000e8b      0x1bf ./Core/Src/stm32f4xx_hal_timebase_tim.o
 .debug_abbrev  0x000000000000104a      0x176 ./Core/Src/stm32f4xx_it.o
 .debug_abbrev  0x00000000000011c0      0x145 ./Core/Src/system_stm32f4xx.o
 .debug_abbrev  0x0000000000001305       0x12 ./Core/Startup/startup_stm32f446retx.o
 .debug_abbrev  0x0000000000001317      0x1ed ./Drivers/STM32F4xx_HAL_Driver/Src/stm32f4xx_hal.o
 .debug_abbrev  0x0000000000001504      0x33c ./Drivers/STM32F4xx_HAL_Driver/Src/stm32f4xx_hal_cortex.o
 .debug_abbrev  0x0000000000001840      0x1f1 ./Drivers/STM32F4xx_HAL_Driver/Src/stm32f4xx_hal_gpio.o
 .debug_abbrev  0x0000000000001a31      0x275 ./Drivers/STM32F4xx_HAL_Driver/Src/stm32f4xx_hal_rcc.o
 .debug_abbrev  0x0000000000001ca6      0x1e2 ./Drivers/STM32F4xx_HAL_Driver/Src/stm32f4xx_hal_rcc_ex.o
 .debug_abbrev  0x0000000000001e88      0x26e ./Drivers/STM32F4xx_HAL_Driver/Src/stm32f4xx_hal_spi.o
 .debug_abbrev  0x00000000000020f6      0x25e ./Drivers/STM32F4xx_HAL_Driver/Src/stm32f4xx_hal_tim.o
 .debug_abbrev  0x0000000000002354      0x266 ./Drivers/STM32F4xx_HAL_Driver/Src/stm32f4xx_hal_tim_ex.o
 .debug_abbrev  0x00000000000025ba      0x2eb ./Drivers/STM32F4xx_HAL_Driver/Src/stm32f4xx_hal_uart.o
 .debug_abbrev  0x00000000000028a5      0x4bd ./Middlewares/Third_Party/FreeRTOS/Source/CMSIS_RTOS_V2/cmsis_os2.o
 .debug_abbrev  0x0000000000002d62      0x1f7 ./Middlewares/Third_Party/FreeRTOS/Source/list.o
 .debug_abbrev  0x0000000000002f59      0x380 ./Middlewares/Third_Party/FreeRTOS/Source/queue.o
 .debug_abbrev  0x00000000000032d9      0x39a ./Middlewares/Third_Party/FreeRTOS/Source/tasks.o
 .debug_abbrev  0x0000000000003673      0x317 ./Middlewares/Third_Party/FreeRTOS/Source/timers.o
 .debug_abbrev  0x000000000000398a      0x335 ./Middlewares/Third_Party/FreeRTOS/Source/portable/GCC/ARM_CM4F/port.o
 .debug_abbrev  0x0000000000003cbf      0x2d3 ./Middlewares/Third_Party/FreeRTOS/Source/portable/MemMang/heap_4.o

.debug_aranges  0x0000000000000000     0x17b0
 .debug_aranges
                0x0000000000000000       0x98 ./Core/Inc/controllers/ST7565R.o
 .debug_aranges
                0x0000000000000098       0x40 ./Core/Inc/devices/STM32F4.o
 .debug_aranges
                0x00000000000000d8       0x60 ./Core/Src/glcd.o
 .debug_aranges
                0x0000000000000138       0x78 ./Core/Src/graphics.o
 .debug_aranges
                0x00000000000001b0       0x60 ./Core/Src/main.o
 .debug_aranges
                0x0000000000000210       0x50 ./Core/Src/stm32f4xx_hal_msp.o
 .debug_aranges
                0x0000000000000260       0x30 ./Core/Src/stm32f4xx_hal_timebase_tim.o
 .debug_aranges
                0x0000000000000290       0x50 ./Core/Src/stm32f4xx_it.o
 .debug_aranges
                0x00000000000002e0       0x28 ./Core/Src/system_stm32f4xx.o
 .debug_aranges
                0x0000000000000308       0x28 ./Core/Startup/startup_stm32f446retx.o
 .debug_aranges
                0x0000000000000330       0xf0 ./Drivers/STM32F4xx_HAL_Driver/Src/stm32f4xx_hal.o
 .debug_aranges
                0x0000000000000420      0x118 ./Drivers/STM32F4xx_HAL_Driver/Src/stm32f4xx_hal_cortex.o
 .debug_aranges
                0x0000000000000538       0x58 ./Drivers/STM32F4xx_HAL_Driver/Src/stm32f4xx_hal_gpio.o
 .debug_aranges
                0x0000000000000590       0x88 ./Drivers/STM32F4xx_HAL_Driver/Src/stm32f4xx_hal_rcc.o
 .debug_aranges
                0x0000000000000618       0x78 ./Drivers/STM32F4xx_HAL_Driver/Src/stm32f4xx_hal_rcc_ex.o
 .debug_aranges
                0x0000000000000690      0x1d0 ./Drivers/STM32F4xx_HAL_Driver/Src/stm32f4xx_hal_spi.o
 .debug_aranges
                0x0000000000000860      0x3d0 ./Drivers/STM32F4xx_HAL_Driver/Src/stm32f4xx_hal_tim.o
 .debug_aranges
                0x0000000000000c30      0x168 ./Drivers/STM32F4xx_HAL_Driver/Src/stm32f4xx_hal_tim_ex.o
 .debug_aranges
                0x0000000000000d98      0x200 ./Drivers/STM32F4xx_HAL_Driver/Src/stm32f4xx_hal_uart.o
 .debug_aranges
                0x0000000000000f98      0x2b0 ./Middlewares/Third_Party/FreeRTOS/Source/CMSIS_RTOS_V2/cmsis_os2.o
 .debug_aranges
                0x0000000000001248       0x40 ./Middlewares/Third_Party/FreeRTOS/Source/list.o
 .debug_aranges
                0x0000000000001288      0x158 ./Middlewares/Third_Party/FreeRTOS/Source/queue.o
 .debug_aranges
                0x00000000000013e0      0x208 ./Middlewares/Third_Party/FreeRTOS/Source/tasks.o
 .debug_aranges
                0x00000000000015e8       0xf0 ./Middlewares/Third_Party/FreeRTOS/Source/timers.o
 .debug_aranges
                0x00000000000016d8       0x80 ./Middlewares/Third_Party/FreeRTOS/Source/portable/GCC/ARM_CM4F/port.o
 .debug_aranges
                0x0000000000001758       0x58 ./Middlewares/Third_Party/FreeRTOS/Source/portable/MemMang/heap_4.o

.debug_ranges   0x0000000000000000     0x1660
 .debug_ranges  0x0000000000000000       0xa0 ./Core/Inc/controllers/ST7565R.o
 .debug_ranges  0x00000000000000a0       0x30 ./Core/Inc/devices/STM32F4.o
 .debug_ranges  0x00000000000000d0       0x50 ./Core/Src/glcd.o
 .debug_ranges  0x0000000000000120       0x68 ./Core/Src/graphics.o
 .debug_ranges  0x0000000000000188       0x50 ./Core/Src/main.o
 .debug_ranges  0x00000000000001d8       0x40 ./Core/Src/stm32f4xx_hal_msp.o
 .debug_ranges  0x0000000000000218       0x20 ./Core/Src/stm32f4xx_hal_timebase_tim.o
 .debug_ranges  0x0000000000000238       0x40 ./Core/Src/stm32f4xx_it.o
 .debug_ranges  0x0000000000000278       0x18 ./Core/Src/system_stm32f4xx.o
 .debug_ranges  0x0000000000000290       0x20 ./Core/Startup/startup_stm32f446retx.o
 .debug_ranges  0x00000000000002b0       0xe0 ./Drivers/STM32F4xx_HAL_Driver/Src/stm32f4xx_hal.o
 .debug_ranges  0x0000000000000390      0x108 ./Drivers/STM32F4xx_HAL_Driver/Src/stm32f4xx_hal_cortex.o
 .debug_ranges  0x0000000000000498       0x48 ./Drivers/STM32F4xx_HAL_Driver/Src/stm32f4xx_hal_gpio.o
 .debug_ranges  0x00000000000004e0       0x78 ./Drivers/STM32F4xx_HAL_Driver/Src/stm32f4xx_hal_rcc.o
 .debug_ranges  0x0000000000000558       0x68 ./Drivers/STM32F4xx_HAL_Driver/Src/stm32f4xx_hal_rcc_ex.o
 .debug_ranges  0x00000000000005c0      0x1c0 ./Drivers/STM32F4xx_HAL_Driver/Src/stm32f4xx_hal_spi.o
 .debug_ranges  0x0000000000000780      0x3c0 ./Drivers/STM32F4xx_HAL_Driver/Src/stm32f4xx_hal_tim.o
 .debug_ranges  0x0000000000000b40      0x158 ./Drivers/STM32F4xx_HAL_Driver/Src/stm32f4xx_hal_tim_ex.o
 .debug_ranges  0x0000000000000c98      0x220 ./Drivers/STM32F4xx_HAL_Driver/Src/stm32f4xx_hal_uart.o
 .debug_ranges  0x0000000000000eb8      0x2a0 ./Middlewares/Third_Party/FreeRTOS/Source/CMSIS_RTOS_V2/cmsis_os2.o
 .debug_ranges  0x0000000000001158       0x30 ./Middlewares/Third_Party/FreeRTOS/Source/list.o
 .debug_ranges  0x0000000000001188      0x148 ./Middlewares/Third_Party/FreeRTOS/Source/queue.o
 .debug_ranges  0x00000000000012d0      0x1f8 ./Middlewares/Third_Party/FreeRTOS/Source/tasks.o
 .debug_ranges  0x00000000000014c8       0xe0 ./Middlewares/Third_Party/FreeRTOS/Source/timers.o
 .debug_ranges  0x00000000000015a8       0x70 ./Middlewares/Third_Party/FreeRTOS/Source/portable/GCC/ARM_CM4F/port.o
 .debug_ranges  0x0000000000001618       0x48 ./Middlewares/Third_Party/FreeRTOS/Source/portable/MemMang/heap_4.o

.debug_macro    0x0000000000000000    0x24ac1
 .debug_macro   0x0000000000000000      0x250 ./Core/Inc/controllers/ST7565R.o
 .debug_macro   0x0000000000000250       0x2e ./Core/Inc/controllers/ST7565R.o
 .debug_macro   0x000000000000027e       0x28 ./Core/Inc/controllers/ST7565R.o
 .debug_macro   0x00000000000002a6       0x22 ./Core/Inc/controllers/ST7565R.o
 .debug_macro   0x00000000000002c8       0x8e ./Core/Inc/controllers/ST7565R.o
 .debug_macro   0x0000000000000356       0x51 ./Core/Inc/controllers/ST7565R.o
 .debug_macro   0x00000000000003a7      0x103 ./Core/Inc/controllers/ST7565R.o
 .debug_macro   0x00000000000004aa       0x6a ./Core/Inc/controllers/ST7565R.o
 .debug_macro   0x0000000000000514      0x1df ./Core/Inc/controllers/ST7565R.o
 .debug_macro   0x00000000000006f3       0x1c ./Core/Inc/controllers/ST7565R.o
 .debug_macro   0x000000000000070f       0x22 ./Core/Inc/controllers/ST7565R.o
 .debug_macro   0x0000000000000731       0xdf ./Core/Inc/controllers/ST7565R.o
 .debug_macro   0x0000000000000810     0x102d ./Core/Inc/controllers/ST7565R.o
 .debug_macro   0x000000000000183d      0x11f ./Core/Inc/controllers/ST7565R.o
 .debug_macro   0x000000000000195c    0x16749 ./Core/Inc/controllers/ST7565R.o
 .debug_macro   0x00000000000180a5       0x6d ./Core/Inc/controllers/ST7565R.o
 .debug_macro   0x0000000000018112      0x2a1 ./Core/Inc/controllers/ST7565R.o
 .debug_macro   0x00000000000183b3     0x3666 ./Core/Inc/controllers/ST7565R.o
 .debug_macro   0x000000000001ba19      0x174 ./Core/Inc/controllers/ST7565R.o
 .debug_macro   0x000000000001bb8d       0x5c ./Core/Inc/controllers/ST7565R.o
 .debug_macro   0x000000000001bbe9      0xc90 ./Core/Inc/controllers/ST7565R.o
 .debug_macro   0x000000000001c879      0x9fe ./Core/Inc/controllers/ST7565R.o
 .debug_macro   0x000000000001d277      0x116 ./Core/Inc/controllers/ST7565R.o
 .debug_macro   0x000000000001d38d      0x1a0 ./Core/Inc/controllers/ST7565R.o
 .debug_macro   0x000000000001d52d       0xa5 ./Core/Inc/controllers/ST7565R.o
 .debug_macro   0x000000000001d5d2      0x16d ./Core/Inc/controllers/ST7565R.o
 .debug_macro   0x000000000001d73f      0x287 ./Core/Inc/controllers/ST7565R.o
 .debug_macro   0x000000000001d9c6       0x5f ./Core/Inc/controllers/ST7565R.o
 .debug_macro   0x000000000001da25      0x236 ./Core/Inc/controllers/ST7565R.o
 .debug_macro   0x000000000001dc5b      0x132 ./Core/Inc/controllers/ST7565R.o
 .debug_macro   0x000000000001dd8d      0x29c ./Core/Inc/controllers/ST7565R.o
 .debug_macro   0x000000000001e029       0x2e ./Core/Inc/controllers/ST7565R.o
 .debug_macro   0x000000000001e057      0x11a ./Core/Inc/controllers/ST7565R.o
 .debug_macro   0x000000000001e171       0xe8 ./Core/Inc/controllers/ST7565R.o
 .debug_macro   0x000000000001e259       0x89 ./Core/Inc/controllers/ST7565R.o
 .debug_macro   0x000000000001e2e2      0x225 ./Core/Inc/controllers/ST7565R.o
 .debug_macro   0x000000000001e507      0x8d1 ./Core/Inc/controllers/ST7565R.o
 .debug_macro   0x000000000001edd8       0x4d ./Core/Inc/controllers/ST7565R.o
 .debug_macro   0x000000000001ee25      0x295 ./Core/Inc/controllers/ST7565R.o
 .debug_macro   0x000000000001f0ba      0x126 ./Core/Inc/controllers/ST7565R.o
 .debug_macro   0x000000000001f1e0       0x7f ./Core/Inc/controllers/ST7565R.o
 .debug_macro   0x000000000001f25f       0x4c ./Core/Inc/controllers/ST7565R.o
 .debug_macro   0x000000000001f2ab       0x1e ./Core/Inc/controllers/ST7565R.o
 .debug_macro   0x000000000001f2c9       0x10 ./Core/Inc/controllers/ST7565R.o
 .debug_macro   0x000000000001f2d9       0x51 ./Core/Inc/controllers/ST7565R.o
 .debug_macro   0x000000000001f32a      0x387 ./Core/Inc/devices/STM32F4.o
 .debug_macro   0x000000000001f6b1       0x79 ./Core/Inc/devices/STM32F4.o
 .debug_macro   0x000000000001f72a      0x16f ./Core/Inc/devices/STM32F4.o
 .debug_macro   0x000000000001f899      0x15a ./Core/Inc/devices/STM32F4.o
 .debug_macro   0x000000000001f9f3       0xc9 ./Core/Inc/devices/STM32F4.o
 .debug_macro   0x000000000001fabc       0x1c ./Core/Inc/devices/STM32F4.o
 .debug_macro   0x000000000001fad8       0x26 ./Core/Inc/devices/STM32F4.o
 .debug_macro   0x000000000001fafe       0x52 ./Core/Inc/devices/STM32F4.o
 .debug_macro   0x000000000001fb50       0x18 ./Core/Inc/devices/STM32F4.o
 .debug_macro   0x000000000001fb68       0x3c ./Core/Inc/devices/STM32F4.o
 .debug_macro   0x000000000001fba4       0x34 ./Core/Inc/devices/STM32F4.o
 .debug_macro   0x000000000001fbd8       0x16 ./Core/Inc/devices/STM32F4.o
 .debug_macro   0x000000000001fbee       0x43 ./Core/Inc/devices/STM32F4.o
 .debug_macro   0x000000000001fc31       0x34 ./Core/Inc/devices/STM32F4.o
 .debug_macro   0x000000000001fc65       0x10 ./Core/Inc/devices/STM32F4.o
 .debug_macro   0x000000000001fc75       0x58 ./Core/Inc/devices/STM32F4.o
 .debug_macro   0x000000000001fccd       0x71 ./Core/Inc/devices/STM32F4.o
 .debug_macro   0x000000000001fd3e       0x1c ./Core/Inc/devices/STM32F4.o
 .debug_macro   0x000000000001fd5a      0x12a ./Core/Inc/devices/STM32F4.o
 .debug_macro   0x000000000001fe84       0x10 ./Core/Inc/devices/STM32F4.o
 .debug_macro   0x000000000001fe94       0x35 ./Core/Inc/devices/STM32F4.o
 .debug_macro   0x000000000001fec9      0x4bf ./Core/Inc/devices/STM32F4.o
 .debug_macro   0x0000000000020388       0xb5 ./Core/Inc/devices/STM32F4.o
 .debug_macro   0x000000000002043d       0xaa ./Core/Inc/devices/STM32F4.o
 .debug_macro   0x00000000000204e7       0x66 ./Core/Inc/devices/STM32F4.o
 .debug_macro   0x000000000002054d       0x74 ./Core/Inc/devices/STM32F4.o
 .debug_macro   0x00000000000205c1       0xdd ./Core/Inc/devices/STM32F4.o
 .debug_macro   0x000000000002069e      0x3d9 ./Core/Src/glcd.o
 .debug_macro   0x0000000000020a77       0x4c ./Core/Src/glcd.o
 .debug_macro   0x0000000000020ac3       0x94 ./Core/Src/glcd.o
 .debug_macro   0x0000000000020b57       0x57 ./Core/Src/glcd.o
 .debug_macro   0x0000000000020bae      0x339 ./Core/Src/glcd.o
 .debug_macro   0x0000000000020ee7       0x10 ./Core/Src/glcd.o
 .debug_macro   0x0000000000020ef7       0x20 ./Core/Src/glcd.o
 .debug_macro   0x0000000000020f17       0x1c ./Core/Src/glcd.o
 .debug_macro   0x0000000000020f33       0x10 ./Core/Src/glcd.o
 .debug_macro   0x0000000000020f43       0x10 ./Core/Src/glcd.o
 .debug_macro   0x0000000000020f53       0x1c ./Core/Src/glcd.o
 .debug_macro   0x0000000000020f6f       0x52 ./Core/Src/glcd.o
 .debug_macro   0x0000000000020fc1       0x22 ./Core/Src/glcd.o
 .debug_macro   0x0000000000020fe3       0x10 ./Core/Src/glcd.o
 .debug_macro   0x0000000000020ff3       0x40 ./Core/Src/glcd.o
 .debug_macro   0x0000000000021033       0xd5 ./Core/Src/glcd.o
 .debug_macro   0x0000000000021108       0x1c ./Core/Src/glcd.o
 .debug_macro   0x0000000000021124       0x3d ./Core/Src/glcd.o
 .debug_macro   0x0000000000021161       0x16 ./Core/Src/glcd.o
 .debug_macro   0x0000000000021177      0x145 ./Core/Src/glcd.o
 .debug_macro   0x00000000000212bc       0xd9 ./Core/Src/glcd.o
 .debug_macro   0x0000000000021395       0x56 ./Core/Src/glcd.o
 .debug_macro   0x00000000000213eb      0x40d ./Core/Src/graphics.o
 .debug_macro   0x00000000000217f8       0x16 ./Core/Src/graphics.o
 .debug_macro   0x000000000002180e       0x97 ./Core/Src/graphics.o
 .debug_macro   0x00000000000218a5       0xfd ./Core/Src/graphics.o
 .debug_macro   0x00000000000219a2       0x16 ./Core/Src/graphics.o
 .debug_macro   0x00000000000219b8       0x16 ./Core/Src/graphics.o
 .debug_macro   0x00000000000219ce       0x29 ./Core/Src/graphics.o
 .debug_macro   0x00000000000219f7       0x16 ./Core/Src/graphics.o
 .debug_macro   0x0000000000021a0d      0x3e4 ./Core/Src/main.o
 .debug_macro   0x0000000000021df1      0x1e7 ./Core/Src/stm32f4xx_hal_msp.o
 .debug_macro   0x0000000000021fd8      0x1d8 ./Core/Src/stm32f4xx_hal_timebase_tim.o
 .debug_macro   0x00000000000221b0      0x1f1 ./Core/Src/stm32f4xx_it.o
 .debug_macro   0x00000000000223a1      0x1d8 ./Core/Src/system_stm32f4xx.o
 .debug_macro   0x0000000000022579      0x238 ./Drivers/STM32F4xx_HAL_Driver/Src/stm32f4xx_hal.o
 .debug_macro   0x00000000000227b1      0x1d8 ./Drivers/STM32F4xx_HAL_Driver/Src/stm32f4xx_hal_cortex.o
 .debug_macro   0x0000000000022989      0x1de ./Drivers/STM32F4xx_HAL_Driver/Src/stm32f4xx_hal_gpio.o
 .debug_macro   0x0000000000022b67      0x1fc ./Drivers/STM32F4xx_HAL_Driver/Src/stm32f4xx_hal_rcc.o
 .debug_macro   0x0000000000022d63      0x1d8 ./Drivers/STM32F4xx_HAL_Driver/Src/stm32f4xx_hal_rcc_ex.o
 .debug_macro   0x0000000000022f3b      0x1e7 ./Drivers/STM32F4xx_HAL_Driver/Src/stm32f4xx_hal_spi.o
 .debug_macro   0x0000000000023122      0x1d9 ./Drivers/STM32F4xx_HAL_Driver/Src/stm32f4xx_hal_tim.o
 .debug_macro   0x00000000000232fb      0x1d8 ./Drivers/STM32F4xx_HAL_Driver/Src/stm32f4xx_hal_tim_ex.o
 .debug_macro   0x00000000000234d3      0x1d9 ./Drivers/STM32F4xx_HAL_Driver/Src/stm32f4xx_hal_uart.o
 .debug_macro   0x00000000000236ac      0x3e1 ./Middlewares/Third_Party/FreeRTOS/Source/CMSIS_RTOS_V2/cmsis_os2.o
 .debug_macro   0x0000000000023a8d       0x10 ./Middlewares/Third_Party/FreeRTOS/Source/CMSIS_RTOS_V2/cmsis_os2.o
 .debug_macro   0x0000000000023a9d       0xd3 ./Middlewares/Third_Party/FreeRTOS/Source/CMSIS_RTOS_V2/cmsis_os2.o
 .debug_macro   0x0000000000023b70       0x16 ./Middlewares/Third_Party/FreeRTOS/Source/CMSIS_RTOS_V2/cmsis_os2.o
 .debug_macro   0x0000000000023b86       0x91 ./Middlewares/Third_Party/FreeRTOS/Source/CMSIS_RTOS_V2/cmsis_os2.o
 .debug_macro   0x0000000000023c17       0x8d ./Middlewares/Third_Party/FreeRTOS/Source/CMSIS_RTOS_V2/cmsis_os2.o
 .debug_macro   0x0000000000023ca4       0x9a ./Middlewares/Third_Party/FreeRTOS/Source/CMSIS_RTOS_V2/cmsis_os2.o
 .debug_macro   0x0000000000023d3e       0x22 ./Middlewares/Third_Party/FreeRTOS/Source/CMSIS_RTOS_V2/cmsis_os2.o
 .debug_macro   0x0000000000023d60      0x199 ./Middlewares/Third_Party/FreeRTOS/Source/list.o
 .debug_macro   0x0000000000023ef9      0x228 ./Middlewares/Third_Party/FreeRTOS/Source/queue.o
 .debug_macro   0x0000000000024121       0x87 ./Middlewares/Third_Party/FreeRTOS/Source/queue.o
 .debug_macro   0x00000000000241a8      0x291 ./Middlewares/Third_Party/FreeRTOS/Source/tasks.o
 .debug_macro   0x0000000000024439       0x10 ./Middlewares/Third_Party/FreeRTOS/Source/tasks.o
 .debug_macro   0x0000000000024449      0x1ee ./Middlewares/Third_Party/FreeRTOS/Source/timers.o