Archive member included to satisfy reference by file (symbol)

c:/st/stm32cubeide_1.8.0/stm32cubeide/plugins/com.st.stm32cube.ide.mcu.externaltools.gnu-tools-for-stm32.9-2020-q2-update.win32_2.0.0.202105311346/tools/bin/../lib/gcc/arm-none-eabi/9.3.1/../../../../arm-none-eabi/lib/thumb/v7e-m+fp/hard\libc_nano.a(lib_a-errno.o)
                              ./Core/Src/syscalls.o (__errno)
c:/st/stm32cubeide_1.8.0/stm32cubeide/plugins/com.st.stm32cube.ide.mcu.externaltools.gnu-tools-for-stm32.9-2020-q2-update.win32_2.0.0.202105311346/tools/bin/../lib/gcc/arm-none-eabi/9.3.1/../../../../arm-none-eabi/lib/thumb/v7e-m+fp/hard\libc_nano.a(lib_a-exit.o)
                              c:/st/stm32cubeide_1.8.0/stm32cubeide/plugins/com.st.stm32cube.ide.mcu.externaltools.gnu-tools-for-stm32.9-2020-q2-update.win32_2.0.0.202105311346/tools/bin/../lib/gcc/arm-none-eabi/9.3.1/../../../../arm-none-eabi/lib/thumb/v7e-m+fp/hard/crt0.o (exit)
c:/st/stm32cubeide_1.8.0/stm32cubeide/plugins/com.st.stm32cube.ide.mcu.externaltools.gnu-tools-for-stm32.9-2020-q2-update.win32_2.0.0.202105311346/tools/bin/../lib/gcc/arm-none-eabi/9.3.1/../../../../arm-none-eabi/lib/thumb/v7e-m+fp/hard\libc_nano.a(lib_a-findfp.o)
                              ./Middlewares/Third_Party/FreeRTOS/Source/tasks.o (__sf_fake_stderr)
c:/st/stm32cubeide_1.8.0/stm32cubeide/plugins/com.st.stm32cube.ide.mcu.externaltools.gnu-tools-for-stm32.9-2020-q2-update.win32_2.0.0.202105311346/tools/bin/../lib/gcc/arm-none-eabi/9.3.1/../../../../arm-none-eabi/lib/thumb/v7e-m+fp/hard\libc_nano.a(lib_a-fwalk.o)
                              c:/st/stm32cubeide_1.8.0/stm32cubeide/plugins/com.st.stm32cube.ide.mcu.externaltools.gnu-tools-for-stm32.9-2020-q2-update.win32_2.0.0.202105311346/tools/bin/../lib/gcc/arm-none-eabi/9.3.1/../../../../arm-none-eabi/lib/thumb/v7e-m+fp/hard\libc_nano.a(lib_a-findfp.o) (_fwalk)
c:/st/stm32cubeide_1.8.0/stm32cubeide/plugins/com.st.stm32cube.ide.mcu.externaltools.gnu-tools-for-stm32.9-2020-q2-update.win32_2.0.0.202105311346/tools/bin/../lib/gcc/arm-none-eabi/9.3.1/../../../../arm-none-eabi/lib/thumb/v7e-m+fp/hard\libc_nano.a(lib_a-impure.o)
                              c:/st/stm32cubeide_1.8.0/stm32cubeide/plugins/com.st.stm32cube.ide.mcu.externaltools.gnu-tools-for-stm32.9-2020-q2-update.win32_2.0.0.202105311346/tools/bin/../lib/gcc/arm-none-eabi/9.3.1/../../../../arm-none-eabi/lib/thumb/v7e-m+fp/hard\libc_nano.a(lib_a-exit.o) (_global_impure_ptr)
c:/st/stm32cubeide_1.8.0/stm32cubeide/plugins/com.st.stm32cube.ide.mcu.externaltools.gnu-tools-for-stm32.9-2020-q2-update.win32_2.0.0.202105311346/tools/bin/../lib/gcc/arm-none-eabi/9.3.1/../../../../arm-none-eabi/lib/thumb/v7e-m+fp/hard\libc_nano.a(lib_a-init.o)
                              c:/st/stm32cubeide_1.8.0/stm32cubeide/plugins/com.st.stm32cube.ide.mcu.externaltools.gnu-tools-for-stm32.9-2020-q2-update.win32_2.0.0.202105311346/tools/bin/../lib/gcc/arm-none-eabi/9.3.1/../../../../arm-none-eabi/lib/thumb/v7e-m+fp/hard/crt0.o (__libc_init_array)
c:/st/stm32cubeide_1.8.0/stm32cubeide/plugins/com.st.stm32cube.ide.mcu.externaltools.gnu-tools-for-stm32.9-2020-q2-update.win32_2.0.0.202105311346/tools/bin/../lib/gcc/arm-none-eabi/9.3.1/../../../../arm-none-eabi/lib/thumb/v7e-m+fp/hard\libc_nano.a(lib_a-lock.o)
                              c:/st/stm32cubeide_1.8.0/stm32cubeide/plugins/com.st.stm32cube.ide.mcu.externaltools.gnu-tools-for-stm32.9-2020-q2-update.win32_2.0.0.202105311346/tools/bin/../lib/gcc/arm-none-eabi/9.3.1/../../../../arm-none-eabi/lib/thumb/v7e-m+fp/hard\libc_nano.a(lib_a-findfp.o) (__retarget_lock_init_recursive)
c:/st/stm32cubeide_1.8.0/stm32cubeide/plugins/com.st.stm32cube.ide.mcu.externaltools.gnu-tools-for-stm32.9-2020-q2-update.win32_2.0.0.202105311346/tools/bin/../lib/gcc/arm-none-eabi/9.3.1/../../../../arm-none-eabi/lib/thumb/v7e-m+fp/hard\libc_nano.a(lib_a-memcpy-stub.o)
                              ./Core/Src/glcd.o (memcpy)
c:/st/stm32cubeide_1.8.0/stm32cubeide/plugins/com.st.stm32cube.ide.mcu.externaltools.gnu-tools-for-stm32.9-2020-q2-update.win32_2.0.0.202105311346/tools/bin/../lib/gcc/arm-none-eabi/9.3.1/../../../../arm-none-eabi/lib/thumb/v7e-m+fp/hard\libc_nano.a(lib_a-memset.o)
                              c:/st/stm32cubeide_1.8.0/stm32cubeide/plugins/com.st.stm32cube.ide.mcu.externaltools.gnu-tools-for-stm32.9-2020-q2-update.win32_2.0.0.202105311346/tools/bin/../lib/gcc/arm-none-eabi/9.3.1/../../../../arm-none-eabi/lib/thumb/v7e-m+fp/hard/crt0.o (memset)
c:/st/stm32cubeide_1.8.0/stm32cubeide/plugins/com.st.stm32cube.ide.mcu.externaltools.gnu-tools-for-stm32.9-2020-q2-update.win32_2.0.0.202105311346/tools/bin/../lib/gcc/arm-none-eabi/9.3.1/../../../../arm-none-eabi/lib/thumb/v7e-m+fp/hard\libc_nano.a(lib_a-nano-mallocr.o)
[...]
Memory Configuration

Name             Origin             Length             Attributes
RAM              0x0000000020000000 0x0000000000020000 xrw
FLASH            0x0000000008000000 0x0000000000080000 xr
*default*        0x0000000000000000 0xffffffffffffffff

Linker script and memory map

LOAD c:/st/stm32cubeide_1.8.0/stm32cubeide/plugins/com.st.stm32cube.ide.mcu.externaltools.gnu-tools-for-stm32.9-2020-q2-update.win32_2.0.0.202105311346/tools/bin/../lib/gcc/arm-none-eabi/9.3.1/thumb/v7e-m+fp/hard/crti.o
LOAD c:/st/stm32cubeide_1.8.0/stm32cubeide/plugins/com.st.stm32cube.ide.mcu.externaltools.gnu-tools-for-stm32.9-2020-q2-update.win32_2.0.0.202105311346/tools/bin/../lib/gcc/arm-none-eabi/9.3.1/thumb/v7e-m+fp/hard/crtbegin.o
LOAD c:/st/stm32cubeide_1.8.0/stm32cubeide/plugins/com.st.stm32cube.ide.mcu.externaltools.gnu-tools-for-stm32.9-2020-q2-update.win32_2.0.0.202105311346/tools/bin/../lib/gcc/arm-none-eabi/9.3.1/../../../../arm-none-eabi/lib/thumb/v7e-m+fp/hard/crt0.o
LOAD ./Core/Inc/controllers/NT75451.o
LOAD ./Core/Inc/controllers/PCD8544.o
LOAD ./Core/Inc/controllers/ST7565R.o
LOAD ./Core/Inc/devices/AVR8.o
LOAD ./Core/Inc/devices/LPC111x.o
LOAD ./Core/Inc/devices/LPC11Uxx.o
LOAD ./Core/Inc/devices/PIC24H.o
LOAD ./Core/Inc/devices/PIC32.o
LOAD ./Core/Inc/devices/STM32F0xx.o
LOAD ./Core/Inc/devices/STM32F10x.o
LOAD ./Core/Inc/devices/STM32F4.o
LOAD ./Core/Src/freertos.o
LOAD ./Core/Src/glcd.o
LOAD ./Core/Src/graphics.o
LOAD ./Core/Src/graphs.o
LOAD ./Core/Src/main.o
LOAD ./Core/Src/stm32f4xx_hal_msp.o
LOAD ./Core/Src/stm32f4xx_hal_timebase_tim.o
LOAD ./Core/Src/stm32f4xx_it.o
LOAD ./Core/Src/syscalls.o
LOAD ./Core/Src/sysmem.o
LOAD ./Core/Src/system_stm32f4xx.o
LOAD ./Core/Src/text.o
LOAD ./Core/Src/text_tiny.o
LOAD ./Core/Src/unit_tests.o
LOAD ./Core/Startup/startup_stm32f446retx.o
LOAD ./Drivers/STM32F4xx_HAL_Driver/Src/stm32f4xx_hal.o
LOAD ./Drivers/STM32F4xx_HAL_Driver/Src/stm32f4xx_hal_cortex.o
LOAD ./Drivers/STM32F4xx_HAL_Driver/Src/stm32f4xx_hal_dma.o
LOAD ./Drivers/STM32F4xx_HAL_Driver/Src/stm32f4xx_hal_dma_ex.o
LOAD ./Drivers/STM32F4xx_HAL_Driver/Src/stm32f4xx_hal_exti.o
LOAD ./Drivers/STM32F4xx_HAL_Driver/Src/stm32f4xx_hal_flash.o
LOAD ./Drivers/STM32F4xx_HAL_Driver/Src/stm32f4xx_hal_flash_ex.o
LOAD ./Drivers/STM32F4xx_HAL_Driver/Src/stm32f4xx_hal_flash_ramfunc.o
LOAD ./Drivers/STM32F4xx_HAL_Driver/Src/stm32f4xx_hal_gpio.o
LOAD ./Drivers/STM32F4xx_HAL_Driver/Src/stm32f4xx_hal_pwr.o
LOAD ./Drivers/STM32F4xx_HAL_Driver/Src/stm32f4xx_hal_pwr_ex.o
LOAD ./Drivers/STM32F4xx_HAL_Driver/Src/stm32f4xx_hal_rcc.o
LOAD ./Drivers/STM32F4xx_HAL_Driver/Src/stm32f4xx_hal_rcc_ex.o
LOAD ./Drivers/STM32F4xx_HAL_Driver/Src/stm32f4xx_hal_spi.o
LOAD ./Drivers/STM32F4xx_HAL_Driver/Src/stm32f4xx_hal_tim.o
LOAD ./Drivers/STM32F4xx_HAL_Driver/Src/stm32f4xx_hal_tim_ex.o
LOAD ./Drivers/STM32F4xx_HAL_Driver/Src/stm32f4xx_hal_uart.o
LOAD ./Middlewares/Third_Party/FreeRTOS/Source/CMSIS_RTOS_V2/cmsis_os2.o
LOAD ./Middlewares/Third_Party/FreeRTOS/Source/croutine.o
LOAD ./Middlewares/Third_Party/FreeRTOS/Source/event_groups.o
LOAD ./Middlewares/Third_Party/FreeRTOS/Source/list.o
LOAD ./Middlewares/Third_Party/FreeRTOS/Source/queue.o
LOAD ./Middlewares/Third_Party/FreeRTOS/Source/stream_buffer.o
LOAD ./Middlewares/Third_Party/FreeRTOS/Source/tasks.o
LOAD ./Middlewares/Third_Party/FreeRTOS/Source/timers.o
LOAD ./Middlewares/Third_Party/FreeRTOS/Source/portable/GCC/ARM_CM4F/port.o
LOAD ./Middlewares/Third_Party/FreeRTOS/Source/portable/MemMang/heap_4.o
START GROUP
LOAD c:/st/stm32cubeide_1.8.0/stm32cubeide/plugins/com.st.stm32cube.ide.mcu.externaltools.gnu-tools-for-stm32.9-2020-q2-update.win32_2.0.0.202105311346/tools/bin/../lib/gcc/arm-none-eabi/9.3.1/../../../../arm-none-eabi/lib/thumb/v7e-m+fp/hard\libc_nano.a
LOAD c:/st/stm32cubeide_1.8.0/stm32cubeide/plugins/com.st.stm32cube.ide.mcu.externaltools.gnu-tools-for-stm32.9-2020-q2-update.win32_2.0.0.202105311346/tools/bin/../lib/gcc/arm-none-eabi/9.3.1/../../../../arm-none-eabi/lib/thumb/v7e-m+fp/hard\libm.a
END GROUP
START GROUP
LOAD c:/st/stm32cubeide_1.8.0/stm32cubeide/plugins/com.st.stm32cube.ide.mcu.externaltools.gnu-tools-for-stm32.9-2020-q2-update.win32_2.0.0.202105311346/tools/bin/../lib/gcc/arm-none-eabi/9.3.1/thumb/v7e-m+fp/hard\libgcc.a
LOAD c:/st/stm32cubeide_1.8.0/stm32cubeide/plugins/com.st.stm32cube.ide.mcu.externaltools.gnu-tools-for-stm32.9-2020-q2-update.win32_2.0.0.202105311346/tools/bin/../lib/gcc/arm-none-eabi/9.3.1/../../../../arm-none-eabi/lib/thumb/v7e-m+fp/hard\libc_nano.a
END GROUP
START GROUP
LOAD c:/st/stm32cubeide_1.8.0/stm32cubeide/plugins/com.st.stm32cube.ide.mcu.externaltools.gnu-tools-for-stm32.9-2020-q2-update.win32_2.0.0.202105311346/tools/bin/../lib/gcc/arm-none-eabi/9.3.1/thumb/v7e-m+fp/hard\libgcc.a
LOAD c:/st/stm32cubeide_1.8.0/stm32cubeide/plugins/com.st.stm32cube.ide.mcu.externaltools.gnu-tools-for-stm32.9-2020-q2-update.win32_2.0.0.202105311346/tools/bin/../lib/gcc/arm-none-eabi/9.3.1/../../../../arm-none-eabi/lib/thumb/v7e-m+fp/hard\libc_nano.a
LOAD c:/st/stm32cubeide_1.8.0/stm32cubeide/plugins/com.st.stm32cube.ide.mcu.externaltools.gnu-tools-for-stm32.9-2020-q2-update.win32_2.0.0.202105311346/tools/bin/../lib/gcc/arm-none-eabi/9.3.1/../../../../arm-none-eabi/lib/thumb/v7e-m+fp/hard\libnosys.a
END GROUP
START GROUP
LOAD c:/st/stm32cubeide_1.8.0/stm32cubeide/plugins/com.st.stm32cube.ide.mcu.externaltools.gnu-tools-for-stm32.9-2020-q2-update.win32_2.0.0.202105311346/tools/bin/../lib/gcc/arm-none-eabi/9.3.1/thumb/v7e-m+fp/hard\libgcc.a
LOAD c:/st/stm32cubeide_1.8.0/stm32cubeide/plugins/com.st.stm32cube.ide.mcu.externaltools.gnu-tools-for-stm32.9-2020-q2-update.win32_2.0.0.202105311346/tools/bin/../lib/gcc/arm-none-eabi/9.3.1/../../../../arm-none-eabi/lib/thumb/v7e-m+fp/hard\libc_nano.a
LOAD c:/st/stm32cubeide_1.8.0/stm32cubeide/plugins/com.st.stm32cube.ide.mcu.externaltools.gnu-tools-for-stm32.9-2020-q2-update.win32_2.0.0.202105311346/tools/bin/../lib/gcc/arm-none-eabi/9.3.1/../../../../arm-none-eabi/lib/thumb/v7e-m+fp/hard\libnosys.a
END GROUP
LOAD c:/st/stm32cubeide_1.8.0/stm32cubeide/plugins/com.st.stm32cube.ide.mcu.externaltools.gnu-tools-for-stm32.9-2020-q2-update.win32_2.0.0.202105311346/tools/bin/../lib/gcc/arm-none-eabi/9.3.1/thumb/v7e-m+fp/hard/crtend.o
LOAD c:/st/stm32cubeide_1.8.0/stm32cubeide/plugins/com.st.stm32cube.ide.mcu.externaltools.gnu-tools-for-stm32.9-2020-q2-update.win32_2.0.0.202105311346/tools/bin/../lib/gcc/arm-none-eabi/9.3.1/thumb/v7e-m+fp/hard/crtn.o
                0x0000000020020000                _estack = (ORIGIN (RAM) + LENGTH (RAM))
                0x0000000000000200                _Min_Heap_Size = 0x200
                0x0000000000000400                _Min_Stack_Size = 0x400

.isr_vector     0x0000000008000000      0x1c4
                0x0000000008000000                . = ALIGN (0x4)
 *(.isr_vector)
 .isr_vector    0x0000000008000000      0x1c4 ./Core/Startup/startup_stm32f446retx.o
                0x0000000008000000                g_pfnVectors
                0x00000000080001c4                . = ALIGN (0x4)

.text           0x00000000080001d0     0x5ee8
                0x00000000080001d0                . = ALIGN (0x4)
 *(.text)
 .text          0x00000000080001d0       0x40 c:/st/stm32cubeide_1.8.0/stm32cubeide/plugins/com.st.stm32cube.ide.mcu.externaltools.gnu-tools-for-stm32.9-2020-q2-update.win32_2.0.0.202105311346/tools/bin/../lib/gcc/arm-none-eabi/9.3.1/thumb/v7e-m+fp/hard/crtbegin.o
 .text          0x0000000008000210       0x30 c:/st/stm32cubeide_1.8.0/stm32cubeide/plugins/com.st.stm32cube.ide.mcu.externaltools.gnu-tools-for-stm32.9-2020-q2-update.win32_2.0.0.202105311346/tools/bin/../lib/gcc/arm-none-eabi/9.3.1/thumb/v7e-m+fp/hard\libgcc.a(_aeabi_uldivmod.o)
                0x0000000008000210                __aeabi_uldivmod
 .text          0x0000000008000240      0x2c4 c:/st/stm32cubeide_1.8.0/stm32cubeide/plugins/com.st.stm32cube.ide.mcu.externaltools.gnu-tools-for-stm32.9-2020-q2-update.win32_2.0.0.202105311346/tools/bin/../lib/gcc/arm-none-eabi/9.3.1/thumb/v7e-m+fp/hard\libgcc.a(_udivmoddi4.o)
                0x0000000008000240                __udivmoddi4
 .text          0x0000000008000504        0x4 c:/st/stm32cubeide_1.8.0/stm32cubeide/plugins/com.st.stm32cube.ide.mcu.externaltools.gnu-tools-for-stm32.9-2020-q2-update.win32_2.0.0.202105311346/tools/bin/../lib/gcc/arm-none-eabi/9.3.1/thumb/v7e-m+fp/hard\libgcc.a(_dvmd_tls.o)
                0x0000000008000504                __aeabi_idiv0
                0x0000000008000504                __aeabi_ldiv0
 *(.text*)
 .text.glcd_command
                0x0000000008000508       0x2c ./Core/Inc/controllers/ST7565R.o
                0x0000000008000508                glcd_command
 .text.glcd_data
                0x0000000008000534       0x2c ./Core/Inc/controllers/ST7565R.o
                0x0000000008000534                glcd_data
 .text.glcd_set_contrast
                0x0000000008000560       0x2e ./Core/Inc/controllers/ST7565R.o
                0x0000000008000560                glcd_set_contrast
 .text.glcd_set_y_address
                0x000000000800058e       0x26 ./Core/Inc/controllers/ST7565R.o
                0x000000000800058e                glcd_set_y_address
 .text.glcd_set_x_address
                0x00000000080005b4       0x22 ./Core/Inc/controllers/ST7565R.o
                0x00000000080005b4                glcd_set_x_address
 .text.glcd_set_column_upper
                0x00000000080005d6       0x24 ./Core/Inc/controllers/ST7565R.o
                0x00000000080005d6                glcd_set_column_upper
 .text.glcd_set_column_lower
                0x00000000080005fa       0x20 ./Core/Inc/controllers/ST7565R.o
                0x00000000080005fa                glcd_set_column_lower
 *fill*         0x000000000800061a        0x2 
 .text.glcd_write
                0x000000000800061c       0x9c ./Core/Inc/controllers/ST7565R.o
                0x000000000800061c                glcd_write
 .text.glcd_ST7565R_init
                0x00000000080006b8       0x38 ./Core/Inc/controllers/ST7565R.o
                0x00000000080006b8                glcd_ST7565R_init
 .text.glcd_init
                0x00000000080006f0       0x34 ./Core/Inc/devices/STM32F4.o
                0x00000000080006f0                glcd_init
 .text.glcd_enable_backlight
                0x0000000008000724       0x16 ./Core/Inc/devices/STM32F4.o
                0x0000000008000724                glcd_enable_backlight
 *fill*         0x000000000800073a        0x2 
 .text.glcd_spi_write
                0x000000000800073c       0x3c ./Core/Inc/devices/STM32F4.o
                0x000000000800073c                glcd_spi_write
 .text.glcd_reset
                0x0000000008000778       0x44 ./Core/Inc/devices/STM32F4.o
                0x0000000008000778                glcd_reset
 .text.delay_ms
                0x00000000080007bc       0x16 ./Core/Inc/devices/STM32F4.o
                0x00000000080007bc                delay_ms
 *fill*         0x00000000080007d2        0x2 
 .text.glcd_update_bbox
                0x00000000080007d4       0xa8 ./Core/Src/glcd.o
                0x00000000080007d4                glcd_update_bbox
 .text.glcd_reset_bbox
                0x000000000800087c       0x34 ./Core/Src/glcd.o
                0x000000000800087c                glcd_reset_bbox
 .text.glcd_clear
                0x00000000080008b0       0x2c ./Core/Src/glcd.o
                0x00000000080008b0                glcd_clear
 .text.glcd_clear_buffer
                0x00000000080008dc       0x28 ./Core/Src/glcd.o
                0x00000000080008dc                glcd_clear_buffer
 .text.glcd_select_screen
                0x0000000008000904       0x2c ./Core/Src/glcd.o
                0x0000000008000904                glcd_select_screen
 .text.glcd_set_pixel
                0x0000000008000930       0xc4 ./Core/Src/graphics.o
                0x0000000008000930                glcd_set_pixel
 .text.main     0x00000000080009f4       0x44 ./Core/Src/main.o
                0x00000000080009f4                main
 .text.SystemClock_Config
                0x0000000008000a38       0xdc ./Core/Src/main.o
                0x0000000008000a38                SystemClock_Config
 .text.MX_SPI3_Init
                0x0000000008000b14       0x6c ./Core/Src/main.o
 .text.MX_TIM7_Init
                0x0000000008000b80       0x6c ./Core/Src/main.o
 .text.MX_USART2_UART_Init
                0x0000000008000bec       0x54 ./Core/Src/main.o
 .text.MX_GPIO_Init
                0x0000000008000c40      0x134 ./Core/Src/main.o
 .text.startDefaultTask
                0x0000000008000d74       0x6c ./Core/Src/main.o
                0x0000000008000d74                startDefaultTask
 .text.HAL_TIM_PeriodElapsedCallback
                0x0000000008000de0       0x24 ./Core/Src/main.o
                0x0000000008000de0                HAL_TIM_PeriodElapsedCallback
 .text.Error_Handler
                0x0000000008000e04        0xa ./Core/Src/main.o
                0x0000000008000e04                Error_Handler
 *fill*         0x0000000008000e0e        0x2 
 .text.HAL_MspInit
                0x0000000008000e10       0x58 ./Core/Src/stm32f4xx_hal_msp.o
                0x0000000008000e10                HAL_MspInit
 .text.HAL_SPI_MspInit
                0x0000000008000e68       0xd0 ./Core/Src/stm32f4xx_hal_msp.o
                0x0000000008000e68                HAL_SPI_MspInit
 .text.HAL_TIM_Base_MspInit
                0x0000000008000f38       0x44 ./Core/Src/stm32f4xx_hal_msp.o
                0x0000000008000f38                HAL_TIM_Base_MspInit
 .text.HAL_UART_MspInit
                0x0000000008000f7c       0x90 ./Core/Src/stm32f4xx_hal_msp.o
                0x0000000008000f7c                HAL_UART_MspInit
 .text.HAL_InitTick
                0x000000000800100c       0xb4 ./Core/Src/stm32f4xx_hal_timebase_tim.o
                0x000000000800100c                HAL_InitTick
 .text.NMI_Handler
                0x00000000080010c0        0x6 ./Core/Src/stm32f4xx_it.o
                0x00000000080010c0                NMI_Handler
 .text.HardFault_Handler
                0x00000000080010c6        0x6 ./Core/Src/stm32f4xx_it.o
                0x00000000080010c6                HardFault_Handler
 .text.MemManage_Handler
                0x00000000080010cc        0x6 ./Core/Src/stm32f4xx_it.o
                0x00000000080010cc                MemManage_Handler
 .text.BusFault_Handler
                0x00000000080010d2        0x6 ./Core/Src/stm32f4xx_it.o
                0x00000000080010d2                BusFault_Handler
 .text.UsageFault_Handler
                0x00000000080010d8        0x6 ./Core/Src/stm32f4xx_it.o
                0x00000000080010d8                UsageFault_Handler
 .text.DebugMon_Handler
                0x00000000080010de        0xe ./Core/Src/stm32f4xx_it.o
                0x00000000080010de                DebugMon_Handler
 .text.TIM6_DAC_IRQHandler
                0x00000000080010ec       0x14 ./Core/Src/stm32f4xx_it.o
                0x00000000080010ec                TIM6_DAC_IRQHandler
 .text.SystemInit
                0x0000000008001100       0x24 ./Core/Src/system_stm32f4xx.o
                0x0000000008001100                SystemInit
 .text.glcd_tiny_set_font
                0x0000000008001124       0x50 ./Core/Src/text_tiny.o
                0x0000000008001124                glcd_tiny_set_font
 .text.glcd_tiny_draw_char_xy
                0x0000000008001174       0xf0 ./Core/Src/text_tiny.o
                0x0000000008001174                glcd_tiny_draw_char_xy
 .text.Reset_Handler
                0x0000000008001264       0x50 ./Core/Startup/startup_stm32f446retx.o
                0x0000000008001264                Reset_Handler
 .text.Default_Handler
                0x00000000080012b4        0x2 ./Core/Startup/startup_stm32f446retx.o
                0x00000000080012b4                RTC_Alarm_IRQHandler
                0x00000000080012b4                EXTI2_IRQHandler
                0x00000000080012b4                TIM8_CC_IRQHandler
                0x00000000080012b4                FMPI2C1_EV_IRQHandler
                0x00000000080012b4                SPI4_IRQHandler
                0x00000000080012b4                TIM1_CC_IRQHandler
                0x00000000080012b4                DMA2_Stream5_IRQHandler
                0x00000000080012b4                DMA1_Stream5_IRQHandler
                0x00000000080012b4                PVD_IRQHandler
                0x00000000080012b4                SDIO_IRQHandler
                0x00000000080012b4                TAMP_STAMP_IRQHandler
                0x00000000080012b4                CAN2_RX1_IRQHandler
                0x00000000080012b4                EXTI3_IRQHandler
                0x00000000080012b4                TIM8_TRG_COM_TIM14_IRQHandler
                0x00000000080012b4                TIM1_UP_TIM10_IRQHandler
                0x00000000080012b4                TIM8_UP_TIM13_IRQHandler
                0x00000000080012b4                I2C3_ER_IRQHandler
                0x00000000080012b4                EXTI0_IRQHandler
                0x00000000080012b4                I2C2_EV_IRQHandler
                0x00000000080012b4                DMA1_Stream2_IRQHandler
                0x00000000080012b4                CAN1_RX0_IRQHandler
                0x00000000080012b4                FPU_IRQHandler
                0x00000000080012b4                OTG_HS_WKUP_IRQHandler
                0x00000000080012b4                CAN2_SCE_IRQHandler
                0x00000000080012b4                DMA2_Stream2_IRQHandler
                0x00000000080012b4                SPI1_IRQHandler
                0x00000000080012b4                TIM1_BRK_TIM9_IRQHandler
                0x00000000080012b4                DCMI_IRQHandler
                0x00000000080012b4                CAN2_RX0_IRQHandler
                0x00000000080012b4                DMA2_Stream3_IRQHandler
                0x00000000080012b4                SAI2_IRQHandler
                0x00000000080012b4                USART6_IRQHandler
                0x00000000080012b4                USART3_IRQHandler
                0x00000000080012b4                CAN1_RX1_IRQHandler
                0x00000000080012b4                UART5_IRQHandler
                0x00000000080012b4                DMA2_Stream0_IRQHandler
                0x00000000080012b4                TIM4_IRQHandler
                0x00000000080012b4                QUADSPI_IRQHandler
                0x00000000080012b4                I2C1_EV_IRQHandler
                0x00000000080012b4                DMA1_Stream6_IRQHandler
                0x00000000080012b4                DMA1_Stream1_IRQHandler
                0x00000000080012b4                UART4_IRQHandler
                0x00000000080012b4                TIM3_IRQHandler
                0x00000000080012b4                RCC_IRQHandler
                0x00000000080012b4                TIM8_BRK_TIM12_IRQHandler
                0x00000000080012b4                Default_Handler
                0x00000000080012b4                CEC_IRQHandler
                0x00000000080012b4                EXTI15_10_IRQHandler
                0x00000000080012b4                ADC_IRQHandler
                0x00000000080012b4                DMA1_Stream7_IRQHandler
                0x00000000080012b4                TIM7_IRQHandler
                0x00000000080012b4                CAN2_TX_IRQHandler
                0x00000000080012b4                TIM5_IRQHandler
                0x00000000080012b4                DMA2_Stream7_IRQHandler
                0x00000000080012b4                I2C3_EV_IRQHandler
                0x00000000080012b4                EXTI9_5_IRQHandler
                0x00000000080012b4                RTC_WKUP_IRQHandler
                0x00000000080012b4                SPDIF_RX_IRQHandler
                0x00000000080012b4                SPI2_IRQHandler
                0x00000000080012b4                OTG_HS_EP1_IN_IRQHandler
                0x00000000080012b4                DMA1_Stream0_IRQHandler
                0x00000000080012b4                CAN1_TX_IRQHandler
                0x00000000080012b4                FMPI2C1_ER_IRQHandler
                0x00000000080012b4                EXTI4_IRQHandler
                0x00000000080012b4                OTG_HS_EP1_OUT_IRQHandler
                0x00000000080012b4                WWDG_IRQHandler
                0x00000000080012b4                TIM2_IRQHandler
                0x00000000080012b4                OTG_FS_WKUP_IRQHandler
                0x00000000080012b4                TIM1_TRG_COM_TIM11_IRQHandler
                0x00000000080012b4                OTG_HS_IRQHandler
                0x00000000080012b4                EXTI1_IRQHandler
                0x00000000080012b4                USART2_IRQHandler
                0x00000000080012b4                I2C2_ER_IRQHandler
                0x00000000080012b4                DMA2_Stream1_IRQHandler
                0x00000000080012b4                CAN1_SCE_IRQHandler
                0x00000000080012b4                FLASH_IRQHandler
                0x00000000080012b4                DMA2_Stream4_IRQHandler
                0x00000000080012b4                USART1_IRQHandler
                0x00000000080012b4                OTG_FS_IRQHandler
                0x00000000080012b4                SPI3_IRQHandler
                0x00000000080012b4                DMA1_Stream4_IRQHandler
                0x00000000080012b4                I2C1_ER_IRQHandler
                0x00000000080012b4                FMC_IRQHandler
                0x00000000080012b4                DMA2_Stream6_IRQHandler
                0x00000000080012b4                SAI1_IRQHandler
                0x00000000080012b4                DMA1_Stream3_IRQHandler
 *fill*         0x00000000080012b6        0x2 
 .text.HAL_Init
                0x00000000080012b8       0x44 ./Drivers/STM32F4xx_HAL_Driver/Src/stm32f4xx_hal.o
                0x00000000080012b8                HAL_Init
 .text.HAL_IncTick
                0x00000000080012fc       0x28 ./Drivers/STM32F4xx_HAL_Driver/Src/stm32f4xx_hal.o
                0x00000000080012fc                HAL_IncTick
 .text.HAL_GetTick
                0x0000000008001324       0x18 ./Drivers/STM32F4xx_HAL_Driver/Src/stm32f4xx_hal.o
                0x0000000008001324                HAL_GetTick
 .text.__NVIC_SetPriorityGrouping
                0x000000000800133c       0x48 ./Drivers/STM32F4xx_HAL_Driver/Src/stm32f4xx_hal_cortex.o
 .text.__NVIC_GetPriorityGrouping
                0x0000000008001384       0x1c ./Drivers/STM32F4xx_HAL_Driver/Src/stm32f4xx_hal_cortex.o
 .text.__NVIC_EnableIRQ
                0x00000000080013a0       0x3c ./Drivers/STM32F4xx_HAL_Driver/Src/stm32f4xx_hal_cortex.o
 .text.__NVIC_SetPriority
                0x00000000080013dc       0x54 ./Drivers/STM32F4xx_HAL_Driver/Src/stm32f4xx_hal_cortex.o
 .text.NVIC_EncodePriority
                0x0000000008001430       0x66 ./Drivers/STM32F4xx_HAL_Driver/Src/stm32f4xx_hal_cortex.o
 .text.HAL_NVIC_SetPriorityGrouping
                0x0000000008001496       0x16 ./Drivers/STM32F4xx_HAL_Driver/Src/stm32f4xx_hal_cortex.o
                0x0000000008001496                HAL_NVIC_SetPriorityGrouping
 .text.HAL_NVIC_SetPriority
                0x00000000080014ac       0x38 ./Drivers/STM32F4xx_HAL_Driver/Src/stm32f4xx_hal_cortex.o
                0x00000000080014ac                HAL_NVIC_SetPriority
 .text.HAL_NVIC_EnableIRQ
                0x00000000080014e4       0x1c ./Drivers/STM32F4xx_HAL_Driver/Src/stm32f4xx_hal_cortex.o
                0x00000000080014e4                HAL_NVIC_EnableIRQ
 .text.HAL_GPIO_Init
                0x0000000008001500      0x328 ./Drivers/STM32F4xx_HAL_Driver/Src/stm32f4xx_hal_gpio.o
                0x0000000008001500                HAL_GPIO_Init
 .text.HAL_GPIO_WritePin
                0x0000000008001828       0x32 ./Drivers/STM32F4xx_HAL_Driver/Src/stm32f4xx_hal_gpio.o
                0x0000000008001828                HAL_GPIO_WritePin
 *fill*         0x000000000800185a        0x2 
 .text.HAL_RCC_ClockConfig
                0x000000000800185c      0x1cc ./Drivers/STM32F4xx_HAL_Driver/Src/stm32f4xx_hal_rcc.o
                0x000000000800185c                HAL_RCC_ClockConfig
 .text.HAL_RCC_GetHCLKFreq
                0x0000000008001a28       0x18 ./Drivers/STM32F4xx_HAL_Driver/Src/stm32f4xx_hal_rcc.o
                0x0000000008001a28                HAL_RCC_GetHCLKFreq
 .text.HAL_RCC_GetPCLK1Freq
                0x0000000008001a40       0x28 ./Drivers/STM32F4xx_HAL_Driver/Src/stm32f4xx_hal_rcc.o
                0x0000000008001a40                HAL_RCC_GetPCLK1Freq
 .text.HAL_RCC_GetPCLK2Freq
                0x0000000008001a68       0x28 ./Drivers/STM32F4xx_HAL_Driver/Src/stm32f4xx_hal_rcc.o
                0x0000000008001a68                HAL_RCC_GetPCLK2Freq
 .text.HAL_RCC_GetClockConfig
                0x0000000008001a90       0x64 ./Drivers/STM32F4xx_HAL_Driver/Src/stm32f4xx_hal_rcc.o
                0x0000000008001a90                HAL_RCC_GetClockConfig
 .text.HAL_RCC_GetSysClockFreq
                0x0000000008001af4      0x364 ./Drivers/STM32F4xx_HAL_Driver/Src/stm32f4xx_hal_rcc_ex.o
                0x0000000008001af4                HAL_RCC_GetSysClockFreq
 .text.HAL_RCC_OscConfig
                0x0000000008001e58      0x53c ./Drivers/STM32F4xx_HAL_Driver/Src/stm32f4xx_hal_rcc_ex.o
                0x0000000008001e58                HAL_RCC_OscConfig
 .text.HAL_SPI_Init
                0x0000000008002394      0x112 ./Drivers/STM32F4xx_HAL_Driver/Src/stm32f4xx_hal_spi.o
                0x0000000008002394                HAL_SPI_Init
 .text.HAL_SPI_Transmit
                0x00000000080024a6      0x278 ./Drivers/STM32F4xx_HAL_Driver/Src/stm32f4xx_hal_spi.o
                0x00000000080024a6                HAL_SPI_Transmit
 *fill*         0x000000000800271e        0x2 
 .text.SPI_WaitFlagStateUntilTimeout
                0x0000000008002720      0x110 ./Drivers/STM32F4xx_HAL_Driver/Src/stm32f4xx_hal_spi.o
 .text.SPI_EndRxTxTransaction
                0x0000000008002830       0x84 ./Drivers/STM32F4xx_HAL_Driver/Src/stm32f4xx_hal_spi.o
 .text.HAL_TIM_Base_Init
                0x00000000080028b4       0x9e ./Drivers/STM32F4xx_HAL_Driver/Src/stm32f4xx_hal_tim.o
                0x00000000080028b4                HAL_TIM_Base_Init
 *fill*         0x0000000008002952        0x2 
 .text.HAL_TIM_Base_Start_IT
                0x0000000008002954       0xe0 ./Drivers/STM32F4xx_HAL_Driver/Src/stm32f4xx_hal_tim.o
                0x0000000008002954                HAL_TIM_Base_Start_IT
 .text.HAL_TIM_IRQHandler
                0x0000000008002a34      0x210 ./Drivers/STM32F4xx_HAL_Driver/Src/stm32f4xx_hal_tim.o
                0x0000000008002a34                HAL_TIM_IRQHandler
 .text.HAL_TIM_OC_DelayElapsedCallback
                0x0000000008002c44       0x14 ./Drivers/STM32F4xx_HAL_Driver/Src/stm32f4xx_hal_tim.o
                0x0000000008002c44                HAL_TIM_OC_DelayElapsedCallback
 .text.HAL_TIM_IC_CaptureCallback
                0x0000000008002c58       0x14 ./Drivers/STM32F4xx_HAL_Driver/Src/stm32f4xx_hal_tim.o
                0x0000000008002c58                HAL_TIM_IC_CaptureCallback
 .text.HAL_TIM_PWM_PulseFinishedCallback
                0x0000000008002c6c       0x14 ./Drivers/STM32F4xx_HAL_Driver/Src/stm32f4xx_hal_tim.o
                0x0000000008002c6c                HAL_TIM_PWM_PulseFinishedCallback
 .text.HAL_TIM_TriggerCallback
                0x0000000008002c80       0x14 ./Drivers/STM32F4xx_HAL_Driver/Src/stm32f4xx_hal_tim.o
                0x0000000008002c80                HAL_TIM_TriggerCallback
 .text.TIM_Base_SetConfig
                0x0000000008002c94      0x140 ./Drivers/STM32F4xx_HAL_Driver/Src/stm32f4xx_hal_tim.o
                0x0000000008002c94                TIM_Base_SetConfig
 .text.HAL_TIMEx_MasterConfigSynchronization
                0x0000000008002dd4       0xf8 ./Drivers/STM32F4xx_HAL_Driver/Src/stm32f4xx_hal_tim_ex.o
                0x0000000008002dd4                HAL_TIMEx_MasterConfigSynchronization
 .text.HAL_TIMEx_CommutCallback
                0x0000000008002ecc       0x14 ./Drivers/STM32F4xx_HAL_Driver/Src/stm32f4xx_hal_tim_ex.o
                0x0000000008002ecc                HAL_TIMEx_CommutCallback
 .text.HAL_TIMEx_BreakCallback
                0x0000000008002ee0       0x14 ./Drivers/STM32F4xx_HAL_Driver/Src/stm32f4xx_hal_tim_ex.o
                0x0000000008002ee0                HAL_TIMEx_BreakCallback
 .text.HAL_UART_Init
                0x0000000008002ef4       0x9a ./Drivers/STM32F4xx_HAL_Driver/Src/stm32f4xx_hal_uart.o
                0x0000000008002ef4                HAL_UART_Init
 *fill*         0x0000000008002f8e        0x2 
 .text.UART_SetConfig
                0x0000000008002f90      0x390 ./Drivers/STM32F4xx_HAL_Driver/Src/stm32f4xx_hal_uart.o
 .text.__NVIC_SetPriority
                0x0000000008003320       0x54 ./Middlewares/Third_Party/FreeRTOS/Source/CMSIS_RTOS_V2/cmsis_os2.o
 .text.SysTick_Handler
                0x0000000008003374       0x20 ./Middlewares/Third_Party/FreeRTOS/Source/CMSIS_RTOS_V2/cmsis_os2.o
                0x0000000008003374                SysTick_Handler
 .text.SVC_Setup
                0x0000000008003394       0x12 ./Middlewares/Third_Party/FreeRTOS/Source/CMSIS_RTOS_V2/cmsis_os2.o
 *fill*         0x00000000080033a6        0x2 
 .text.osKernelInitialize
                0x00000000080033a8       0x48 ./Middlewares/Third_Party/FreeRTOS/Source/CMSIS_RTOS_V2/cmsis_os2.o
                0x00000000080033a8                osKernelInitialize
 .text.osKernelStart
                0x00000000080033f0       0x4c ./Middlewares/Third_Party/FreeRTOS/Source/CMSIS_RTOS_V2/cmsis_os2.o
                0x00000000080033f0                osKernelStart
 .text.osThreadNew
                0x000000000800343c      0x124 ./Middlewares/Third_Party/FreeRTOS/Source/CMSIS_RTOS_V2/cmsis_os2.o
                0x000000000800343c                osThreadNew
 .text.osDelay  0x0000000008003560       0x36 ./Middlewares/Third_Party/FreeRTOS/Source/CMSIS_RTOS_V2/cmsis_os2.o
                0x0000000008003560                osDelay
 *fill*         0x0000000008003596        0x2 
 .text.vApplicationGetIdleTaskMemory
                0x0000000008003598       0x34 ./Middlewares/Third_Party/FreeRTOS/Source/CMSIS_RTOS_V2/cmsis_os2.o
                0x0000000008003598                vApplicationGetIdleTaskMemory
 .text.vApplicationGetTimerTaskMemory
                0x00000000080035cc       0x34 ./Middlewares/Third_Party/FreeRTOS/Source/CMSIS_RTOS_V2/cmsis_os2.o
                0x00000000080035cc                vApplicationGetTimerTaskMemory
 .text.vListInitialise
                0x0000000008003600       0x40 ./Middlewares/Third_Party/FreeRTOS/Source/list.o
                0x0000000008003600                vListInitialise
 .text.vListInitialiseItem
                0x0000000008003640       0x1a ./Middlewares/Third_Party/FreeRTOS/Source/list.o
                0x0000000008003640                vListInitialiseItem
 .text.vListInsertEnd
                0x000000000800365a       0x48 ./Middlewares/Third_Party/FreeRTOS/Source/list.o
                0x000000000800365a                vListInsertEnd
 .text.vListInsert
                0x00000000080036a2       0x72 ./Middlewares/Third_Party/FreeRTOS/Source/list.o
                0x00000000080036a2                vListInsert
 .text.uxListRemove
                0x0000000008003714       0x54 ./Middlewares/Third_Party/FreeRTOS/Source/list.o
                0x0000000008003714                uxListRemove
 .text.xQueueGenericReset
                0x0000000008003768       0xd0 ./Middlewares/Third_Party/FreeRTOS/Source/queue.o
                0x0000000008003768                xQueueGenericReset
 .text.xQueueGenericCreateStatic
                0x0000000008003838       0xf0 ./Middlewares/Third_Party/FreeRTOS/Source/queue.o
                0x0000000008003838                xQueueGenericCreateStatic
 .text.prvInitialiseNewQueue
                0x0000000008003928       0x46 ./Middlewares/Third_Party/FreeRTOS/Source/queue.o
 *fill*         0x000000000800396e        0x2 
 .text.xQueueGenericSend
                0x0000000008003970      0x1fc ./Middlewares/Third_Party/FreeRTOS/Source/queue.o
                0x0000000008003970                xQueueGenericSend
 .text.xQueueGenericSendFromISR
                0x0000000008003b6c      0x136 ./Middlewares/Third_Party/FreeRTOS/Source/queue.o
                0x0000000008003b6c                xQueueGenericSendFromISR
 *fill*         0x0000000008003ca2        0x2 
 .text.xQueueReceive
                0x0000000008003ca4      0x1c0 ./Middlewares/Third_Party/FreeRTOS/Source/queue.o
                0x0000000008003ca4                xQueueReceive
 .text.prvCopyDataToQueue
                0x0000000008003e64       0xd4 ./Middlewares/Third_Party/FreeRTOS/Source/queue.o
 .text.prvCopyDataFromQueue
                0x0000000008003f38       0x4c ./Middlewares/Third_Party/FreeRTOS/Source/queue.o
 .text.prvUnlockQueue
                0x0000000008003f84       0xa4 ./Middlewares/Third_Party/FreeRTOS/Source/queue.o
 .text.prvIsQueueEmpty
                0x0000000008004028       0x2c ./Middlewares/Third_Party/FreeRTOS/Source/queue.o
 .text.prvIsQueueFull
                0x0000000008004054       0x30 ./Middlewares/Third_Party/FreeRTOS/Source/queue.o
 .text.vQueueAddToRegistry
                0x0000000008004084       0x54 ./Middlewares/Third_Party/FreeRTOS/Source/queue.o
                0x0000000008004084                vQueueAddToRegistry
 .text.vQueueWaitForMessageRestricted
                0x00000000080040d8       0x68 ./Middlewares/Third_Party/FreeRTOS/Source/queue.o
                0x00000000080040d8                vQueueWaitForMessageRestricted
 .text.xTaskCreateStatic
                0x0000000008004140       0xba ./Middlewares/Third_Party/FreeRTOS/Source/tasks.o
                0x0000000008004140                xTaskCreateStatic
 .text.xTaskCreate
                0x00000000080041fa       0x8a ./Middlewares/Third_Party/FreeRTOS/Source/tasks.o
                0x00000000080041fa                xTaskCreate
 .text.prvInitialiseNewTask
                0x0000000008004284      0x14c ./Middlewares/Third_Party/FreeRTOS/Source/tasks.o
 .text.prvAddNewTaskToReadyList
                0x00000000080043d0       0xe0 ./Middlewares/Third_Party/FreeRTOS/Source/tasks.o
 .text.vTaskDelay
                0x00000000080044b0       0x68 ./Middlewares/Third_Party/FreeRTOS/Source/tasks.o
                0x00000000080044b0                vTaskDelay
 .text.vTaskStartScheduler
                0x0000000008004518       0xe0 ./Middlewares/Third_Party/FreeRTOS/Source/tasks.o
                0x0000000008004518                vTaskStartScheduler
 .text.vTaskSuspendAll
                0x00000000080045f8       0x1c ./Middlewares/Third_Party/FreeRTOS/Source/tasks.o
                0x00000000080045f8                vTaskSuspendAll
 .text.xTaskResumeAll
                0x0000000008004614      0x13c ./Middlewares/Third_Party/FreeRTOS/Source/tasks.o
                0x0000000008004614                xTaskResumeAll
 .text.xTaskGetTickCount
                0x0000000008004750       0x20 ./Middlewares/Third_Party/FreeRTOS/Source/tasks.o
                0x0000000008004750                xTaskGetTickCount
 .text.xTaskIncrementTick
                0x0000000008004770      0x174 ./Middlewares/Third_Party/FreeRTOS/Source/tasks.o
                0x0000000008004770                xTaskIncrementTick
 .text.vTaskSwitchContext
                0x00000000080048e4       0xc8 ./Middlewares/Third_Party/FreeRTOS/Source/tasks.o
                0x00000000080048e4                vTaskSwitchContext
 .text.vTaskPlaceOnEventList
                0x00000000080049ac       0x48 ./Middlewares/Third_Party/FreeRTOS/Source/tasks.o
                0x00000000080049ac                vTaskPlaceOnEventList
 .text.vTaskPlaceOnEventListRestricted
                0x00000000080049f4       0x58 ./Middlewares/Third_Party/FreeRTOS/Source/tasks.o
                0x00000000080049f4                vTaskPlaceOnEventListRestricted
 .text.xTaskRemoveFromEventList
                0x0000000008004a4c       0xc8 ./Middlewares/Third_Party/FreeRTOS/Source/tasks.o
                0x0000000008004a4c                xTaskRemoveFromEventList
 .text.vTaskInternalSetTimeOutState
                0x0000000008004b14       0x2c ./Middlewares/Third_Party/FreeRTOS/Source/tasks.o
                0x0000000008004b14                vTaskInternalSetTimeOutState
 .text.xTaskCheckForTimeOut
                0x0000000008004b40       0xc4 ./Middlewares/Third_Party/FreeRTOS/Source/tasks.o
                0x0000000008004b40                xTaskCheckForTimeOut
 .text.vTaskMissedYield
                0x0000000008004c04       0x18 ./Middlewares/Third_Party/FreeRTOS/Source/tasks.o
                0x0000000008004c04                vTaskMissedYield
 .text.prvIdleTask
                0x0000000008004c1c       0x30 ./Middlewares/Third_Party/FreeRTOS/Source/tasks.o
 .text.prvInitialiseTaskLists
                0x0000000008004c4c       0x80 ./Middlewares/Third_Party/FreeRTOS/Source/tasks.o
 .text.prvCheckTasksWaitingTermination
                0x0000000008004ccc       0x5c ./Middlewares/Third_Party/FreeRTOS/Source/tasks.o
 .text.prvDeleteTCB
                0x0000000008004d28       0x68 ./Middlewares/Third_Party/FreeRTOS/Source/tasks.o
 .text.prvResetNextTaskUnblockTime
                0x0000000008004d90       0x40 ./Middlewares/Third_Party/FreeRTOS/Source/tasks.o
 .text.xTaskGetSchedulerState
                0x0000000008004dd0       0x3c ./Middlewares/Third_Party/FreeRTOS/Source/tasks.o
                0x0000000008004dd0                xTaskGetSchedulerState
 .text.xTaskPriorityDisinherit
                0x0000000008004e0c       0xdc ./Middlewares/Third_Party/FreeRTOS/Source/tasks.o
                0x0000000008004e0c                xTaskPriorityDisinherit
 .text.prvAddCurrentTaskToDelayedList
                0x0000000008004ee8       0xa8 ./Middlewares/Third_Party/FreeRTOS/Source/tasks.o
 .text.xTimerCreateTimerTask
                0x0000000008004f90       0x90 ./Middlewares/Third_Party/FreeRTOS/Source/timers.o
                0x0000000008004f90                xTimerCreateTimerTask
 .text.xTimerGenericCommand
                0x0000000008005020       0x9c ./Middlewares/Third_Party/FreeRTOS/Source/timers.o
                0x0000000008005020                xTimerGenericCommand
 .text.prvProcessExpiredTimer
                0x00000000080050bc       0x98 ./Middlewares/Third_Party/FreeRTOS/Source/timers.o
 .text.prvTimerTask
                0x0000000008005154       0x24 ./Middlewares/Third_Party/FreeRTOS/Source/timers.o
 .text.prvProcessTimerOrBlockTask
                0x0000000008005178       0x9c ./Middlewares/Third_Party/FreeRTOS/Source/timers.o
 .text.prvGetNextExpireTime
                0x0000000008005214       0x48 ./Middlewares/Third_Party/FreeRTOS/Source/timers.o
 .text.prvSampleTimeNow
                0x000000000800525c       0x40 ./Middlewares/Third_Party/FreeRTOS/Source/timers.o
 .text.prvInsertTimerInActiveList
                0x000000000800529c       0x84 ./Middlewares/Third_Party/FreeRTOS/Source/timers.o
 .text.prvProcessReceivedCommands
                0x0000000008005320      0x1c4 ./Middlewares/Third_Party/FreeRTOS/Source/timers.o
 .text.prvSwitchTimerLists
                0x00000000080054e4       0xc8 ./Middlewares/Third_Party/FreeRTOS/Source/timers.o
 .text.prvCheckForValidListAndQueue
                0x00000000080055ac       0x80 ./Middlewares/Third_Party/FreeRTOS/Source/timers.o
 .text.pxPortInitialiseStack
                0x000000000800562c       0x68 ./Middlewares/Third_Party/FreeRTOS/Source/portable/GCC/ARM_CM4F/port.o
                0x000000000800562c                pxPortInitialiseStack
 .text.prvTaskExitError
                0x0000000008005694       0x58 ./Middlewares/Third_Party/FreeRTOS/Source/portable/GCC/ARM_CM4F/port.o
 *fill*         0x00000000080056ec        0x4 
 .text.SVC_Handler
                0x00000000080056f0       0x28 ./Middlewares/Third_Party/FreeRTOS/Source/portable/GCC/ARM_CM4F/port.o
                0x00000000080056f0                SVC_Handler
 .text.prvPortStartFirstTask
                0x0000000008005718       0x28 ./Middlewares/Third_Party/FreeRTOS/Source/portable/GCC/ARM_CM4F/port.o
 .text.xPortStartScheduler
                0x0000000008005740      0x144 ./Middlewares/Third_Party/FreeRTOS/Source/portable/GCC/ARM_CM4F/port.o
                0x0000000008005740                xPortStartScheduler
 .text.vPortEnterCritical
                0x0000000008005884       0x60 ./Middlewares/Third_Party/FreeRTOS/Source/portable/GCC/ARM_CM4F/port.o
                0x0000000008005884                vPortEnterCritical
 .text.vPortExitCritical
                0x00000000080058e4       0x54 ./Middlewares/Third_Party/FreeRTOS/Source/portable/GCC/ARM_CM4F/port.o
                0x00000000080058e4                vPortExitCritical
 *fill*         0x0000000008005938        0x8 
 .text.PendSV_Handler
                0x0000000008005940       0x68 ./Middlewares/Third_Party/FreeRTOS/Source/portable/GCC/ARM_CM4F/port.o
                0x0000000008005940                PendSV_Handler
 .text.xPortSysTickHandler
                0x00000000080059a8       0x44 ./Middlewares/Third_Party/FreeRTOS/Source/portable/GCC/ARM_CM4F/port.o
                0x00000000080059a8                xPortSysTickHandler
 .text.vPortSetupTimerInterrupt
                0x00000000080059ec       0x48 ./Middlewares/Third_Party/FreeRTOS/Source/portable/GCC/ARM_CM4F/port.o
                0x00000000080059ec                vPortSetupTimerInterrupt
 .text.vPortEnableVFP
                0x0000000008005a34       0x14 ./Middlewares/Third_Party/FreeRTOS/Source/portable/GCC/ARM_CM4F/port.o
 .text.vPortValidateInterruptPriority
                0x0000000008005a48       0x80 ./Middlewares/Third_Party/FreeRTOS/Source/portable/GCC/ARM_CM4F/port.o
                0x0000000008005a48                vPortValidateInterruptPriority
 .text.pvPortMalloc
                0x0000000008005ac8      0x198 ./Middlewares/Third_Party/FreeRTOS/Source/portable/MemMang/heap_4.o
                0x0000000008005ac8                pvPortMalloc
 .text.vPortFree
                0x0000000008005c60       0xc4 ./Middlewares/Third_Party/FreeRTOS/Source/portable/MemMang/heap_4.o
                0x0000000008005c60                vPortFree
 .text.prvHeapInit
                0x0000000008005d24       0xc4 ./Middlewares/Third_Party/FreeRTOS/Source/portable/MemMang/heap_4.o
 .text.prvInsertBlockIntoFreeList
                0x0000000008005de8       0xb4 ./Middlewares/Third_Party/FreeRTOS/Source/portable/MemMang/heap_4.o
 .text.__libc_init_array
                0x0000000008005e9c       0x48 c:/st/stm32cubeide_1.8.0/stm32cubeide/plugins/com.st.stm32cube.ide.mcu.externaltools.gnu-tools-for-stm32.9-2020-q2-update.win32_2.0.0.202105311346/tools/bin/../lib/gcc/arm-none-eabi/9.3.1/../../../../arm-none-eabi/lib/thumb/v7e-m+fp/hard\libc_nano.a(lib_a-init.o)
                0x0000000008005e9c                __libc_init_array
 .text.__retarget_lock_acquire_recursive
                0x0000000008005ee4        0x2 c:/st/stm32cubeide_1.8.0/stm32cubeide/plugins/com.st.stm32cube.ide.mcu.externaltools.gnu-tools-for-stm32.9-2020-q2-update.win32_2.0.0.202105311346/tools/bin/../lib/gcc/arm-none-eabi/9.3.1/../../../../arm-none-eabi/lib/thumb/v7e-m+fp/hard\libc_nano.a(lib_a-lock.o)
                0x0000000008005ee4                __retarget_lock_acquire_recursive
 .text.__retarget_lock_release_recursive
                0x0000000008005ee6        0x2 c:/st/stm32cubeide_1.8.0/stm32cubeide/plugins/com.st.stm32cube.ide.mcu.externaltools.gnu-tools-for-stm32.9-2020-q2-update.win32_2.0.0.202105311346/tools/bin/../lib/gcc/arm-none-eabi/9.3.1/../../../../arm-none-eabi/lib/thumb/v7e-m+fp/hard\libc_nano.a(lib_a-lock.o)
                0x0000000008005ee6                __retarget_lock_release_recursive
 .text.memcpy   0x0000000008005ee8       0x1c c:/st/stm32cubeide_1.8.0/stm32cubeide/plugins/com.st.stm32cube.ide.mcu.externaltools.gnu-tools-for-stm32.9-2020-q2-update.win32_2.0.0.202105311346/tools/bin/../lib/gcc/arm-none-eabi/9.3.1/../../../../arm-none-eabi/lib/thumb/v7e-m+fp/hard\libc_nano.a(lib_a-memcpy-stub.o)
                0x0000000008005ee8                memcpy
 .text.memset   0x0000000008005f04       0x10 c:/st/stm32cubeide_1.8.0/stm32cubeide/plugins/com.st.stm32cube.ide.mcu.externaltools.gnu-tools-for-stm32.9-2020-q2-update.win32_2.0.0.202105311346/tools/bin/../lib/gcc/arm-none-eabi/9.3.1/../../../../arm-none-eabi/lib/thumb/v7e-m+fp/hard\libc_nano.a(lib_a-memset.o)
                0x0000000008005f04                memset
 .text.cleanup_glue
                0x0000000008005f14       0x1a c:/st/stm32cubeide_1.8.0/stm32cubeide/plugins/com.st.stm32cube.ide.mcu.externaltools.gnu-tools-for-stm32.9-2020-q2-update.win32_2.0.0.202105311346/tools/bin/../lib/gcc/arm-none-eabi/9.3.1/../../../../arm-none-eabi/lib/thumb/v7e-m+fp/hard\libc_nano.a(lib_a-reent.o)
                0x0000000008005f14                cleanup_glue
 *fill*         0x0000000008005f2e        0x2 
 .text._reclaim_reent
                0x0000000008005f30       0xb8 c:/st/stm32cubeide_1.8.0/stm32cubeide/plugins/com.st.stm32cube.ide.mcu.externaltools.gnu-tools-for-stm32.9-2020-q2-update.win32_2.0.0.202105311346/tools/bin/../lib/gcc/arm-none-eabi/9.3.1/../../../../arm-none-eabi/lib/thumb/v7e-m+fp/hard\libc_nano.a(lib_a-reent.o)
                0x0000000008005f30                _reclaim_reent
 .text.__malloc_lock
                0x0000000008005fe8        0xc c:/st/stm32cubeide_1.8.0/stm32cubeide/plugins/com.st.stm32cube.ide.mcu.externaltools.gnu-tools-for-stm32.9-2020-q2-update.win32_2.0.0.202105311346/tools/bin/../lib/gcc/arm-none-eabi/9.3.1/../../../../arm-none-eabi/lib/thumb/v7e-m+fp/hard\libc_nano.a(lib_a-mlock.o)
                0x0000000008005fe8                __malloc_lock
 .text.__malloc_unlock
                0x0000000008005ff4        0xc c:/st/stm32cubeide_1.8.0/stm32cubeide/plugins/com.st.stm32cube.ide.mcu.externaltools.gnu-tools-for-stm32.9-2020-q2-update.win32_2.0.0.202105311346/tools/bin/../lib/gcc/arm-none-eabi/9.3.1/../../../../arm-none-eabi/lib/thumb/v7e-m+fp/hard\libc_nano.a(lib_a-mlock.o)
                0x0000000008005ff4                __malloc_unlock
 .text._free_r  0x0000000008006000       0xa0 c:/st/stm32cubeide_1.8.0/stm32cubeide/plugins/com.st.stm32cube.ide.mcu.externaltools.gnu-tools-for-stm32.9-2020-q2-update.win32_2.0.0.202105311346/tools/bin/../lib/gcc/arm-none-eabi/9.3.1/../../../../arm-none-eabi/lib/thumb/v7e-m+fp/hard\libc_nano.a(lib_a-nano-freer.o)
                0x0000000008006000                _free_r
 *(.glue_7)
 .glue_7        0x00000000080060a0        0x0 linker stubs
 *(.glue_7t)
 .glue_7t       0x00000000080060a0        0x0 linker stubs
 *(.eh_frame)
 .eh_frame      0x00000000080060a0        0x0 c:/st/stm32cubeide_1.8.0/stm32cubeide/plugins/com.st.stm32cube.ide.mcu.externaltools.gnu-tools-for-stm32.9-2020-q2-update.win32_2.0.0.202105311346/tools/bin/../lib/gcc/arm-none-eabi/9.3.1/thumb/v7e-m+fp/hard/crtbegin.o
 *(.init)
 .init          0x00000000080060a0        0x4 c:/st/stm32cubeide_1.8.0/stm32cubeide/plugins/com.st.stm32cube.ide.mcu.externaltools.gnu-tools-for-stm32.9-2020-q2-update.win32_2.0.0.202105311346/tools/bin/../lib/gcc/arm-none-eabi/9.3.1/thumb/v7e-m+fp/hard/crti.o
                0x00000000080060a0                _init
 .init          0x00000000080060a4        0x8 c:/st/stm32cubeide_1.8.0/stm32cubeide/plugins/com.st.stm32cube.ide.mcu.externaltools.gnu-tools-for-stm32.9-2020-q2-update.win32_2.0.0.202105311346/tools/bin/../lib/gcc/arm-none-eabi/9.3.1/thumb/v7e-m+fp/hard/crtn.o
 *(.fini)
 .fini          0x00000000080060ac        0x4 c:/st/stm32cubeide_1.8.0/stm32cubeide/plugins/com.st.stm32cube.ide.mcu.externaltools.gnu-tools-for-stm32.9-2020-q2-update.win32_2.0.0.202105311346/tools/bin/../lib/gcc/arm-none-eabi/9.3.1/thumb/v7e-m+fp/hard/crti.o
                0x00000000080060ac                _fini
 .fini          0x00000000080060b0        0x8 c:/st/stm32cubeide_1.8.0/stm32cubeide/plugins/com.st.stm32cube.ide.mcu.externaltools.gnu-tools-for-stm32.9-2020-q2-update.win32_2.0.0.202105311346/tools/bin/../lib/gcc/arm-none-eabi/9.3.1/thumb/v7e-m+fp/hard/crtn.o
                0x00000000080060b8                . = ALIGN (0x4)
                0x00000000080060b8                _etext = .

.vfp11_veneer   0x00000000080060b8        0x0
 .vfp11_veneer  0x00000000080060b8        0x0 linker stubs

.v4_bx          0x00000000080060b8        0x0
 .v4_bx         0x00000000080060b8        0x0 linker stubs

.iplt           0x00000000080060b8        0x0
 .iplt          0x00000000080060b8        0x0 c:/st/stm32cubeide_1.8.0/stm32cubeide/plugins/com.st.stm32cube.ide.mcu.externaltools.gnu-tools-for-stm32.9-2020-q2-update.win32_2.0.0.202105311346/tools/bin/../lib/gcc/arm-none-eabi/9.3.1/thumb/v7e-m+fp/hard/crtbegin.o

.rodata         0x00000000080060b8      0x2a0
                0x00000000080060b8                . = ALIGN (0x4)
 *(.rodata)
 .rodata        0x00000000080060b8        0xc ./Core/Src/main.o
 .rodata        0x00000000080060c4        0x5 ./Middlewares/Third_Party/FreeRTOS/Source/tasks.o
 *fill*         0x00000000080060c9        0x3 
 .rodata        0x00000000080060cc        0xd ./Middlewares/Third_Party/FreeRTOS/Source/timers.o
 *(.rodata*)
 *fill*         0x00000000080060d9        0x3 
 .rodata.Font5x7
                0x00000000080060dc      0x1e0 ./Core/Src/main.o
 .rodata.defaultTask_attributes
                0x00000000080062bc       0x24 ./Core/Src/main.o
                0x00000000080062bc                defaultTask_attributes
 .rodata.AHBPrescTable
                0x00000000080062e0       0x10 ./Core/Src/system_stm32f4xx.o
                0x00000000080062e0                AHBPrescTable
 .rodata.APBPrescTable
                0x00000000080062f0        0x8 ./Core/Src/system_stm32f4xx.o
                0x00000000080062f0                APBPrescTable
 .rodata.__sf_fake_stderr
                0x00000000080062f8       0x20 c:/st/stm32cubeide_1.8.0/stm32cubeide/plugins/com.st.stm32cube.ide.mcu.externaltools.gnu-tools-for-stm32.9-2020-q2-update.win32_2.0.0.202105311346/tools/bin/../lib/gcc/arm-none-eabi/9.3.1/../../../../arm-none-eabi/lib/thumb/v7e-m+fp/hard\libc_nano.a(lib_a-findfp.o)
                0x00000000080062f8                __sf_fake_stderr
 .rodata.__sf_fake_stdin
                0x0000000008006318       0x20 c:/st/stm32cubeide_1.8.0/stm32cubeide/plugins/com.st.stm32cube.ide.mcu.externaltools.gnu-tools-for-stm32.9-2020-q2-update.win32_2.0.0.202105311346/tools/bin/../lib/gcc/arm-none-eabi/9.3.1/../../../../arm-none-eabi/lib/thumb/v7e-m+fp/hard\libc_nano.a(lib_a-findfp.o)
                0x0000000008006318                __sf_fake_stdin
 .rodata.__sf_fake_stdout
                0x0000000008006338       0x20 c:/st/stm32cubeide_1.8.0/stm32cubeide/plugins/com.st.stm32cube.ide.mcu.externaltools.gnu-tools-for-stm32.9-2020-q2-update.win32_2.0.0.202105311346/tools/bin/../lib/gcc/arm-none-eabi/9.3.1/../../../../arm-none-eabi/lib/thumb/v7e-m+fp/hard\libc_nano.a(lib_a-findfp.o)
                0x0000000008006338                __sf_fake_stdout
                0x0000000008006358                . = ALIGN (0x4)

.ARM.extab      0x0000000008006358        0x0
                0x0000000008006358                . = ALIGN (0x4)
 *(.ARM.extab* .gnu.linkonce.armextab.*)
                0x0000000008006358                . = ALIGN (0x4)

.ARM            0x0000000008006358        0x8
                0x0000000008006358                . = ALIGN (0x4)
                0x0000000008006358                __exidx_start = .
 *(.ARM.exidx*)
 .ARM.exidx     0x0000000008006358        0x8 c:/st/stm32cubeide_1.8.0/stm32cubeide/plugins/com.st.stm32cube.ide.mcu.externaltools.gnu-tools-for-stm32.9-2020-q2-update.win32_2.0.0.202105311346/tools/bin/../lib/gcc/arm-none-eabi/9.3.1/thumb/v7e-m+fp/hard\libgcc.a(_udivmoddi4.o)
                0x0000000008006360                __exidx_end = .
                0x0000000008006360                . = ALIGN (0x4)

.rel.dyn        0x0000000008006360        0x0
 .rel.iplt      0x0000000008006360        0x0 c:/st/stm32cubeide_1.8.0/stm32cubeide/plugins/com.st.stm32cube.ide.mcu.externaltools.gnu-tools-for-stm32.9-2020-q2-update.win32_2.0.0.202105311346/tools/bin/../lib/gcc/arm-none-eabi/9.3.1/thumb/v7e-m+fp/hard/crtbegin.o

.preinit_array  0x0000000008006360        0x0
                0x0000000008006360                . = ALIGN (0x4)
                0x0000000008006360                PROVIDE (__preinit_array_start = .)
 *(.preinit_array*)
                0x0000000008006360                PROVIDE (__preinit_array_end = .)
                0x0000000008006360                . = ALIGN (0x4)

.init_array     0x0000000008006360        0x4
                0x0000000008006360                . = ALIGN (0x4)
                0x0000000008006360                PROVIDE (__init_array_start = .)
 *(SORT_BY_NAME(.init_array.*))
 *(.init_array*)
 .init_array    0x0000000008006360        0x4 c:/st/stm32cubeide_1.8.0/stm32cubeide/plugins/com.st.stm32cube.ide.mcu.externaltools.gnu-tools-for-stm32.9-2020-q2-update.win32_2.0.0.202105311346/tools/bin/../lib/gcc/arm-none-eabi/9.3.1/thumb/v7e-m+fp/hard/crtbegin.o
                0x0000000008006364                PROVIDE (__init_array_end = .)
                0x0000000008006364                . = ALIGN (0x4)

.fini_array     0x0000000008006364        0x4
                0x0000000008006364                . = ALIGN (0x4)
                [!provide]                        PROVIDE (__fini_array_start = .)
 *(SORT_BY_NAME(.fini_array.*))
 *(.fini_array*)
 .fini_array    0x0000000008006364        0x4 c:/st/stm32cubeide_1.8.0/stm32cubeide/plugins/com.st.stm32cube.ide.mcu.externaltools.gnu-tools-for-stm32.9-2020-q2-update.win32_2.0.0.202105311346/tools/bin/../lib/gcc/arm-none-eabi/9.3.1/thumb/v7e-m+fp/hard/crtbegin.o
                [!provide]                        PROVIDE (__fini_array_end = .)
                0x0000000008006368                . = ALIGN (0x4)
                0x0000000008006368                _sidata = LOADADDR (.data)

.data           0x0000000020000000       0x74 load address 0x0000000008006368
                0x0000000020000000                . = ALIGN (0x4)
                0x0000000020000000                _sdata = .
 *(.data)
 *(.data*)
 .data.SystemCoreClock
                0x0000000020000000        0x4 ./Core/Src/system_stm32f4xx.o
                0x0000000020000000                SystemCoreClock
 .data.uwTickPrio
                0x0000000020000004        0x4 ./Drivers/STM32F4xx_HAL_Driver/Src/stm32f4xx_hal.o
                0x0000000020000004                uwTickPrio
 .data.uwTickFreq
                0x0000000020000008        0x1 ./Drivers/STM32F4xx_HAL_Driver/Src/stm32f4xx_hal.o
                0x0000000020000008                uwTickFreq
 *fill*         0x0000000020000009        0x3 
 .data.uxCriticalNesting
                0x000000002000000c        0x4 ./Middlewares/Third_Party/FreeRTOS/Source/portable/GCC/ARM_CM4F/port.o
 .data._impure_ptr
                0x0000000020000010        0x4 c:/st/stm32cubeide_1.8.0/stm32cubeide/plugins/com.st.stm32cube.ide.mcu.externaltools.gnu-tools-for-stm32.9-2020-q2-update.win32_2.0.0.202105311346/tools/bin/../lib/gcc/arm-none-eabi/9.3.1/../../../../arm-none-eabi/lib/thumb/v7e-m+fp/hard\libc_nano.a(lib_a-impure.o)
                0x0000000020000010                _impure_ptr
 .data.impure_data
                0x0000000020000014       0x60 c:/st/stm32cubeide_1.8.0/stm32cubeide/plugins/com.st.stm32cube.ide.mcu.externaltools.gnu-tools-for-stm32.9-2020-q2-update.win32_2.0.0.202105311346/tools/bin/../lib/gcc/arm-none-eabi/9.3.1/../../../../arm-none-eabi/lib/thumb/v7e-m+fp/hard\libc_nano.a(lib_a-impure.o)
 *(.RamFunc)
 *(.RamFunc*)
                0x0000000020000074                . = ALIGN (0x4)
                0x0000000020000074                _edata = .

.igot.plt       0x0000000020000074        0x0 load address 0x00000000080063dc
 .igot.plt      0x0000000020000074        0x0 c:/st/stm32cubeide_1.8.0/stm32cubeide/plugins/com.st.stm32cube.ide.mcu.externaltools.gnu-tools-for-stm32.9-2020-q2-update.win32_2.0.0.202105311346/tools/bin/../lib/gcc/arm-none-eabi/9.3.1/thumb/v7e-m+fp/hard/crtbegin.o
                0x0000000020000074                . = ALIGN (0x4)

.bss            0x0000000020000074     0x4f88 load address 0x00000000080063dc
                0x0000000020000074                _sbss = .
                0x0000000020000074                __bss_start__ = _sbss
 *(.bss)
 .bss           0x0000000020000074       0x1c c:/st/stm32cubeide_1.8.0/stm32cubeide/plugins/com.st.stm32cube.ide.mcu.externaltools.gnu-tools-for-stm32.9-2020-q2-update.win32_2.0.0.202105311346/tools/bin/../lib/gcc/arm-none-eabi/9.3.1/thumb/v7e-m+fp/hard/crtbegin.o
 *(.bss*)
 .bss.KernelState
                0x0000000020000090        0x4 ./Middlewares/Third_Party/FreeRTOS/Source/CMSIS_RTOS_V2/cmsis_os2.o
 .bss.Idle_TCB.10372
                0x0000000020000094       0xbc ./Middlewares/Third_Party/FreeRTOS/Source/CMSIS_RTOS_V2/cmsis_os2.o
 .bss.Idle_Stack.10373
                0x0000000020000150      0x200 ./Middlewares/Third_Party/FreeRTOS/Source/CMSIS_RTOS_V2/cmsis_os2.o
 .bss.Timer_TCB.10379
                0x0000000020000350       0xbc ./Middlewares/Third_Party/FreeRTOS/Source/CMSIS_RTOS_V2/cmsis_os2.o
 .bss.Timer_Stack.10380
                0x000000002000040c      0x400 ./Middlewares/Third_Party/FreeRTOS/Source/CMSIS_RTOS_V2/cmsis_os2.o
 .bss.pxCurrentTCB
                0x000000002000080c        0x4 ./Middlewares/Third_Party/FreeRTOS/Source/tasks.o
                0x000000002000080c                pxCurrentTCB
 .bss.pxReadyTasksLists
                0x0000000020000810      0x460 ./Middlewares/Third_Party/FreeRTOS/Source/tasks.o
 .bss.xDelayedTaskList1
                0x0000000020000c70       0x14 ./Middlewares/Third_Party/FreeRTOS/Source/tasks.o
 .bss.xDelayedTaskList2
                0x0000000020000c84       0x14 ./Middlewares/Third_Party/FreeRTOS/Source/tasks.o
 .bss.pxDelayedTaskList
                0x0000000020000c98        0x4 ./Middlewares/Third_Party/FreeRTOS/Source/tasks.o
 .bss.pxOverflowDelayedTaskList
                0x0000000020000c9c        0x4 ./Middlewares/Third_Party/FreeRTOS/Source/tasks.o
 .bss.xPendingReadyList
                0x0000000020000ca0       0x14 ./Middlewares/Third_Party/FreeRTOS/Source/tasks.o
 .bss.xTasksWaitingTermination
                0x0000000020000cb4       0x14 ./Middlewares/Third_Party/FreeRTOS/Source/tasks.o
 .bss.uxDeletedTasksWaitingCleanUp
                0x0000000020000cc8        0x4 ./Middlewares/Third_Party/FreeRTOS/Source/tasks.o
 .bss.xSuspendedTaskList
                0x0000000020000ccc       0x14 ./Middlewares/Third_Party/FreeRTOS/Source/tasks.o
 .bss.uxCurrentNumberOfTasks
                0x0000000020000ce0        0x4 ./Middlewares/Third_Party/FreeRTOS/Source/tasks.o
 .bss.xTickCount
                0x0000000020000ce4        0x4 ./Middlewares/Third_Party/FreeRTOS/Source/tasks.o
 .bss.uxTopReadyPriority
                0x0000000020000ce8        0x4 ./Middlewares/Third_Party/FreeRTOS/Source/tasks.o
 .bss.xSchedulerRunning
                0x0000000020000cec        0x4 ./Middlewares/Third_Party/FreeRTOS/Source/tasks.o
 .bss.xPendedTicks
                0x0000000020000cf0        0x4 ./Middlewares/Third_Party/FreeRTOS/Source/tasks.o
 .bss.xYieldPending
                0x0000000020000cf4        0x4 ./Middlewares/Third_Party/FreeRTOS/Source/tasks.o
 .bss.xNumOfOverflows
                0x0000000020000cf8        0x4 ./Middlewares/Third_Party/FreeRTOS/Source/tasks.o
 .bss.uxTaskNumber
                0x0000000020000cfc        0x4 ./Middlewares/Third_Party/FreeRTOS/Source/tasks.o
 .bss.xNextTaskUnblockTime
                0x0000000020000d00        0x4 ./Middlewares/Third_Party/FreeRTOS/Source/tasks.o
 .bss.xIdleTaskHandle
                0x0000000020000d04        0x4 ./Middlewares/Third_Party/FreeRTOS/Source/tasks.o
 .bss.uxSchedulerSuspended
                0x0000000020000d08        0x4 ./Middlewares/Third_Party/FreeRTOS/Source/tasks.o
 .bss.xActiveTimerList1
                0x0000000020000d0c       0x14 ./Middlewares/Third_Party/FreeRTOS/Source/timers.o
 .bss.xActiveTimerList2
                0x0000000020000d20       0x14 ./Middlewares/Third_Party/FreeRTOS/Source/timers.o
 .bss.pxCurrentTimerList
                0x0000000020000d34        0x4 ./Middlewares/Third_Party/FreeRTOS/Source/timers.o
 .bss.pxOverflowTimerList
                0x0000000020000d38        0x4 ./Middlewares/Third_Party/FreeRTOS/Source/timers.o
 .bss.xTimerQueue
                0x0000000020000d3c        0x4 ./Middlewares/Third_Party/FreeRTOS/Source/timers.o
 .bss.xTimerTaskHandle
                0x0000000020000d40        0x4 ./Middlewares/Third_Party/FreeRTOS/Source/timers.o
 .bss.xLastTime.7010
                0x0000000020000d44        0x4 ./Middlewares/Third_Party/FreeRTOS/Source/timers.o
 .bss.ucStaticTimerQueueStorage.7061
                0x0000000020000d48       0xa0 ./Middlewares/Third_Party/FreeRTOS/Source/timers.o
 .bss.xStaticTimerQueue.7060
                0x0000000020000de8       0x50 ./Middlewares/Third_Party/FreeRTOS/Source/timers.o
 .bss.ucMaxSysCallPriority
                0x0000000020000e38        0x1 ./Middlewares/Third_Party/FreeRTOS/Source/portable/GCC/ARM_CM4F/port.o
 *fill*         0x0000000020000e39        0x3 
 .bss.ulMaxPRIGROUPValue
                0x0000000020000e3c        0x4 ./Middlewares/Third_Party/FreeRTOS/Source/portable/GCC/ARM_CM4F/port.o
 .bss.ucHeap    0x0000000020000e40     0x3c00 ./Middlewares/Third_Party/FreeRTOS/Source/portable/MemMang/heap_4.o
 .bss.xStart    0x0000000020004a40        0x8 ./Middlewares/Third_Party/FreeRTOS/Source/portable/MemMang/heap_4.o
 .bss.pxEnd     0x0000000020004a48        0x4 ./Middlewares/Third_Party/FreeRTOS/Source/portable/MemMang/heap_4.o
 .bss.xFreeBytesRemaining
                0x0000000020004a4c        0x4 ./Middlewares/Third_Party/FreeRTOS/Source/portable/MemMang/heap_4.o
 .bss.xMinimumEverFreeBytesRemaining
                0x0000000020004a50        0x4 ./Middlewares/Third_Party/FreeRTOS/Source/portable/MemMang/heap_4.o
 .bss.xNumberOfSuccessfulAllocations
                0x0000000020004a54        0x4 ./Middlewares/Third_Party/FreeRTOS/Source/portable/MemMang/heap_4.o
 .bss.xNumberOfSuccessfulFrees
                0x0000000020004a58        0x4 ./Middlewares/Third_Party/FreeRTOS/Source/portable/MemMang/heap_4.o
 .bss.xBlockAllocatedBit
                0x0000000020004a5c        0x4 ./Middlewares/Third_Party/FreeRTOS/Source/portable/MemMang/heap_4.o
 .bss.__malloc_free_list
                0x0000000020004a60        0x4 c:/st/stm32cubeide_1.8.0/stm32cubeide/plugins/com.st.stm32cube.ide.mcu.externaltools.gnu-tools-for-stm32.9-2020-q2-update.win32_2.0.0.202105311346/tools/bin/../lib/gcc/arm-none-eabi/9.3.1/../../../../arm-none-eabi/lib/thumb/v7e-m+fp/hard\libc_nano.a(lib_a-nano-mallocr.o)
                0x0000000020004a60                __malloc_free_list
 *(COMMON)
 COMMON         0x0000000020004a64      0x40c ./Core/Src/glcd.o
                0x0000000020004a64                glcd_bbox
                0x0000000020004a68                glcd_buffer
                0x0000000020004e68                glcd_buffer_selected
                0x0000000020004e6c                glcd_bbox_selected
 COMMON         0x0000000020004e70       0xe8 ./Core/Src/main.o
                0x0000000020004e70                defaultTaskHandle
                0x0000000020004e74                hspi3
                0x0000000020004ecc                huart2
                0x0000000020004f10                htim7
 COMMON         0x0000000020004f58       0x48 ./Core/Src/stm32f4xx_hal_timebase_tim.o
                0x0000000020004f58                htim6
 COMMON         0x0000000020004fa0        0xc ./Core/Src/text.o
                0x0000000020004fa0                font_current
 COMMON         0x0000000020004fac        0x4 ./Drivers/STM32F4xx_HAL_Driver/Src/stm32f4xx_hal.o
                0x0000000020004fac                uwTick
 COMMON         0x0000000020004fb0       0x40 ./Middlewares/Third_Party/FreeRTOS/Source/queue.o
                0x0000000020004fb0                xQueueRegistry
 COMMON         0x0000000020004ff0        0x9 c:/st/stm32cubeide_1.8.0/stm32cubeide/plugins/com.st.stm32cube.ide.mcu.externaltools.gnu-tools-for-stm32.9-2020-q2-update.win32_2.0.0.202105311346/tools/bin/../lib/gcc/arm-none-eabi/9.3.1/../../../../arm-none-eabi/lib/thumb/v7e-m+fp/hard\libc_nano.a(lib_a-lock.o)
                0x0000000020004ff0                __lock___atexit_recursive_mutex
                0x0000000020004ff1                __lock___arc4random_mutex
                0x0000000020004ff2                __lock___env_recursive_mutex
                0x0000000020004ff3                __lock___sinit_recursive_mutex
                0x0000000020004ff4                __lock___malloc_recursive_mutex
                0x0000000020004ff5                __lock___at_quick_exit_mutex
                0x0000000020004ff6                __lock___dd_hash_mutex
                0x0000000020004ff7                __lock___tz_mutex
                0x0000000020004ff8                __lock___sfp_recursive_mutex
                0x0000000020004ffc                . = ALIGN (0x4)
 *fill*         0x0000000020004ff9        0x3 
                0x0000000020004ffc                _ebss = .
                0x0000000020004ffc                __bss_end__ = _ebss

._user_heap_stack
                0x0000000020004ffc      0x604 load address 0x00000000080063dc
                0x0000000020005000                . = ALIGN (0x8)
 *fill*         0x0000000020004ffc        0x4 
                [!provide]                        PROVIDE (end = .)
                0x0000000020005000                PROVIDE (_end = .)
                0x0000000020005200                . = (. + _Min_Heap_Size)
 *fill*         0x0000000020005000      0x200 
                0x0000000020005600                . = (. + _Min_Stack_Size)
 *fill*         0x0000000020005200      0x400 
                0x0000000020005600                . = ALIGN (0x8)

/DISCARD/
 libc.a(*)
 libm.a(*)
 libgcc.a(*)

.ARM.attributes
                0x0000000000000000       0x30
 *(.ARM.attributes)
 .ARM.attributes
                0x0000000000000000       0x1e c:/st/stm32cubeide_1.8.0/stm32cubeide/plugins/com.st.stm32cube.ide.mcu.externaltools.gnu-tools-for-stm32.9-2020-q2-update.win32_2.0.0.202105311346/tools/bin/../lib/gcc/arm-none-eabi/9.3.1/thumb/v7e-m+fp/hard/crti.o
 .ARM.attributes
                0x000000000000001e       0x34 c:/st/stm32cubeide_1.8.0/stm32cubeide/plugins/com.st.stm32cube.ide.mcu.externaltools.gnu-tools-for-stm32.9-2020-q2-update.win32_2.0.0.202105311346/tools/bin/../lib/gcc/arm-none-eabi/9.3.1/thumb/v7e-m+fp/hard/crtbegin.o
 .ARM.attributes
                0x0000000000000052       0x34 ./Core/Inc/controllers/ST7565R.o
 .ARM.attributes
                0x0000000000000086       0x34 ./Core/Inc/devices/STM32F4.o
 .ARM.attributes
                0x00000000000000ba       0x34 ./Core/Src/glcd.o
 .ARM.attributes
                0x00000000000000ee       0x34 ./Core/Src/graphics.o
 .ARM.attributes
                0x0000000000000122       0x34 ./Core/Src/main.o
 .ARM.attributes
                0x0000000000000156       0x34 ./Core/Src/stm32f4xx_hal_msp.o
 .ARM.attributes
                0x000000000000018a       0x34 ./Core/Src/stm32f4xx_hal_timebase_tim.o
 .ARM.attributes
                0x00000000000001be       0x34 ./Core/Src/stm32f4xx_it.o
 .ARM.attributes
                0x00000000000001f2       0x34 ./Core/Src/system_stm32f4xx.o
 .ARM.attributes
                0x0000000000000226       0x34 ./Core/Src/text.o
 .ARM.attributes
                0x000000000000025a       0x34 ./Core/Src/text_tiny.o
 .ARM.attributes
                0x000000000000028e       0x21 ./Core/Startup/startup_stm32f446retx.o
 .ARM.attributes
                0x00000000000002af       0x34 ./Drivers/STM32F4xx_HAL_Driver/Src/stm32f4xx_hal.o
 .ARM.attributes
                0x00000000000002e3       0x34 ./Drivers/STM32F4xx_HAL_Driver/Src/stm32f4xx_hal_cortex.o
 .ARM.attributes
                0x0000000000000317       0x34 ./Drivers/STM32F4xx_HAL_Driver/Src/stm32f4xx_hal_gpio.o
 .ARM.attributes
                0x000000000000034b       0x34 ./Drivers/STM32F4xx_HAL_Driver/Src/stm32f4xx_hal_rcc.o
 .ARM.attributes
                0x000000000000037f       0x34 ./Drivers/STM32F4xx_HAL_Driver/Src/stm32f4xx_hal_rcc_ex.o
 .ARM.attributes
                0x00000000000003b3       0x34 ./Drivers/STM32F4xx_HAL_Driver/Src/stm32f4xx_hal_spi.o
 .ARM.attributes
                0x00000000000003e7       0x34 ./Drivers/STM32F4xx_HAL_Driver/Src/stm32f4xx_hal_tim.o
 .ARM.attributes
                0x000000000000041b       0x34 ./Drivers/STM32F4xx_HAL_Driver/Src/stm32f4xx_hal_tim_ex.o
 .ARM.attributes
                0x000000000000044f       0x34 ./Drivers/STM32F4xx_HAL_Driver/Src/stm32f4xx_hal_uart.o
 .ARM.attributes
                0x0000000000000483       0x34 ./Middlewares/Third_Party/FreeRTOS/Source/CMSIS_RTOS_V2/cmsis_os2.o
 .ARM.attributes
                0x00000000000004b7       0x34 ./Middlewares/Third_Party/FreeRTOS/Source/list.o
 .ARM.attributes
                0x00000000000004eb       0x34 ./Middlewares/Third_Party/FreeRTOS/Source/queue.o
 .ARM.attributes
                0x000000000000051f       0x34 ./Middlewares/Third_Party/FreeRTOS/Source/tasks.o
 .ARM.attributes
                0x0000000000000553       0x34 ./Middlewares/Third_Party/FreeRTOS/Source/timers.o
 .ARM.attributes
                0x0000000000000587       0x34 ./Middlewares/Third_Party/FreeRTOS/Source/portable/GCC/ARM_CM4F/port.o
 .ARM.attributes
                0x00000000000005bb       0x34 ./Middlewares/Third_Party/FreeRTOS/Source/portable/MemMang/heap_4.o
 .ARM.attributes
                0x00000000000005ef       0x34 c:/st/stm32cubeide_1.8.0/stm32cubeide/plugins/com.st.stm32cube.ide.mcu.externaltools.gnu-tools-for-stm32.9-2020-q2-update.win32_2.0.0.202105311346/tools/bin/../lib/gcc/arm-none-eabi/9.3.1/../../../../arm-none-eabi/lib/thumb/v7e-m+fp/hard\libc_nano.a(lib_a-findfp.o)
 .ARM.attributes
                0x0000000000000623       0x32 c:/st/stm32cubeide_1.8.0/stm32cubeide/plugins/com.st.stm32cube.ide.mcu.externaltools.gnu-tools-for-stm32.9-2020-q2-update.win32_2.0.0.202105311346/tools/bin/../lib/gcc/arm-none-eabi/9.3.1/../../../../arm-none-eabi/lib/thumb/v7e-m+fp/hard\libc_nano.a(lib_a-impure.o)
 .ARM.attributes
                0x0000000000000655       0x34 c:/st/stm32cubeide_1.8.0/stm32cubeide/plugins/com.st.stm32cube.ide.mcu.externaltools.gnu-tools-for-stm32.9-2020-q2-update.win32_2.0.0.202105311346/tools/bin/../lib/gcc/arm-none-eabi/9.3.1/../../../../arm-none-eabi/lib/thumb/v7e-m+fp/hard\libc_nano.a(lib_a-init.o)
 .ARM.attributes
                0x0000000000000689       0x34 c:/st/stm32cubeide_1.8.0/stm32cubeide/plugins/com.st.stm32cube.ide.mcu.externaltools.gnu-tools-for-stm32.9-2020-q2-update.win32_2.0.0.202105311346/tools/bin/../lib/gcc/arm-none-eabi/9.3.1/../../../../arm-none-eabi/lib/thumb/v7e-m+fp/hard\libc_nano.a(lib_a-lock.o)
 .ARM.attributes
                0x00000000000006bd       0x34 c:/st/stm32cubeide_1.8.0/stm32cubeide/plugins/com.st.stm32cube.ide.mcu.externaltools.gnu-tools-for-stm32.9-2020-q2-update.win32_2.0.0.202105311346/tools/bin/../lib/gcc/arm-none-eabi/9.3.1/../../../../arm-none-eabi/lib/thumb/v7e-m+fp/hard\libc_nano.a(lib_a-memcpy-stub.o)
 .ARM.attributes
                0x00000000000006f1       0x34 c:/st/stm32cubeide_1.8.0/stm32cubeide/plugins/com.st.stm32cube.ide.mcu.externaltools.gnu-tools-for-stm32.9-2020-q2-update.win32_2.0.0.202105311346/tools/bin/../lib/gcc/arm-none-eabi/9.3.1/../../../../arm-none-eabi/lib/thumb/v7e-m+fp/hard\libc_nano.a(lib_a-memset.o)
 .ARM.attributes
                0x0000000000000725       0x34 c:/st/stm32cubeide_1.8.0/stm32cubeide/plugins/com.st.stm32cube.ide.mcu.externaltools.gnu-tools-for-stm32.9-2020-q2-update.win32_2.0.0.202105311346/tools/bin/../lib/gcc/arm-none-eabi/9.3.1/../../../../arm-none-eabi/lib/thumb/v7e-m+fp/hard\libc_nano.a(lib_a-nano-mallocr.o)
 .ARM.attributes
                0x0000000000000759       0x34 c:/st/stm32cubeide_1.8.0/stm32cubeide/plugins/com.st.stm32cube.ide.mcu.externaltools.gnu-tools-for-stm32.9-2020-q2-update.win32_2.0.0.202105311346/tools/bin/../lib/gcc/arm-none-eabi/9.3.1/../../../../arm-none-eabi/lib/thumb/v7e-m+fp/hard\libc_nano.a(lib_a-reent.o)
 .ARM.attributes
                0x000000000000078d       0x34 c:/st/stm32cubeide_1.8.0/stm32cubeide/plugins/com.st.stm32cube.ide.mcu.externaltools.gnu-tools-for-stm32.9-2020-q2-update.win32_2.0.0.202105311346/tools/bin/../lib/gcc/arm-none-eabi/9.3.1/../../../../arm-none-eabi/lib/thumb/v7e-m+fp/hard\libc_nano.a(lib_a-mlock.o)
 .ARM.attributes
                0x00000000000007c1       0x34 c:/st/stm32cubeide_1.8.0/stm32cubeide/plugins/com.st.stm32cube.ide.mcu.externaltools.gnu-tools-for-stm32.9-2020-q2-update.win32_2.0.0.202105311346/tools/bin/../lib/gcc/arm-none-eabi/9.3.1/../../../../arm-none-eabi/lib/thumb/v7e-m+fp/hard\libc_nano.a(lib_a-nano-freer.o)
 .ARM.attributes
                0x00000000000007f5       0x1e c:/st/stm32cubeide_1.8.0/stm32cubeide/plugins/com.st.stm32cube.ide.mcu.externaltools.gnu-tools-for-stm32.9-2020-q2-update.win32_2.0.0.202105311346/tools/bin/../lib/gcc/arm-none-eabi/9.3.1/thumb/v7e-m+fp/hard\libgcc.a(_aeabi_uldivmod.o)
 .ARM.attributes
                0x0000000000000813       0x34 c:/st/stm32cubeide_1.8.0/stm32cubeide/plugins/com.st.stm32cube.ide.mcu.externaltools.gnu-tools-for-stm32.9-2020-q2-update.win32_2.0.0.202105311346/tools/bin/../lib/gcc/arm-none-eabi/9.3.1/thumb/v7e-m+fp/hard\libgcc.a(_udivmoddi4.o)
 .ARM.attributes
                0x0000000000000847       0x1e c:/st/stm32cubeide_1.8.0/stm32cubeide/plugins/com.st.stm32cube.ide.mcu.externaltools.gnu-tools-for-stm32.9-2020-q2-update.win32_2.0.0.202105311346/tools/bin/../lib/gcc/arm-none-eabi/9.3.1/thumb/v7e-m+fp/hard\libgcc.a(_dvmd_tls.o)
 .ARM.attributes
                0x0000000000000865       0x1e c:/st/stm32cubeide_1.8.0/stm32cubeide/plugins/com.st.stm32cube.ide.mcu.externaltools.gnu-tools-for-stm32.9-2020-q2-update.win32_2.0.0.202105311346/tools/bin/../lib/gcc/arm-none-eabi/9.3.1/thumb/v7e-m+fp/hard/crtn.o
OUTPUT(nucleo-glcd-driver.elf elf32-littlearm)
LOAD linker stubs
LOAD c:/st/stm32cubeide_1.8.0/stm32cubeide/plugins/com.st.stm32cube.ide.mcu.externaltools.gnu-tools-for-stm32.9-2020-q2-update.win32_2.0.0.202105311346/tools/bin/../lib/gcc/arm-none-eabi/9.3.1/../../../../arm-none-eabi/lib/thumb/v7e-m+fp/hard\libc.a
LOAD c:/st/stm32cubeide_1.8.0/stm32cubeide/plugins/com.st.stm32cube.ide.mcu.externaltools.gnu-tools-for-stm32.9-2020-q2-update.win32_2.0.0.202105311346/tools/bin/../lib/gcc/arm-none-eabi/9.3.1/../../../../arm-none-eabi/lib/thumb/v7e-m+fp/hard\libm.a
LOAD c:/st/stm32cubeide_1.8.0/stm32cubeide/plugins/com.st.stm32cube.ide.mcu.externaltools.gnu-tools-for-stm32.9-2020-q2-update.win32_2.0.0.202105311346/tools/bin/../lib/gcc/arm-none-eabi/9.3.1/thumb/v7e-m+fp/hard\libgcc.a

.debug_info     0x0000000000000000    0x2393d
 .debug_info    0x0000000000000000      0xb06 ./Core/Inc/controllers/ST7565R.o
 .debug_info    0x0000000000000b06     0x121c ./Core/Inc/devices/STM32F4.o
 .debug_info    0x0000000000001d22     0x124f ./Core/Src/glcd.o
 .debug_info    0x0000000000002f71     0x1629 ./Core/Src/graphics.o
 .debug_info    0x000000000000459a     0x1f97 ./Core/Src/main.o
 .debug_info    0x0000000000006531     0x135b ./Core/Src/stm32f4xx_hal_msp.o
 .debug_info    0x000000000000788c      0xcc2 ./Core/Src/stm32f4xx_hal_timebase_tim.o
 .debug_info    0x000000000000854e      0x7cb ./Core/Src/stm32f4xx_it.o
 .debug_info    0x0000000000008d19      0x5dc ./Core/Src/system_stm32f4xx.o
 .debug_info    0x00000000000092f5      0xb9b ./Core/Src/text.o
 .debug_info    0x0000000000009e90      0xa3b ./Core/Src/text_tiny.o
 .debug_info    0x000000000000a8cb       0x22 ./Core/Startup/startup_stm32f446retx.o
 .debug_info    0x000000000000a8ed      0xa08 ./Drivers/STM32F4xx_HAL_Driver/Src/stm32f4xx_hal.o
 .debug_info    0x000000000000b2f5      0xef5 ./Drivers/STM32F4xx_HAL_Driver/Src/stm32f4xx_hal_cortex.o
 .debug_info    0x000000000000c1ea      0x892 ./Drivers/STM32F4xx_HAL_Driver/Src/stm32f4xx_hal_gpio.o
 .debug_info    0x000000000000ca7c      0x9db ./Drivers/STM32F4xx_HAL_Driver/Src/stm32f4xx_hal_rcc.o
 .debug_info    0x000000000000d457      0xa86 ./Drivers/STM32F4xx_HAL_Driver/Src/stm32f4xx_hal_rcc_ex.o
 .debug_info    0x000000000000dedd     0x17c0 ./Drivers/STM32F4xx_HAL_Driver/Src/stm32f4xx_hal_spi.o
 .debug_info    0x000000000000f69d     0x2c22 ./Drivers/STM32F4xx_HAL_Driver/Src/stm32f4xx_hal_tim.o
 .debug_info    0x00000000000122bf     0x15a2 ./Drivers/STM32F4xx_HAL_Driver/Src/stm32f4xx_hal_tim_ex.o
 .debug_info    0x0000000000013861     0x31de ./Drivers/STM32F4xx_HAL_Driver/Src/stm32f4xx_hal_uart.o
 .debug_info    0x0000000000016a3f     0x3dd3 ./Middlewares/Third_Party/FreeRTOS/Source/CMSIS_RTOS_V2/cmsis_os2.o
 .debug_info    0x000000000001a812      0xb82 ./Middlewares/Third_Party/FreeRTOS/Source/list.o
 .debug_info    0x000000000001b394     0x23b0 ./Middlewares/Third_Party/FreeRTOS/Source/queue.o
 .debug_info    0x000000000001d744     0x2ae2 ./Middlewares/Third_Party/FreeRTOS/Source/tasks.o
 .debug_info    0x0000000000020226     0x1c03 ./Middlewares/Third_Party/FreeRTOS/Source/timers.o
 .debug_info    0x0000000000021e29      0xd8a ./Middlewares/Third_Party/FreeRTOS/Source/portable/GCC/ARM_CM4F/port.o
 .debug_info    0x0000000000022bb3      0xd8a ./Middlewares/Third_Party/FreeRTOS/Source/portable/MemMang/heap_4.o

.debug_abbrev   0x0000000000000000     0x43bf
 .debug_abbrev  0x0000000000000000      0x1ed ./Core/Inc/controllers/ST7565R.o
 .debug_abbrev  0x00000000000001ed      0x243 ./Core/Inc/devices/STM32F4.o
 .debug_abbrev  0x0000000000000430      0x297 ./Core/Src/glcd.o
 .debug_abbrev  0x00000000000006c7      0x2b0 ./Core/Src/graphics.o
 .debug_abbrev  0x0000000000000977      0x330 ./Core/Src/main.o
 .debug_abbrev  0x0000000000000ca7      0x1e4 ./Core/Src/stm32f4xx_hal_msp.o
 .debug_abbrev  0x0000000000000e8b      0x1bf ./Core/Src/stm32f4xx_hal_timebase_tim.o
 .debug_abbrev  0x000000000000104a      0x176 ./Core/Src/stm32f4xx_it.o
 .debug_abbrev  0x00000000000011c0      0x145 ./Core/Src/system_stm32f4xx.o
 .debug_abbrev  0x0000000000001305      0x263 ./Core/Src/text.o
 .debug_abbrev  0x0000000000001568      0x1ca ./Core/Src/text_tiny.o
 .debug_abbrev  0x0000000000001732       0x12 ./Core/Startup/startup_stm32f446retx.o
 .debug_abbrev  0x0000000000001744      0x1ed ./Drivers/STM32F4xx_HAL_Driver/Src/stm32f4xx_hal.o
 .debug_abbrev  0x0000000000001931      0x33c ./Drivers/STM32F4xx_HAL_Driver/Src/stm32f4xx_hal_cortex.o
 .debug_abbrev  0x0000000000001c6d      0x1f1 ./Drivers/STM32F4xx_HAL_Driver/Src/stm32f4xx_hal_gpio.o
 .debug_abbrev  0x0000000000001e5e      0x275 ./Drivers/STM32F4xx_HAL_Driver/Src/stm32f4xx_hal_rcc.o
 .debug_abbrev  0x00000000000020d3      0x1e2 ./Drivers/STM32F4xx_HAL_Driver/Src/stm32f4xx_hal_rcc_ex.o
 .debug_abbrev  0x00000000000022b5      0x26e ./Drivers/STM32F4xx_HAL_Driver/Src/stm32f4xx_hal_spi.o
 .debug_abbrev  0x0000000000002523      0x25e ./Drivers/STM32F4xx_HAL_Driver/Src/stm32f4xx_hal_tim.o
 .debug_abbrev  0x0000000000002781      0x266 ./Drivers/STM32F4xx_HAL_Driver/Src/stm32f4xx_hal_tim_ex.o
 .debug_abbrev  0x00000000000029e7      0x2eb ./Drivers/STM32F4xx_HAL_Driver/Src/stm32f4xx_hal_uart.o
 .debug_abbrev  0x0000000000002cd2      0x4bd ./Middlewares/Third_Party/FreeRTOS/Source/CMSIS_RTOS_V2/cmsis_os2.o
 .debug_abbrev  0x000000000000318f      0x1f7 ./Middlewares/Third_Party/FreeRTOS/Source/list.o
 .debug_abbrev  0x0000000000003386      0x380 ./Middlewares/Third_Party/FreeRTOS/Source/queue.o
 .debug_abbrev  0x0000000000003706      0x39a ./Middlewares/Third_Party/FreeRTOS/Source/tasks.o
 .debug_abbrev  0x0000000000003aa0      0x317 ./Middlewares/Third_Party/FreeRTOS/Source/timers.o
 .debug_abbrev  0x0000000000003db7      0x335 ./Middlewares/Third_Party/FreeRTOS/Source/portable/GCC/ARM_CM4F/port.o
 .debug_abbrev  0x00000000000040ec      0x2d3 ./Middlewares/Third_Party/FreeRTOS/Source/portable/MemMang/heap_4.o

.debug_aranges  0x0000000000000000     0x1848
 .debug_aranges
                0x0000000000000000       0x98 ./Core/Inc/controllers/ST7565R.o
 .debug_aranges
                0x0000000000000098       0x40 ./Core/Inc/devices/STM32F4.o
 .debug_aranges
                0x00000000000000d8       0x60 ./Core/Src/glcd.o
 .debug_aranges
                0x0000000000000138       0x78 ./Core/Src/graphics.o
 .debug_aranges
                0x00000000000001b0       0x60 ./Core/Src/main.o
 .debug_aranges
                0x0000000000000210       0x50 ./Core/Src/stm32f4xx_hal_msp.o
 .debug_aranges
                0x0000000000000260       0x30 ./Core/Src/stm32f4xx_hal_timebase_tim.o
 .debug_aranges
                0x0000000000000290       0x50 ./Core/Src/stm32f4xx_it.o
 .debug_aranges
                0x00000000000002e0       0x28 ./Core/Src/system_stm32f4xx.o
 .debug_aranges
                0x0000000000000308       0x40 ./Core/Src/text.o
 .debug_aranges
                0x0000000000000348       0x58 ./Core/Src/text_tiny.o
 .debug_aranges
                0x00000000000003a0       0x28 ./Core/Startup/startup_stm32f446retx.o
 .debug_aranges
                0x00000000000003c8       0xf0 ./Drivers/STM32F4xx_HAL_Driver/Src/stm32f4xx_hal.o
 .debug_aranges
                0x00000000000004b8      0x118 ./Drivers/STM32F4xx_HAL_Driver/Src/stm32f4xx_hal_cortex.o
 .debug_aranges
                0x00000000000005d0       0x58 ./Drivers/STM32F4xx_HAL_Driver/Src/stm32f4xx_hal_gpio.o
 .debug_aranges
                0x0000000000000628       0x88 ./Drivers/STM32F4xx_HAL_Driver/Src/stm32f4xx_hal_rcc.o
 .debug_aranges
                0x00000000000006b0       0x78 ./Drivers/STM32F4xx_HAL_Driver/Src/stm32f4xx_hal_rcc_ex.o
 .debug_aranges
                0x0000000000000728      0x1d0 ./Drivers/STM32F4xx_HAL_Driver/Src/stm32f4xx_hal_spi.o
 .debug_aranges
                0x00000000000008f8      0x3d0 ./Drivers/STM32F4xx_HAL_Driver/Src/stm32f4xx_hal_tim.o
 .debug_aranges
                0x0000000000000cc8      0x168 ./Drivers/STM32F4xx_HAL_Driver/Src/stm32f4xx_hal_tim_ex.o
 .debug_aranges
                0x0000000000000e30      0x200 ./Drivers/STM32F4xx_HAL_Driver/Src/stm32f4xx_hal_uart.o
 .debug_aranges
                0x0000000000001030      0x2b0 ./Middlewares/Third_Party/FreeRTOS/Source/CMSIS_RTOS_V2/cmsis_os2.o
 .debug_aranges
                0x00000000000012e0       0x40 ./Middlewares/Third_Party/FreeRTOS/Source/list.o
 .debug_aranges
                0x0000000000001320      0x158 ./Middlewares/Third_Party/FreeRTOS/Source/queue.o
 .debug_aranges
                0x0000000000001478      0x208 ./Middlewares/Third_Party/FreeRTOS/Source/tasks.o
 .debug_aranges
                0x0000000000001680       0xf0 ./Middlewares/Third_Party/FreeRTOS/Source/timers.o
 .debug_aranges
                0x0000000000001770       0x80 ./Middlewares/Third_Party/FreeRTOS/Source/portable/GCC/ARM_CM4F/port.o
 .debug_aranges
                0x00000000000017f0       0x58 ./Middlewares/Third_Party/FreeRTOS/Source/portable/MemMang/heap_4.o

.debug_ranges   0x0000000000000000     0x1720
 .debug_ranges  0x0000000000000000       0xa0 ./Core/Inc/controllers/ST7565R.o
 .debug_ranges  0x00000000000000a0       0x30 ./Core/Inc/devices/STM32F4.o
 .debug_ranges  0x00000000000000d0       0x50 ./Core/Src/glcd.o
 .debug_ranges  0x0000000000000120       0x68 ./Core/Src/graphics.o
 .debug_ranges  0x0000000000000188       0x50 ./Core/Src/main.o
 .debug_ranges  0x00000000000001d8       0x40 ./Core/Src/stm32f4xx_hal_msp.o
 .debug_ranges  0x0000000000000218       0x20 ./Core/Src/stm32f4xx_hal_timebase_tim.o
 .debug_ranges  0x0000000000000238       0x40 ./Core/Src/stm32f4xx_it.o
 .debug_ranges  0x0000000000000278       0x18 ./Core/Src/system_stm32f4xx.o
 .debug_ranges  0x0000000000000290       0x60 ./Core/Src/text.o
 .debug_ranges  0x00000000000002f0       0x60 ./Core/Src/text_tiny.o
 .debug_ranges  0x0000000000000350       0x20 ./Core/Startup/startup_stm32f446retx.o
 .debug_ranges  0x0000000000000370       0xe0 ./Drivers/STM32F4xx_HAL_Driver/Src/stm32f4xx_hal.o
 .debug_ranges  0x0000000000000450      0x108 ./Drivers/STM32F4xx_HAL_Driver/Src/stm32f4xx_hal_cortex.o
 .debug_ranges  0x0000000000000558       0x48 ./Drivers/STM32F4xx_HAL_Driver/Src/stm32f4xx_hal_gpio.o
 .debug_ranges  0x00000000000005a0       0x78 ./Drivers/STM32F4xx_HAL_Driver/Src/stm32f4xx_hal_rcc.o
 .debug_ranges  0x0000000000000618       0x68 ./Drivers/STM32F4xx_HAL_Driver/Src/stm32f4xx_hal_rcc_ex.o
 .debug_ranges  0x0000000000000680      0x1c0 ./Drivers/STM32F4xx_HAL_Driver/Src/stm32f4xx_hal_spi.o
 .debug_ranges  0x0000000000000840      0x3c0 ./Drivers/STM32F4xx_HAL_Driver/Src/stm32f4xx_hal_tim.o
 .debug_ranges  0x0000000000000c00      0x158 ./Drivers/STM32F4xx_HAL_Driver/Src/stm32f4xx_hal_tim_ex.o
 .debug_ranges  0x0000000000000d58      0x220 ./Drivers/STM32F4xx_HAL_Driver/Src/stm32f4xx_hal_uart.o
 .debug_ranges  0x0000000000000f78      0x2a0 ./Middlewares/Third_Party/FreeRTOS/Source/CMSIS_RTOS_V2/cmsis_os2.o
 .debug_ranges  0x0000000000001218       0x30 ./Middlewares/Third_Party/FreeRTOS/Source/list.o
 .debug_ranges  0x0000000000001248      0x148 ./Middlewares/Third_Party/FreeRTOS/Source/queue.o
 .debug_ranges  0x0000000000001390      0x1f8 ./Middlewares/Third_Party/FreeRTOS/Source/tasks.o
 .debug_ranges  0x0000000000001588       0xe0 ./Middlewares/Third_Party/FreeRTOS/Source/timers.o
 .debug_ranges  0x0000000000001668       0x70 ./Middlewares/Third_Party/FreeRTOS/Source/portable/GCC/ARM_CM4F/port.o
 .debug_ranges  0x00000000000016d8       0x48 ./Middlewares/Third_Party/FreeRTOS/Source/portable/MemMang/heap_4.o

.debug_macro    0x0000000000000000    0x24f61
 .debug_macro   0x0000000000000000      0x250 ./Core/Inc/controllers/ST7565R.o
 .debug_macro   0x0000000000000250       0x2e ./Core/Inc/controllers/ST7565R.o
 .debug_macro   0x000000000000027e       0x28 ./Core/Inc/controllers/ST7565R.o
 .debug_macro   0x00000000000002a6       0x22 ./Core/Inc/controllers/ST7565R.o
 .debug_macro   0x00000000000002c8       0x8e ./Core/Inc/controllers/ST7565R.o
 .debug_macro   0x0000000000000356       0x51 ./Core/Inc/controllers/ST7565R.o
 .debug_macro   0x00000000000003a7      0x103 ./Core/Inc/controllers/ST7565R.o
 .debug_macro   0x00000000000004aa       0x6a ./Core/Inc/controllers/ST7565R.o
 .debug_macro   0x0000000000000514      0x1df ./Core/Inc/controllers/ST7565R.o
 .debug_macro   0x00000000000006f3       0x1c ./Core/Inc/controllers/ST7565R.o
 .debug_macro   0x000000000000070f       0x22 ./Core/Inc/controllers/ST7565R.o
 .debug_macro   0x0000000000000731       0xdf ./Core/Inc/controllers/ST7565R.o
 .debug_macro   0x0000000000000810     0x102d ./Core/Inc/controllers/ST7565R.o
 .debug_macro   0x000000000000183d      0x11f ./Core/Inc/controllers/ST7565R.o
 .debug_macro   0x000000000000195c    0x16749 ./Core/Inc/controllers/ST7565R.o
 .debug_macro   0x00000000000180a5       0x6d ./Core/Inc/controllers/ST7565R.o
 .debug_macro   0x0000000000018112      0x2a1 ./Core/Inc/controllers/ST7565R.o
 .debug_macro   0x00000000000183b3     0x3666 ./Core/Inc/controllers/ST7565R.o
 .debug_macro   0x000000000001ba19      0x174 ./Core/Inc/controllers/ST7565R.o
 .debug_macro   0x000000000001bb8d       0x5c ./Core/Inc/controllers/ST7565R.o
 .debug_macro   0x000000000001bbe9      0xc90 ./Core/Inc/controllers/ST7565R.o
 .debug_macro   0x000000000001c879      0x9fe ./Core/Inc/controllers/ST7565R.o
 .debug_macro   0x000000000001d277      0x116 ./Core/Inc/controllers/ST7565R.o
 .debug_macro   0x000000000001d38d      0x1a0 ./Core/Inc/controllers/ST7565R.o
 .debug_macro   0x000000000001d52d       0xa5 ./Core/Inc/controllers/ST7565R.o
 .debug_macro   0x000000000001d5d2      0x16d ./Core/Inc/controllers/ST7565R.o
 .debug_macro   0x000000000001d73f      0x287 ./Core/Inc/controllers/ST7565R.o
 .debug_macro   0x000000000001d9c6       0x5f ./Core/Inc/controllers/ST7565R.o
 .debug_macro   0x000000000001da25      0x236 ./Core/Inc/controllers/ST7565R.o
 .debug_macro   0x000000000001dc5b      0x132 ./Core/Inc/controllers/ST7565R.o
 .debug_macro   0x000000000001dd8d      0x29c ./Core/Inc/controllers/ST7565R.o
 .debug_macro   0x000000000001e029       0x2e ./Core/Inc/controllers/ST7565R.o
 .debug_macro   0x000000000001e057      0x11a ./Core/Inc/controllers/ST7565R.o
 .debug_macro   0x000000000001e171       0xe8 ./Core/Inc/controllers/ST7565R.o
 .debug_macro   0x000000000001e259       0x89 ./Core/Inc/controllers/ST7565R.o
 .debug_macro   0x000000000001e2e2      0x225 ./Core/Inc/controllers/ST7565R.o
 .debug_macro   0x000000000001e507      0x8d1 ./Core/Inc/controllers/ST7565R.o
 .debug_macro   0x000000000001edd8       0x4d ./Core/Inc/controllers/ST7565R.o
 .debug_macro   0x000000000001ee25      0x295 ./Core/Inc/controllers/ST7565R.o
 .debug_macro   0x000000000001f0ba      0x126 ./Core/Inc/controllers/ST7565R.o
 .debug_macro   0x000000000001f1e0       0x7f ./Core/Inc/controllers/ST7565R.o
 .debug_macro   0x000000000001f25f       0x4c ./Core/Inc/controllers/ST7565R.o
 .debug_macro   0x000000000001f2ab       0x1e ./Core/Inc/controllers/ST7565R.o
 .debug_macro   0x000000000001f2c9       0x10 ./Core/Inc/controllers/ST7565R.o
 .debug_macro   0x000000000001f2d9       0x51 ./Core/Inc/controllers/ST7565R.o
 .debug_macro   0x000000000001f32a      0x387 ./Core/Inc/devices/STM32F4.o
 .debug_macro   0x000000000001f6b1       0x79 ./Core/Inc/devices/STM32F4.o
 .debug_macro   0x000000000001f72a      0x16f ./Core/Inc/devices/STM32F4.o
 .debug_macro   0x000000000001f899      0x15a ./Core/Inc/devices/STM32F4.o
 .debug_macro   0x000000000001f9f3       0xc9 ./Core/Inc/devices/STM32F4.o
 .debug_macro   0x000000000001fabc       0x1c ./Core/Inc/devices/STM32F4.o
 .debug_macro   0x000000000001fad8       0x26 ./Core/Inc/devices/STM32F4.o
 .debug_macro   0x000000000001fafe       0x52 ./Core/Inc/devices/STM32F4.o
 .debug_macro   0x000000000001fb50       0x18 ./Core/Inc/devices/STM32F4.o
 .debug_macro   0x000000000001fb68       0x3c ./Core/Inc/devices/STM32F4.o
 .debug_macro   0x000000000001fba4       0x34 ./Core/Inc/devices/STM32F4.o
 .debug_macro   0x000000000001fbd8       0x16 ./Core/Inc/devices/STM32F4.o
 .debug_macro   0x000000000001fbee       0x43 ./Core/Inc/devices/STM32F4.o
 .debug_macro   0x000000000001fc31       0x34 ./Core/Inc/devices/STM32F4.o
 .debug_macro   0x000000000001fc65       0x10 ./Core/Inc/devices/STM32F4.o
 .debug_macro   0x000000000001fc75       0x58 ./Core/Inc/devices/STM32F4.o
 .debug_macro   0x000000000001fccd       0x71 ./Core/Inc/devices/STM32F4.o
 .debug_macro   0x000000000001fd3e       0x1c ./Core/Inc/devices/STM32F4.o
 .debug_macro   0x000000000001fd5a      0x12a ./Core/Inc/devices/STM32F4.o
 .debug_macro   0x000000000001fe84       0x10 ./Core/Inc/devices/STM32F4.o
 .debug_macro   0x000000000001fe94       0x35 ./Core/Inc/devices/STM32F4.o
 .debug_macro   0x000000000001fec9      0x4bf ./Core/Inc/devices/STM32F4.o
 .debug_macro   0x0000000000020388       0xb5 ./Core/Inc/devices/STM32F4.o
 .debug_macro   0x000000000002043d       0xaa ./Core/Inc/devices/STM32F4.o
 .debug_macro   0x00000000000204e7       0x66 ./Core/Inc/devices/STM32F4.o
 .debug_macro   0x000000000002054d       0x74 ./Core/Inc/devices/STM32F4.o
 .debug_macro   0x00000000000205c1       0xdd ./Core/Inc/devices/STM32F4.o
 .debug_macro   0x000000000002069e      0x3d9 ./Core/Src/glcd.o
 .debug_macro   0x0000000000020a77       0x4c ./Core/Src/glcd.o
 .debug_macro   0x0000000000020ac3       0x94 ./Core/Src/glcd.o
 .debug_macro   0x0000000000020b57       0x57 ./Core/Src/glcd.o
 .debug_macro   0x0000000000020bae      0x339 ./Core/Src/glcd.o
 .debug_macro   0x0000000000020ee7       0x10 ./Core/Src/glcd.o
 .debug_macro   0x0000000000020ef7       0x20 ./Core/Src/glcd.o
 .debug_macro   0x0000000000020f17       0x1c ./Core/Src/glcd.o
 .debug_macro   0x0000000000020f33       0x10 ./Core/Src/glcd.o
 .debug_macro   0x0000000000020f43       0x10 ./Core/Src/glcd.o
 .debug_macro   0x0000000000020f53       0x1c ./Core/Src/glcd.o
 .debug_macro   0x0000000000020f6f       0x52 ./Core/Src/glcd.o
 .debug_macro   0x0000000000020fc1       0x22 ./Core/Src/glcd.o
 .debug_macro   0x0000000000020fe3       0x10 ./Core/Src/glcd.o
 .debug_macro   0x0000000000020ff3       0x40 ./Core/Src/glcd.o
 .debug_macro   0x0000000000021033       0xd5 ./Core/Src/glcd.o
 .debug_macro   0x0000000000021108       0x1c ./Core/Src/glcd.o
 .debug_macro   0x0000000000021124       0x3d ./Core/Src/glcd.o
 .debug_macro   0x0000000000021161       0x16 ./Core/Src/glcd.o
 .debug_macro   0x0000000000021177      0x145 ./Core/Src/glcd.o
 .debug_macro   0x00000000000212bc       0xd9 ./Core/Src/glcd.o
 .debug_macro   0x0000000000021395       0x56 ./Core/Src/glcd.o
 .debug_macro   0x00000000000213eb      0x40d ./Core/Src/graphics.o
 .debug_macro   0x00000000000217f8       0x16 ./Core/Src/graphics.o
 .debug_macro   0x000000000002180e       0x97 ./Core/Src/graphics.o
 .debug_macro   0x00000000000218a5       0xfd ./Core/Src/graphics.o
 .debug_macro   0x00000000000219a2       0x16 ./Core/Src/graphics.o
 .debug_macro   0x00000000000219b8       0x16 ./Core/Src/graphics.o
 .debug_macro   0x00000000000219ce       0x29 ./Core/Src/graphics.o
 .debug_macro   0x00000000000219f7       0x16 ./Core/Src/graphics.o
 .debug_macro   0x0000000000021a0d      0x3e4 ./Core/Src/main.o
 .debug_macro   0x0000000000021df1      0x1e7 ./Core/Src/stm32f4xx_hal_msp.o
 .debug_macro   0x0000000000021fd8      0x1d8 ./Core/Src/stm32f4xx_hal_timebase_tim.o
 .debug_macro   0x00000000000221b0      0x1f1 ./Core/Src/stm32f4xx_it.o
 .debug_macro   0x00000000000223a1      0x1d8 ./Core/Src/system_stm32f4xx.o
 .debug_macro   0x0000000000022579      0x250 ./Core/Src/text.o
 .debug_macro   0x00000000000227c9      0x250 ./Core/Src/text_tiny.o
 .debug_macro   0x0000000000022a19      0x238 ./Drivers/STM32F4xx_HAL_Driver/Src/stm32f4xx_hal.o
 .debug_macro   0x0000000000022c51      0x1d8 ./Drivers/STM32F4xx_HAL_Driver/Src/stm32f4xx_hal_cortex.o
 .debug_macro   0x0000000000022e29      0x1de ./Drivers/STM32F4xx_HAL_Driver/Src/stm32f4xx_hal_gpio.o
 .debug_macro   0x0000000000023007      0x1fc ./Drivers/STM32F4xx_HAL_Driver/Src/stm32f4xx_hal_rcc.o
 .debug_macro   0x0000000000023203      0x1d8 ./Drivers/STM32F4xx_HAL_Driver/Src/stm32f4xx_hal_rcc_ex.o
 .debug_macro   0x00000000000233db      0x1e7 ./Drivers/STM32F4xx_HAL_Driver/Src/stm32f4xx_hal_spi.o
 .debug_macro   0x00000000000235c2      0x1d9 ./Drivers/STM32F4xx_HAL_Driver/Src/stm32f4xx_hal_tim.o
 .debug_macro   0x000000000002379b      0x1d8 ./Drivers/STM32F4xx_HAL_Driver/Src/stm32f4xx_hal_tim_ex.o