lv_color.h:326:26:lv_color_mix	24	static
lv_color.h:389:26:lv_color_make	24	static
lv_color.h:422:26:lv_color_hex	16	static
lv_color.h:427:26:lv_color_hex3	16	static
lv_theme_material.c:48:13:basic_init	16	static
lv_theme_material.c:97:13:cont_init	4	static
lv_theme_material.c:105:13:btn_init	16	static
lv_theme_material.c:155:13:label_init	16	static
lv_theme_material.c:176:13:img_init	16	static
lv_theme_material.c:193:13:line_init	4	static
lv_theme_material.c:201:13:led_init	16	static
lv_theme_material.c:219:13:bar_init	16	static
lv_theme_material.c:247:13:slider_init	8	static
lv_theme_material.c:264:13:sw_init	16	static
lv_theme_material.c:293:13:lmeter_init	16	static
lv_theme_material.c:308:13:gauge_init	16	static
lv_theme_material.c:327:13:arc_init	16	static
lv_theme_material.c:348:13:preload_init	4	static
lv_theme_material.c:356:13:chart_init	4	static
lv_theme_material.c:363:13:calendar_init	4	static
lv_theme_material.c:404:13:cb_init	16	static
lv_theme_material.c:439:13:btnm_init	16	static
lv_theme_material.c:489:13:kb_init	8	static
lv_theme_material.c:506:13:mbox_init	16	static
lv_theme_material.c:526:13:page_init	4	static
lv_theme_material.c:536:13:ta_init	16	static
lv_theme_material.c:557:13:spinbox_init	4	static
lv_theme_material.c:566:13:list_init	16	static
lv_theme_material.c:623:13:ddlist_init	16	static
lv_theme_material.c:647:13:roller_init	16	static
lv_theme_material.c:669:13:tabview_init	16	static
lv_theme_material.c:739:13:tileview_init	4	static
lv_theme_material.c:748:13:table_init	8	static
lv_theme_material.c:765:13:win_init	16	static
lv_theme_material.c:806:13:style_mod	32	static
lv_theme_material.c:831:13:style_mod_edit	32	static
lv_theme_material.c:869:14:lv_theme_material_init	24	static
lv_theme_material.c:927:14:lv_theme_get_material	4	static
