stm32h7xx_hal_hrtim.c:521:19:HAL_HRTIM_Init	32	static
stm32h7xx_hal_hrtim.c:663:19:HAL_HRTIM_DeInit	16	static
stm32h7xx_hal_hrtim.c:699:13:HAL_HRTIM_MspInit	16	static
stm32h7xx_hal_hrtim.c:714:13:HAL_HRTIM_MspDeInit	16	static
stm32h7xx_hal_hrtim.c:744:19:HAL_HRTIM_TimeBaseConfig	24	static
stm32h7xx_hal_hrtim.c:815:19:HAL_HRTIM_SimpleBaseStart	16	static
stm32h7xx_hal_hrtim.c:850:19:HAL_HRTIM_SimpleBaseStop	16	static
stm32h7xx_hal_hrtim.c:886:19:HAL_HRTIM_SimpleBaseStart_IT	16	static
stm32h7xx_hal_hrtim.c:932:19:HAL_HRTIM_SimpleBaseStop_IT	16	static
stm32h7xx_hal_hrtim.c:981:19:HAL_HRTIM_SimpleBaseStart_DMA	32	static
stm32h7xx_hal_hrtim.c:1083:19:HAL_HRTIM_SimpleBaseStop_DMA	24	static
stm32h7xx_hal_hrtim.c:1205:19:HAL_HRTIM_SimpleOCChannelConfig	64	static
stm32h7xx_hal_hrtim.c:1379:19:HAL_HRTIM_SimpleOCStart	24	static
stm32h7xx_hal_hrtim.c:1429:19:HAL_HRTIM_SimpleOCStop	24	static
stm32h7xx_hal_hrtim.c:1484:19:HAL_HRTIM_SimpleOCStart_IT	32	static
stm32h7xx_hal_hrtim.c:1543:19:HAL_HRTIM_SimpleOCStop_IT	32	static
stm32h7xx_hal_hrtim.c:1610:19:HAL_HRTIM_SimpleOCStart_DMA	32	static
stm32h7xx_hal_hrtim.c:1717:19:HAL_HRTIM_SimpleOCStop_DMA	32	static
stm32h7xx_hal_hrtim.c:1825:19:HAL_HRTIM_SimplePWMChannelConfig	64	static
stm32h7xx_hal_hrtim.c:1943:19:HAL_HRTIM_SimplePWMStart	24	static
stm32h7xx_hal_hrtim.c:1993:19:HAL_HRTIM_SimplePWMStop	24	static
stm32h7xx_hal_hrtim.c:2044:19:HAL_HRTIM_SimplePWMStart_IT	24	static
stm32h7xx_hal_hrtim.c:2134:19:HAL_HRTIM_SimplePWMStop_IT	24	static
stm32h7xx_hal_hrtim.c:2228:19:HAL_HRTIM_SimplePWMStart_DMA	32	static
stm32h7xx_hal_hrtim.c:2367:19:HAL_HRTIM_SimplePWMStop_DMA	24	static
stm32h7xx_hal_hrtim.c:2491:19:HAL_HRTIM_SimpleCaptureChannelConfig	48	static
stm32h7xx_hal_hrtim.c:2562:19:HAL_HRTIM_SimpleCaptureStart	24	static
stm32h7xx_hal_hrtim.c:2633:19:HAL_HRTIM_SimpleCaptureStop	32	static
stm32h7xx_hal_hrtim.c:2715:19:HAL_HRTIM_SimpleCaptureStart_IT	24	static
stm32h7xx_hal_hrtim.c:2793:19:HAL_HRTIM_SimpleCaptureStop_IT	32	static
stm32h7xx_hal_hrtim.c:2886:19:HAL_HRTIM_SimpleCaptureStart_DMA	32	static
stm32h7xx_hal_hrtim.c:2999:19:HAL_HRTIM_SimpleCaptureStop_DMA	32	static
stm32h7xx_hal_hrtim.c:3146:19:HAL_HRTIM_SimpleOnePulseChannelConfig	80	static
stm32h7xx_hal_hrtim.c:3282:19:HAL_HRTIM_SimpleOnePulseStart	24	static
stm32h7xx_hal_hrtim.c:3332:19:HAL_HRTIM_SimpleOnePulseStop	24	static
stm32h7xx_hal_hrtim.c:3383:19:HAL_HRTIM_SimpleOnePulseStart_IT	24	static
stm32h7xx_hal_hrtim.c:3473:19:HAL_HRTIM_SimpleOnePulseStop_IT	24	static
stm32h7xx_hal_hrtim.c:3570:19:HAL_HRTIM_BurstModeConfig	24	static
stm32h7xx_hal_hrtim.c:3650:19:HAL_HRTIM_EventConfig	24	static
stm32h7xx_hal_hrtim.c:3695:19:HAL_HRTIM_EventPrescalerConfig	16	static
stm32h7xx_hal_hrtim.c:3737:19:HAL_HRTIM_FaultConfig	32	static
stm32h7xx_hal_hrtim.c:3862:19:HAL_HRTIM_FaultPrescalerConfig	16	static
stm32h7xx_hal_hrtim.c:3905:6:HAL_HRTIM_FaultModeCtl	24	static
stm32h7xx_hal_hrtim.c:3949:19:HAL_HRTIM_ADCTriggerConfig	32	static
stm32h7xx_hal_hrtim.c:4101:19:HAL_HRTIM_WaveformTimerConfig	24	static
stm32h7xx_hal_hrtim.c:4202:19:HAL_HRTIM_TimerEventFilteringConfig	24	static
stm32h7xx_hal_hrtim.c:4332:19:HAL_HRTIM_DeadTimeConfig	32	static
stm32h7xx_hal_hrtim.c:4397:19:HAL_HRTIM_ChopperModeConfig	32	static
stm32h7xx_hal_hrtim.c:4474:19:HAL_HRTIM_BurstDMAConfig	24	static
stm32h7xx_hal_hrtim.c:4581:19:HAL_HRTIM_WaveformCompareConfig	24	static
stm32h7xx_hal_hrtim.c:4782:19:HAL_HRTIM_WaveformCaptureConfig	24	static
stm32h7xx_hal_hrtim.c:4868:19:HAL_HRTIM_WaveformOutputConfig	24	static
stm32h7xx_hal_hrtim.c:4936:19:HAL_HRTIM_WaveformSetOutputLevel	24	static
stm32h7xx_hal_hrtim.c:5038:19:HAL_HRTIM_WaveformOutputStart	16	static
stm32h7xx_hal_hrtim.c:5078:19:HAL_HRTIM_WaveformOutputStop	16	static
stm32h7xx_hal_hrtim.c:5114:19:HAL_HRTIM_WaveformCountStart	16	static
stm32h7xx_hal_hrtim.c:5151:19:HAL_HRTIM_WaveformCountStop	16	static
stm32h7xx_hal_hrtim.c:5191:19:HAL_HRTIM_WaveformCountStart_IT	24	static
stm32h7xx_hal_hrtim.c:5253:19:HAL_HRTIM_WaveformCountStop_IT	24	static
stm32h7xx_hal_hrtim.c:5325:19:HAL_HRTIM_WaveformCountStart_DMA	32	static
stm32h7xx_hal_hrtim.c:5446:19:HAL_HRTIM_WaveformCountStop_DMA	24	static
stm32h7xx_hal_hrtim.c:5521:19:HAL_HRTIM_BurstModeCtl	16	static
stm32h7xx_hal_hrtim.c:5553:19:HAL_HRTIM_BurstModeSoftwareTrigger	16	static
stm32h7xx_hal_hrtim.c:5594:19:HAL_HRTIM_SoftwareCapture	24	static
stm32h7xx_hal_hrtim.c:5666:19:HAL_HRTIM_SoftwareUpdate	16	static
stm32h7xx_hal_hrtim.c:5708:19:HAL_HRTIM_SoftwareReset	16	static
stm32h7xx_hal_hrtim.c:5759:19:HAL_HRTIM_BurstDMATransfer	32	static
stm32h7xx_hal_hrtim.c:5843:19:HAL_HRTIM_UpdateEnable	16	static
stm32h7xx_hal_hrtim.c:5879:19:HAL_HRTIM_UpdateDisable	16	static
stm32h7xx_hal_hrtim.c:5931:24:HAL_HRTIM_GetState	16	static
stm32h7xx_hal_hrtim.c:5953:10:HAL_HRTIM_GetCapturedValue	32	static
stm32h7xx_hal_hrtim.c:6021:10:HAL_HRTIM_WaveformGetOutputLevel	32	static
stm32h7xx_hal_hrtim.c:6110:10:HAL_HRTIM_WaveformGetOutputState	32	static
stm32h7xx_hal_hrtim.c:6249:10:HAL_HRTIM_GetDelayedProtectionStatus	32	static
stm32h7xx_hal_hrtim.c:6323:10:HAL_HRTIM_GetBurstStatus	24	static
stm32h7xx_hal_hrtim.c:6346:10:HAL_HRTIM_GetCurrentPushPullStatus	24	static
stm32h7xx_hal_hrtim.c:6374:10:HAL_HRTIM_GetIdlePushPullStatus	24	static
stm32h7xx_hal_hrtim.c:6459:6:HAL_HRTIM_IRQHandler	16	static
stm32h7xx_hal_hrtim.c:6485:13:HAL_HRTIM_Fault1Callback	16	static
stm32h7xx_hal_hrtim.c:6500:13:HAL_HRTIM_Fault2Callback	16	static
stm32h7xx_hal_hrtim.c:6515:13:HAL_HRTIM_Fault3Callback	16	static
stm32h7xx_hal_hrtim.c:6530:13:HAL_HRTIM_Fault4Callback	16	static
stm32h7xx_hal_hrtim.c:6545:13:HAL_HRTIM_Fault5Callback	16	static
stm32h7xx_hal_hrtim.c:6560:13:HAL_HRTIM_SystemFaultCallback	16	static
stm32h7xx_hal_hrtim.c:6575:13:HAL_HRTIM_BurstModePeriodCallback	16	static
stm32h7xx_hal_hrtim.c:6590:13:HAL_HRTIM_SynchronizationEventCallback	16	static
stm32h7xx_hal_hrtim.c:6613:13:HAL_HRTIM_RegistersUpdateCallback	16	static
stm32h7xx_hal_hrtim.c:6638:13:HAL_HRTIM_RepetitionEventCallback	16	static
stm32h7xx_hal_hrtim.c:6664:13:HAL_HRTIM_Compare1EventCallback	16	static
stm32h7xx_hal_hrtim.c:6690:13:HAL_HRTIM_Compare2EventCallback	16	static
stm32h7xx_hal_hrtim.c:6716:13:HAL_HRTIM_Compare3EventCallback	16	static
stm32h7xx_hal_hrtim.c:6742:13:HAL_HRTIM_Compare4EventCallback	16	static
stm32h7xx_hal_hrtim.c:6766:13:HAL_HRTIM_Capture1EventCallback	16	static
stm32h7xx_hal_hrtim.c:6790:13:HAL_HRTIM_Capture2EventCallback	16	static
stm32h7xx_hal_hrtim.c:6815:13:HAL_HRTIM_DelayedProtectionCallback	16	static
stm32h7xx_hal_hrtim.c:6840:13:HAL_HRTIM_CounterResetCallback	16	static
stm32h7xx_hal_hrtim.c:6864:13:HAL_HRTIM_Output1SetCallback	16	static
stm32h7xx_hal_hrtim.c:6888:13:HAL_HRTIM_Output1ResetCallback	16	static
stm32h7xx_hal_hrtim.c:6912:13:HAL_HRTIM_Output2SetCallback	16	static
stm32h7xx_hal_hrtim.c:6936:13:HAL_HRTIM_Output2ResetCallback	16	static
stm32h7xx_hal_hrtim.c:6961:13:HAL_HRTIM_BurstDMATransferCallback	16	static
stm32h7xx_hal_hrtim.c:6978:13:HAL_HRTIM_ErrorCallback	16	static
stm32h7xx_hal_hrtim.c:7503:13:HRTIM_MasterBase_Config	24	static
stm32h7xx_hal_hrtim.c:7532:13:HRTIM_TimingUnitBase_Config	32	static
stm32h7xx_hal_hrtim.c:7561:13:HRTIM_MasterWaveform_Config	24	static
stm32h7xx_hal_hrtim.c:7615:14:HRTIM_TimingUnitWaveform_Config	48	static
stm32h7xx_hal_hrtim.c:7766:13:HRTIM_CaptureUnitConfig	32	static
stm32h7xx_hal_hrtim.c:7866:14:HRTIM_OutputConfig	40	static
stm32h7xx_hal_hrtim.c:7957:13:HRTIM_EventConfig	40	static
stm32h7xx_hal_hrtim.c:8133:13:HRTIM_TIM_ResetConfig	24	static
stm32h7xx_hal_hrtim.c:8223:17:HRTIM_GetITFromOCMode	40	static
stm32h7xx_hal_hrtim.c:8329:17:HRTIM_GetDMAFromOCMode	40	static
stm32h7xx_hal_hrtim.c:8416:28:HRTIM_GetDMAHandleFromTimerIdx	24	static
stm32h7xx_hal_hrtim.c:8466:17:GetTimerIdxFromDMAHandle	24	static
stm32h7xx_hal_hrtim.c:8509:13:HRTIM_ForceRegistersUpdate	16	static
stm32h7xx_hal_hrtim.c:8561:13:HRTIM_HRTIM_ISR	24	static
stm32h7xx_hal_hrtim.c:8668:13:HRTIM_Master_ISR	32	static
stm32h7xx_hal_hrtim.c:8816:13:HRTIM_Timer_ISR	24	static
stm32h7xx_hal_hrtim.c:9052:13:HRTIM_DMAMasterCplt	24	static
stm32h7xx_hal_hrtim.c:9123:13:HRTIM_DMATimerxCplt	24	static
stm32h7xx_hal_hrtim.c:9256:13:HRTIM_DMAError	24	static
stm32h7xx_hal_hrtim.c:9272:13:HRTIM_BurstDMACplt	24	static
